Archive member included to satisfy reference by file (symbol)

/home/frank/TrustSQLite/stm32mp1-openstlinux-5.10-dunfell-mp1-21-11-17/SDK/sysroots/cortexa7t2hf-neon-vfpv4-ostl-linux-gnueabi/usr/include/optee/export-user_ta/lib/libutils.a(memcpy.o)
                              ./frank_ta.o (memcpy)
/home/frank/TrustSQLite/stm32mp1-openstlinux-5.10-dunfell-mp1-21-11-17/SDK/sysroots/cortexa7t2hf-neon-vfpv4-ostl-linux-gnueabi/usr/include/optee/export-user_ta/lib/libutils.a(memset.o)
                              ./frank_ta.o (memset)
/home/frank/TrustSQLite/stm32mp1-openstlinux-5.10-dunfell-mp1-21-11-17/SDK/sysroots/cortexa7t2hf-neon-vfpv4-ostl-linux-gnueabi/usr/include/optee/export-user_ta/lib/libutils.a(strchr.o)
                              ./frank_ta.o (strchr)
/home/frank/TrustSQLite/stm32mp1-openstlinux-5.10-dunfell-mp1-21-11-17/SDK/sysroots/cortexa7t2hf-neon-vfpv4-ostl-linux-gnueabi/usr/include/optee/export-user_ta/lib/libutils.a(strcmp.o)
                              ./frank_ta.o (strcmp)
/home/frank/TrustSQLite/stm32mp1-openstlinux-5.10-dunfell-mp1-21-11-17/SDK/sysroots/cortexa7t2hf-neon-vfpv4-ostl-linux-gnueabi/usr/include/optee/export-user_ta/lib/libutils.a(strlen.o)
                              ./frank_ta.o (strlen)
/home/frank/TrustSQLite/stm32mp1-openstlinux-5.10-dunfell-mp1-21-11-17/SDK/sysroots/cortexa7t2hf-neon-vfpv4-ostl-linux-gnueabi/usr/include/optee/export-user_ta/lib/libutils.a(strncpy.o)
                              ./frank_ta.o (strncpy)
/home/frank/TrustSQLite/stm32mp1-openstlinux-5.10-dunfell-mp1-21-11-17/SDK/sysroots/cortexa7t2hf-neon-vfpv4-ostl-linux-gnueabi/usr/include/optee/export-user_ta/lib/libutils.a(strstr.o)
                              ./frank_ta.o (strstr)
/home/frank/TrustSQLite/stm32mp1-openstlinux-5.10-dunfell-mp1-21-11-17/SDK/sysroots/cortexa7t2hf-neon-vfpv4-ostl-linux-gnueabi/usr/include/optee/export-user_ta/lib/libutils.a(trace.o)
                              ./frank_ta.o (trace_printf)
/home/frank/TrustSQLite/stm32mp1-openstlinux-5.10-dunfell-mp1-21-11-17/SDK/sysroots/cortexa7t2hf-neon-vfpv4-ostl-linux-gnueabi/usr/include/optee/export-user_ta/lib/libutils.a(snprintk.o)
                              /home/frank/TrustSQLite/stm32mp1-openstlinux-5.10-dunfell-mp1-21-11-17/SDK/sysroots/cortexa7t2hf-neon-vfpv4-ostl-linux-gnueabi/usr/include/optee/export-user_ta/lib/libutils.a(trace.o) (vsnprintk)
/home/frank/TrustSQLite/stm32mp1-openstlinux-5.10-dunfell-mp1-21-11-17/SDK/sysroots/cortexa7t2hf-neon-vfpv4-ostl-linux-gnueabi/usr/include/optee/export-user_ta/lib/libutils.a(memchr.o)
                              /home/frank/TrustSQLite/stm32mp1-openstlinux-5.10-dunfell-mp1-21-11-17/SDK/sysroots/cortexa7t2hf-neon-vfpv4-ostl-linux-gnueabi/usr/include/optee/export-user_ta/lib/libutils.a(snprintk.o) (memchr)
/home/frank/TrustSQLite/stm32mp1-openstlinux-5.10-dunfell-mp1-21-11-17/SDK/sysroots/cortexa7t2hf-neon-vfpv4-ostl-linux-gnueabi/usr/include/optee/export-user_ta/lib/libutils.a(arm32_aeabi_ldivmod_a32.o)
                              /home/frank/TrustSQLite/stm32mp1-openstlinux-5.10-dunfell-mp1-21-11-17/SDK/sysroots/cortexa7t2hf-neon-vfpv4-ostl-linux-gnueabi/usr/include/optee/export-user_ta/lib/libutils.a(snprintk.o) (__aeabi_uldivmod)
/home/frank/TrustSQLite/stm32mp1-openstlinux-5.10-dunfell-mp1-21-11-17/SDK/sysroots/cortexa7t2hf-neon-vfpv4-ostl-linux-gnueabi/usr/include/optee/export-user_ta/lib/libutils.a(arm32_aeabi_ldivmod.o)
                              /home/frank/TrustSQLite/stm32mp1-openstlinux-5.10-dunfell-mp1-21-11-17/SDK/sysroots/cortexa7t2hf-neon-vfpv4-ostl-linux-gnueabi/usr/include/optee/export-user_ta/lib/libutils.a(arm32_aeabi_ldivmod_a32.o) (__ul_divmod)
/home/frank/TrustSQLite/stm32mp1-openstlinux-5.10-dunfell-mp1-21-11-17/SDK/sysroots/cortexa7t2hf-neon-vfpv4-ostl-linux-gnueabi/usr/include/optee/export-user_ta/lib/libutee.a(trace_ext.o)
                              /home/frank/TrustSQLite/stm32mp1-openstlinux-5.10-dunfell-mp1-21-11-17/SDK/sysroots/cortexa7t2hf-neon-vfpv4-ostl-linux-gnueabi/usr/include/optee/export-user_ta/lib/libutils.a(trace.o) (trace_ext_puts)
/home/frank/TrustSQLite/stm32mp1-openstlinux-5.10-dunfell-mp1-21-11-17/SDK/sysroots/cortexa7t2hf-neon-vfpv4-ostl-linux-gnueabi/usr/include/optee/export-user_ta/lib/libutee.a(tee_api.o)
                              ./frank_ta.o (TEE_GetREETime)
/home/frank/TrustSQLite/stm32mp1-openstlinux-5.10-dunfell-mp1-21-11-17/SDK/sysroots/cortexa7t2hf-neon-vfpv4-ostl-linux-gnueabi/usr/include/optee/export-user_ta/lib/libutee.a(tee_api_objects.o)
                              ./frank_ta.o (TEE_AllocateTransientObject)
/home/frank/TrustSQLite/stm32mp1-openstlinux-5.10-dunfell-mp1-21-11-17/SDK/sysroots/cortexa7t2hf-neon-vfpv4-ostl-linux-gnueabi/usr/include/optee/export-user_ta/lib/libutee.a(tee_api_operations.o)
                              ./frank_ta.o (TEE_FreeOperation)
[...]
Memory Configuration

Name             Origin             Length             Attributes
*default*        0x0000000000000000 0xffffffffffffffff

Linker script and memory map


.ta_head        0x0000000000000000       0x20
 *(SORT_BY_ALIGNMENT(.ta_head))
 .ta_head       0x0000000000000000       0x20 ./user_ta_header.o
                0x0000000000000000                ta_head

.text           0x0000000000000020     0x9b48
                0x0000000000000020                __text_start = .
 *(SORT_BY_ALIGNMENT(.text) SORT_BY_ALIGNMENT(.text.*))
 .text          0x0000000000000020     0x1044 ./frank_ta.o
                0x00000000000001e4                TA_CreateEntryPoint
                0x00000000000001e8                TA_DestroyEntryPoint
                0x00000000000001ea                TA_OpenSessionEntryPoint
                0x0000000000000230                TA_CloseSessionEntryPoint
                0x0000000000000270                base64_encode
                0x000000000000032c                base64_decode
                0x00000000000005f0                TA_InvokeCommandEntryPoint
 .text.__ta_entry
                0x0000000000001064        0x4 ./ta_entry_a32.o
                0x0000000000001064                __ta_entry
 .text          0x0000000000001068       0xb8 /home/frank/TrustSQLite/stm32mp1-openstlinux-5.10-dunfell-mp1-21-11-17/SDK/sysroots/cortexa7t2hf-neon-vfpv4-ostl-linux-gnueabi/usr/include/optee/export-user_ta/lib/libutils.a(memcpy.o)
                0x0000000000001068                memcpy
 .text          0x0000000000001120      0x188 /home/frank/TrustSQLite/stm32mp1-openstlinux-5.10-dunfell-mp1-21-11-17/SDK/sysroots/cortexa7t2hf-neon-vfpv4-ostl-linux-gnueabi/usr/include/optee/export-user_ta/lib/libutils.a(trace.o)
                0x0000000000001120                trace_set_level
                0x000000000000113c                trace_get_level
                0x0000000000001150                trace_vprintf
                0x000000000000128c                trace_printf
                0x00000000000012a4                dhex_dump
 .text          0x00000000000012a8      0x720 /home/frank/TrustSQLite/stm32mp1-openstlinux-5.10-dunfell-mp1-21-11-17/SDK/sysroots/cortexa7t2hf-neon-vfpv4-ostl-linux-gnueabi/usr/include/optee/export-user_ta/lib/libutils.a(snprintk.o)
                0x00000000000012a8                __vsnprintf
                0x00000000000012d8                vsnprintk
                0x00000000000012e6                snprintk
                0x00000000000019b0                __vsprintf
 .text.__aeabi_ldivmod
                0x00000000000019c8       0x18 /home/frank/TrustSQLite/stm32mp1-openstlinux-5.10-dunfell-mp1-21-11-17/SDK/sysroots/cortexa7t2hf-neon-vfpv4-ostl-linux-gnueabi/usr/include/optee/export-user_ta/lib/libutils.a(arm32_aeabi_ldivmod_a32.o)
                0x00000000000019c8                __aeabi_ldivmod
 .text.__aeabi_uldivmod
                0x00000000000019e0       0x18 /home/frank/TrustSQLite/stm32mp1-openstlinux-5.10-dunfell-mp1-21-11-17/SDK/sysroots/cortexa7t2hf-neon-vfpv4-ostl-linux-gnueabi/usr/include/optee/export-user_ta/lib/libutils.a(arm32_aeabi_ldivmod_a32.o)
                0x00000000000019e0                __aeabi_uldivmod
 .text          0x00000000000019f8       0x9c /home/frank/TrustSQLite/stm32mp1-openstlinux-5.10-dunfell-mp1-21-11-17/SDK/sysroots/cortexa7t2hf-neon-vfpv4-ostl-linux-gnueabi/usr/include/optee/export-user_ta/lib/libutee.a(trace_ext.o)
                0x00000000000019f8                trace_ext_puts
                0x0000000000001a0c                trace_ext_get_thread_id
                0x0000000000001a12                printf
                0x0000000000001a4c                puts
                0x0000000000001a70                putchar
 .text          0x0000000000001a94      0x478 /home/frank/TrustSQLite/stm32mp1-openstlinux-5.10-dunfell-mp1-21-11-17/SDK/sysroots/cortexa7t2hf-neon-vfpv4-ostl-linux-gnueabi/usr/include/optee/export-user_ta/lib/libutee.a(tee_api.o)
                0x0000000000001af2                TEE_CloseTASession
                0x0000000000001b06                TEE_GetCancellationFlag
                0x0000000000001b22                TEE_UnmaskCancellation
                0x0000000000001b3e                TEE_MaskCancellation
                0x0000000000001b5a                TEE_CheckMemoryAccessRights
                0x0000000000001c8c                TEE_OpenTASession
                0x0000000000001d20                TEE_InvokeTACommand
                0x0000000000001dd4                TEE_SetInstanceData
                0x0000000000001de0                TEE_GetInstanceData
                0x0000000000001dec                TEE_MemMove
                0x0000000000001df0                TEE_MemCompare
                0x0000000000001df4                TEE_MemFill
                0x0000000000001df8                TEE_GetSystemTime
                0x0000000000001e0e                TEE_Wait
                0x0000000000001e2c                TEE_GetTAPersistentTime
                0x0000000000001e68                TEE_SetTAPersistentTime
                0x0000000000001e90                TEE_GetREETime
                0x0000000000001ea6                TEE_Malloc
                0x0000000000001ef0                TEE_Realloc
                0x0000000000001ef4                TEE_Free
                0x0000000000001ef8                TEE_CacheClean
                0x0000000000001efe                TEE_CacheFlush
                0x0000000000001f04                TEE_CacheInvalidate
 .text          0x0000000000001f0c      0x7d4 /home/frank/TrustSQLite/stm32mp1-openstlinux-5.10-dunfell-mp1-21-11-17/SDK/sysroots/cortexa7t2hf-neon-vfpv4-ostl-linux-gnueabi/usr/include/optee/export-user_ta/lib/libutee.a(tee_api_objects.o)
                0x0000000000001f0c                __utee_from_attr
                0x0000000000001f4a                TEE_GetObjectInfo
                0x0000000000001f74                TEE_GetObjectInfo1
                0x0000000000001f94                TEE_RestrictObjectUsage1
                0x0000000000001fb4                TEE_RestrictObjectUsage
                0x0000000000001fe0                TEE_GetObjectBufferAttribute
                0x0000000000002058                TEE_GetObjectValueAttribute
                0x00000000000020f4                TEE_CloseObject
                0x0000000000002108                TEE_AllocateTransientObject
                0x0000000000002148                TEE_FreeTransientObject
                0x0000000000002178                TEE_ResetTransientObject
                0x00000000000021a8                TEE_PopulateTransientObject
                0x0000000000002220                TEE_InitRefAttribute
                0x0000000000002242                TEE_InitValueAttribute
                0x0000000000002264                TEE_CopyObjectAttributes1
                0x00000000000022cc                TEE_CopyObjectAttributes
                0x00000000000022fc                TEE_GenerateKey
                0x0000000000002350                TEE_OpenPersistentObject
                0x00000000000023a4                TEE_CreatePersistentObject
                0x000000000000242c                TEE_CloseAndDeletePersistentObject1
                0x0000000000002450                TEE_CloseAndDeletePersistentObject
                0x0000000000002466                TEE_RenamePersistentObject
                0x00000000000024a0                TEE_AllocatePersistentObjectEnumerator
                0x00000000000024d4                TEE_FreePersistentObjectEnumerator
                0x00000000000024e8                TEE_ResetPersistentObjectEnumerator
                0x00000000000024fc                TEE_StartPersistentObjectEnumerator
                0x0000000000002528                TEE_GetNextPersistentObject
                0x0000000000002598                TEE_ReadObjectData
                0x00000000000025ec                TEE_WriteObjectData
                0x000000000000262c                TEE_TruncateObjectData
                0x0000000000002664                TEE_SeekObjectData
 .text          0x00000000000026e0     0x1b14 /home/frank/TrustSQLite/stm32mp1-openstlinux-5.10-dunfell-mp1-21-11-17/SDK/sysroots/cortexa7t2hf-neon-vfpv4-ostl-linux-gnueabi/usr/include/optee/export-user_ta/lib/libutee.a(tee_api_operations.o)
                0x000000000000283c                TEE_FreeOperation
                0x0000000000002862                TEE_AllocateOperation
                0x0000000000002fc0                TEE_GetOperationInfo
                0x0000000000002ff0                TEE_GetOperationInfoMultiple
                0x00000000000030c4                TEE_ResetOperation
                0x0000000000003104                TEE_SetOperationKey
                0x000000000000319c                TEE_SetOperationKey2
                0x0000000000003294                TEE_CopyOperation
                0x0000000000003348                TEE_DigestUpdate
                0x0000000000003378                TEE_DigestDoFinal
                0x00000000000033fc                TEE_CipherInit
                0x0000000000003452                TEE_CipherUpdate
                0x0000000000003540                TEE_CipherDoFinal
                0x0000000000003688                TEE_MACInit
                0x00000000000036de                TEE_MACUpdate
                0x000000000000372c                TEE_MACComputeFinal
                0x00000000000037a8                TEE_MACCompareFinal
                0x0000000000003810                TEE_AEInit
                0x0000000000003880                TEE_AEUpdateAAD
                0x00000000000038c6                TEE_AEUpdate
                0x00000000000039b8                TEE_AEEncryptFinal
                0x0000000000003ad8                TEE_AEDecryptFinal
                0x0000000000003bd8                TEE_AsymmetricEncrypt
                0x0000000000003c98                TEE_AsymmetricDecrypt
                0x0000000000003d58                TEE_AsymmetricSignDigest
                0x0000000000003e14                TEE_AsymmetricVerifyDigest
                0x0000000000003ebc                TEE_DeriveKey
                0x0000000000003f8c                TEE_GenerateRandom
                0x0000000000003f9e                rand
                0x0000000000003fb6                TEE_IsAlgorithmSupported
 .text          0x00000000000041f4       0xd8 /home/frank/TrustSQLite/stm32mp1-openstlinux-5.10-dunfell-mp1-21-11-17/SDK/sysroots/cortexa7t2hf-neon-vfpv4-ostl-linux-gnueabi/usr/include/optee/export-user_ta/lib/libutee.a(tee_api_panic.o)
                0x0000000000004214                TEE_Panic
                0x0000000000004222                __utee_check_outbuf_annotation
                0x0000000000004250                __utee_check_instring_annotation
                0x0000000000004268                __utee_check_outstring_annotation
                0x0000000000004294                __utee_check_out_annotation
                0x00000000000042a6                __utee_check_attr_in_annotation
                0x00000000000042ba                __utee_check_inout_annotation
 .text          0x00000000000042cc       0xd8 /home/frank/TrustSQLite/stm32mp1-openstlinux-5.10-dunfell-mp1-21-11-17/SDK/sysroots/cortexa7t2hf-neon-vfpv4-ostl-linux-gnueabi/usr/include/optee/export-user_ta/lib/libutee.a(tee_system_pta.o)
                0x000000000000431c                tee_map_zi
                0x0000000000004356                tee_unmap
 .text          0x00000000000043a4        0x0 /home/frank/TrustSQLite/stm32mp1-openstlinux-5.10-dunfell-mp1-21-11-17/SDK/sysroots/cortexa7t2hf-neon-vfpv4-ostl-linux-gnueabi/usr/include/optee/export-user_ta/lib/libutee.a(utee_syscalls_a32.o)
 .text._utee_panic
                0x00000000000043a4       0x14 /home/frank/TrustSQLite/stm32mp1-openstlinux-5.10-dunfell-mp1-21-11-17/SDK/sysroots/cortexa7t2hf-neon-vfpv4-ostl-linux-gnueabi/usr/include/optee/export-user_ta/lib/libutee.a(utee_syscalls_a32.o)
                0x00000000000043a4                _utee_panic
 .text._utee_return
                0x00000000000043b8       0x14 /home/frank/TrustSQLite/stm32mp1-openstlinux-5.10-dunfell-mp1-21-11-17/SDK/sysroots/cortexa7t2hf-neon-vfpv4-ostl-linux-gnueabi/usr/include/optee/export-user_ta/lib/libutee.a(utee_syscalls_a32.o)
                0x00000000000043b8                _utee_return
 .text._utee_log
                0x00000000000043cc       0x14 /home/frank/TrustSQLite/stm32mp1-openstlinux-5.10-dunfell-mp1-21-11-17/SDK/sysroots/cortexa7t2hf-neon-vfpv4-ostl-linux-gnueabi/usr/include/optee/export-user_ta/lib/libutee.a(utee_syscalls_a32.o)
                0x00000000000043cc                _utee_log
 .text.__utee_panic
                0x00000000000043e0       0x14 /home/frank/TrustSQLite/stm32mp1-openstlinux-5.10-dunfell-mp1-21-11-17/SDK/sysroots/cortexa7t2hf-neon-vfpv4-ostl-linux-gnueabi/usr/include/optee/export-user_ta/lib/libutee.a(utee_syscalls_a32.o)
                0x00000000000043e0                __utee_panic
 .text._utee_get_property
                0x00000000000043f4       0x18 /home/frank/TrustSQLite/stm32mp1-openstlinux-5.10-dunfell-mp1-21-11-17/SDK/sysroots/cortexa7t2hf-neon-vfpv4-ostl-linux-gnueabi/usr/include/optee/export-user_ta/lib/libutee.a(utee_syscalls_a32.o)
                0x00000000000043f4                _utee_get_property
 .text._utee_get_property_name_to_index
                0x000000000000440c       0x14 /home/frank/TrustSQLite/stm32mp1-openstlinux-5.10-dunfell-mp1-21-11-17/SDK/sysroots/cortexa7t2hf-neon-vfpv4-ostl-linux-gnueabi/usr/include/optee/export-user_ta/lib/libutee.a(utee_syscalls_a32.o)
                0x000000000000440c                _utee_get_property_name_to_index
 .text._utee_open_ta_session
                0x0000000000004420       0x18 /home/frank/TrustSQLite/stm32mp1-openstlinux-5.10-dunfell-mp1-21-11-17/SDK/sysroots/cortexa7t2hf-neon-vfpv4-ostl-linux-gnueabi/usr/include/optee/export-user_ta/lib/libutee.a(utee_syscalls_a32.o)
                0x0000000000004420                _utee_open_ta_session
 .text._utee_close_ta_session
                0x0000000000004438       0x14 /home/frank/TrustSQLite/stm32mp1-openstlinux-5.10-dunfell-mp1-21-11-17/SDK/sysroots/cortexa7t2hf-neon-vfpv4-ostl-linux-gnueabi/usr/include/optee/export-user_ta/lib/libutee.a(utee_syscalls_a32.o)
                0x0000000000004438                _utee_close_ta_session
 .text._utee_invoke_ta_command
                0x000000000000444c       0x18 /home/frank/TrustSQLite/stm32mp1-openstlinux-5.10-dunfell-mp1-21-11-17/SDK/sysroots/cortexa7t2hf-neon-vfpv4-ostl-linux-gnueabi/usr/include/optee/export-user_ta/lib/libutee.a(utee_syscalls_a32.o)
                0x000000000000444c                _utee_invoke_ta_command
 .text._utee_get_cancellation_flag
                0x0000000000004464       0x14 /home/frank/TrustSQLite/stm32mp1-openstlinux-5.10-dunfell-mp1-21-11-17/SDK/sysroots/cortexa7t2hf-neon-vfpv4-ostl-linux-gnueabi/usr/include/optee/export-user_ta/lib/libutee.a(utee_syscalls_a32.o)
                0x0000000000004464                _utee_get_cancellation_flag
 .text._utee_check_access_rights
                0x0000000000004478       0x14 /home/frank/TrustSQLite/stm32mp1-openstlinux-5.10-dunfell-mp1-21-11-17/SDK/sysroots/cortexa7t2hf-neon-vfpv4-ostl-linux-gnueabi/usr/include/optee/export-user_ta/lib/libutee.a(utee_syscalls_a32.o)
                0x0000000000004478                _utee_check_access_rights
 .text._utee_unmask_cancellation
                0x000000000000448c       0x14 /home/frank/TrustSQLite/stm32mp1-openstlinux-5.10-dunfell-mp1-21-11-17/SDK/sysroots/cortexa7t2hf-neon-vfpv4-ostl-linux-gnueabi/usr/include/optee/export-user_ta/lib/libutee.a(utee_syscalls_a32.o)
                0x000000000000448c                _utee_unmask_cancellation
 .text._utee_mask_cancellation
                0x00000000000044a0       0x14 /home/frank/TrustSQLite/stm32mp1-openstlinux-5.10-dunfell-mp1-21-11-17/SDK/sysroots/cortexa7t2hf-neon-vfpv4-ostl-linux-gnueabi/usr/include/optee/export-user_ta/lib/libutee.a(utee_syscalls_a32.o)
                0x00000000000044a0                _utee_mask_cancellation
 .text._utee_wait
                0x00000000000044b4       0x14 /home/frank/TrustSQLite/stm32mp1-openstlinux-5.10-dunfell-mp1-21-11-17/SDK/sysroots/cortexa7t2hf-neon-vfpv4-ostl-linux-gnueabi/usr/include/optee/export-user_ta/lib/libutee.a(utee_syscalls_a32.o)
                0x00000000000044b4                _utee_wait
 .text._utee_get_time
                0x00000000000044c8       0x14 /home/frank/TrustSQLite/stm32mp1-openstlinux-5.10-dunfell-mp1-21-11-17/SDK/sysroots/cortexa7t2hf-neon-vfpv4-ostl-linux-gnueabi/usr/include/optee/export-user_ta/lib/libutee.a(utee_syscalls_a32.o)
                0x00000000000044c8                _utee_get_time
 .text._utee_set_ta_time
                0x00000000000044dc       0x14 /home/frank/TrustSQLite/stm32mp1-openstlinux-5.10-dunfell-mp1-21-11-17/SDK/sysroots/cortexa7t2hf-neon-vfpv4-ostl-linux-gnueabi/usr/include/optee/export-user_ta/lib/libutee.a(utee_syscalls_a32.o)
                0x00000000000044dc                _utee_set_ta_time
 .text._utee_cryp_state_alloc
                0x00000000000044f0       0x18 /home/frank/TrustSQLite/stm32mp1-openstlinux-5.10-dunfell-mp1-21-11-17/SDK/sysroots/cortexa7t2hf-neon-vfpv4-ostl-linux-gnueabi/usr/include/optee/export-user_ta/lib/libutee.a(utee_syscalls_a32.o)
                0x00000000000044f0                _utee_cryp_state_alloc
 .text._utee_cryp_state_copy
                0x0000000000004508       0x14 /home/frank/TrustSQLite/stm32mp1-openstlinux-5.10-dunfell-mp1-21-11-17/SDK/sysroots/cortexa7t2hf-neon-vfpv4-ostl-linux-gnueabi/usr/include/optee/export-user_ta/lib/libutee.a(utee_syscalls_a32.o)
                0x0000000000004508                _utee_cryp_state_copy
 .text._utee_cryp_state_free
                0x000000000000451c       0x14 /home/frank/TrustSQLite/stm32mp1-openstlinux-5.10-dunfell-mp1-21-11-17/SDK/sysroots/cortexa7t2hf-neon-vfpv4-ostl-linux-gnueabi/usr/include/optee/export-user_ta/lib/libutee.a(utee_syscalls_a32.o)
                0x000000000000451c                _utee_cryp_state_free
 .text._utee_hash_init
                0x0000000000004530       0x14 /home/frank/TrustSQLite/stm32mp1-openstlinux-5.10-dunfell-mp1-21-11-17/SDK/sysroots/cortexa7t2hf-neon-vfpv4-ostl-linux-gnueabi/usr/include/optee/export-user_ta/lib/libutee.a(utee_syscalls_a32.o)
                0x0000000000004530                _utee_hash_init
 .text._utee_hash_update
                0x0000000000004544       0x14 /home/frank/TrustSQLite/stm32mp1-openstlinux-5.10-dunfell-mp1-21-11-17/SDK/sysroots/cortexa7t2hf-neon-vfpv4-ostl-linux-gnueabi/usr/include/optee/export-user_ta/lib/libutee.a(utee_syscalls_a32.o)
                0x0000000000004544                _utee_hash_update
 .text._utee_hash_final
                0x0000000000004558       0x18 /home/frank/TrustSQLite/stm32mp1-openstlinux-5.10-dunfell-mp1-21-11-17/SDK/sysroots/cortexa7t2hf-neon-vfpv4-ostl-linux-gnueabi/usr/include/optee/export-user_ta/lib/libutee.a(utee_syscalls_a32.o)
                0x0000000000004558                _utee_hash_final
 .text._utee_cipher_init
                0x0000000000004570       0x14 /home/frank/TrustSQLite/stm32mp1-openstlinux-5.10-dunfell-mp1-21-11-17/SDK/sysroots/cortexa7t2hf-neon-vfpv4-ostl-linux-gnueabi/usr/include/optee/export-user_ta/lib/libutee.a(utee_syscalls_a32.o)
                0x0000000000004570                _utee_cipher_init
 .text._utee_cipher_update
                0x0000000000004584       0x18 /home/frank/TrustSQLite/stm32mp1-openstlinux-5.10-dunfell-mp1-21-11-17/SDK/sysroots/cortexa7t2hf-neon-vfpv4-ostl-linux-gnueabi/usr/include/optee/export-user_ta/lib/libutee.a(utee_syscalls_a32.o)
                0x0000000000004584                _utee_cipher_update
 .text._utee_cipher_final
                0x000000000000459c       0x18 /home/frank/TrustSQLite/stm32mp1-openstlinux-5.10-dunfell-mp1-21-11-17/SDK/sysroots/cortexa7t2hf-neon-vfpv4-ostl-linux-gnueabi/usr/include/optee/export-user_ta/lib/libutee.a(utee_syscalls_a32.o)
                0x000000000000459c                _utee_cipher_final
 .text._utee_cryp_obj_get_info
                0x00000000000045b4       0x14 /home/frank/TrustSQLite/stm32mp1-openstlinux-5.10-dunfell-mp1-21-11-17/SDK/sysroots/cortexa7t2hf-neon-vfpv4-ostl-linux-gnueabi/usr/include/optee/export-user_ta/lib/libutee.a(utee_syscalls_a32.o)
                0x00000000000045b4                _utee_cryp_obj_get_info
 .text._utee_cryp_obj_restrict_usage
                0x00000000000045c8       0x14 /home/frank/TrustSQLite/stm32mp1-openstlinux-5.10-dunfell-mp1-21-11-17/SDK/sysroots/cortexa7t2hf-neon-vfpv4-ostl-linux-gnueabi/usr/include/optee/export-user_ta/lib/libutee.a(utee_syscalls_a32.o)
                0x00000000000045c8                _utee_cryp_obj_restrict_usage
 .text._utee_cryp_obj_get_attr
                0x00000000000045dc       0x14 /home/frank/TrustSQLite/stm32mp1-openstlinux-5.10-dunfell-mp1-21-11-17/SDK/sysroots/cortexa7t2hf-neon-vfpv4-ostl-linux-gnueabi/usr/include/optee/export-user_ta/lib/libutee.a(utee_syscalls_a32.o)
                0x00000000000045dc                _utee_cryp_obj_get_attr
 .text._utee_cryp_obj_alloc
                0x00000000000045f0       0x14 /home/frank/TrustSQLite/stm32mp1-openstlinux-5.10-dunfell-mp1-21-11-17/SDK/sysroots/cortexa7t2hf-neon-vfpv4-ostl-linux-gnueabi/usr/include/optee/export-user_ta/lib/libutee.a(utee_syscalls_a32.o)
                0x00000000000045f0                _utee_cryp_obj_alloc
 .text._utee_cryp_obj_close
                0x0000000000004604       0x14 /home/frank/TrustSQLite/stm32mp1-openstlinux-5.10-dunfell-mp1-21-11-17/SDK/sysroots/cortexa7t2hf-neon-vfpv4-ostl-linux-gnueabi/usr/include/optee/export-user_ta/lib/libutee.a(utee_syscalls_a32.o)
                0x0000000000004604                _utee_cryp_obj_close
 .text._utee_cryp_obj_reset
                0x0000000000004618       0x14 /home/frank/TrustSQLite/stm32mp1-openstlinux-5.10-dunfell-mp1-21-11-17/SDK/sysroots/cortexa7t2hf-neon-vfpv4-ostl-linux-gnueabi/usr/include/optee/export-user_ta/lib/libutee.a(utee_syscalls_a32.o)
                0x0000000000004618                _utee_cryp_obj_reset
 .text._utee_cryp_obj_populate
                0x000000000000462c       0x14 /home/frank/TrustSQLite/stm32mp1-openstlinux-5.10-dunfell-mp1-21-11-17/SDK/sysroots/cortexa7t2hf-neon-vfpv4-ostl-linux-gnueabi/usr/include/optee/export-user_ta/lib/libutee.a(utee_syscalls_a32.o)
                0x000000000000462c                _utee_cryp_obj_populate
 .text._utee_cryp_obj_copy
                0x0000000000004640       0x14 /home/frank/TrustSQLite/stm32mp1-openstlinux-5.10-dunfell-mp1-21-11-17/SDK/sysroots/cortexa7t2hf-neon-vfpv4-ostl-linux-gnueabi/usr/include/optee/export-user_ta/lib/libutee.a(utee_syscalls_a32.o)
                0x0000000000004640                _utee_cryp_obj_copy
 .text._utee_cryp_derive_key
                0x0000000000004654       0x14 /home/frank/TrustSQLite/stm32mp1-openstlinux-5.10-dunfell-mp1-21-11-17/SDK/sysroots/cortexa7t2hf-neon-vfpv4-ostl-linux-gnueabi/usr/include/optee/export-user_ta/lib/libutee.a(utee_syscalls_a32.o)
                0x0000000000004654                _utee_cryp_derive_key
 .text._utee_cryp_random_number_generate
                0x0000000000004668       0x14 /home/frank/TrustSQLite/stm32mp1-openstlinux-5.10-dunfell-mp1-21-11-17/SDK/sysroots/cortexa7t2hf-neon-vfpv4-ostl-linux-gnueabi/usr/include/optee/export-user_ta/lib/libutee.a(utee_syscalls_a32.o)
                0x0000000000004668                _utee_cryp_random_number_generate
 .text._utee_authenc_init
                0x000000000000467c       0x18 /home/frank/TrustSQLite/stm32mp1-openstlinux-5.10-dunfell-mp1-21-11-17/SDK/sysroots/cortexa7t2hf-neon-vfpv4-ostl-linux-gnueabi/usr/include/optee/export-user_ta/lib/libutee.a(utee_syscalls_a32.o)
                0x000000000000467c                _utee_authenc_init
 .text._utee_authenc_update_aad
                0x0000000000004694       0x14 /home/frank/TrustSQLite/stm32mp1-openstlinux-5.10-dunfell-mp1-21-11-17/SDK/sysroots/cortexa7t2hf-neon-vfpv4-ostl-linux-gnueabi/usr/include/optee/export-user_ta/lib/libutee.a(utee_syscalls_a32.o)
                0x0000000000004694                _utee_authenc_update_aad
 .text._utee_authenc_update_payload
                0x00000000000046a8       0x18 /home/frank/TrustSQLite/stm32mp1-openstlinux-5.10-dunfell-mp1-21-11-17/SDK/sysroots/cortexa7t2hf-neon-vfpv4-ostl-linux-gnueabi/usr/include/optee/export-user_ta/lib/libutee.a(utee_syscalls_a32.o)
                0x00000000000046a8                _utee_authenc_update_payload
 .text._utee_authenc_enc_final
                0x00000000000046c0       0x18 /home/frank/TrustSQLite/stm32mp1-openstlinux-5.10-dunfell-mp1-21-11-17/SDK/sysroots/cortexa7t2hf-neon-vfpv4-ostl-linux-gnueabi/usr/include/optee/export-user_ta/lib/libutee.a(utee_syscalls_a32.o)
                0x00000000000046c0                _utee_authenc_enc_final
 .text._utee_authenc_dec_final
                0x00000000000046d8       0x18 /home/frank/TrustSQLite/stm32mp1-openstlinux-5.10-dunfell-mp1-21-11-17/SDK/sysroots/cortexa7t2hf-neon-vfpv4-ostl-linux-gnueabi/usr/include/optee/export-user_ta/lib/libutee.a(utee_syscalls_a32.o)
                0x00000000000046d8                _utee_authenc_dec_final
 .text._utee_asymm_operate
                0x00000000000046f0       0x18 /home/frank/TrustSQLite/stm32mp1-openstlinux-5.10-dunfell-mp1-21-11-17/SDK/sysroots/cortexa7t2hf-neon-vfpv4-ostl-linux-gnueabi/usr/include/optee/export-user_ta/lib/libutee.a(utee_syscalls_a32.o)
                0x00000000000046f0                _utee_asymm_operate
 .text._utee_asymm_verify
                0x0000000000004708       0x18 /home/frank/TrustSQLite/stm32mp1-openstlinux-5.10-dunfell-mp1-21-11-17/SDK/sysroots/cortexa7t2hf-neon-vfpv4-ostl-linux-gnueabi/usr/include/optee/export-user_ta/lib/libutee.a(utee_syscalls_a32.o)
                0x0000000000004708                _utee_asymm_verify
 .text._utee_storage_obj_open
                0x0000000000004720       0x18 /home/frank/TrustSQLite/stm32mp1-openstlinux-5.10-dunfell-mp1-21-11-17/SDK/sysroots/cortexa7t2hf-neon-vfpv4-ostl-linux-gnueabi/usr/include/optee/export-user_ta/lib/libutee.a(utee_syscalls_a32.o)
                0x0000000000004720                _utee_storage_obj_open
 .text._utee_storage_obj_create
                0x0000000000004738       0x18 /home/frank/TrustSQLite/stm32mp1-openstlinux-5.10-dunfell-mp1-21-11-17/SDK/sysroots/cortexa7t2hf-neon-vfpv4-ostl-linux-gnueabi/usr/include/optee/export-user_ta/lib/libutee.a(utee_syscalls_a32.o)
                0x0000000000004738                _utee_storage_obj_create
 .text._utee_storage_obj_del
                0x0000000000004750       0x14 /home/frank/TrustSQLite/stm32mp1-openstlinux-5.10-dunfell-mp1-21-11-17/SDK/sysroots/cortexa7t2hf-neon-vfpv4-ostl-linux-gnueabi/usr/include/optee/export-user_ta/lib/libutee.a(utee_syscalls_a32.o)
                0x0000000000004750                _utee_storage_obj_del
 .text._utee_storage_obj_rename
                0x0000000000004764       0x14 /home/frank/TrustSQLite/stm32mp1-openstlinux-5.10-dunfell-mp1-21-11-17/SDK/sysroots/cortexa7t2hf-neon-vfpv4-ostl-linux-gnueabi/usr/include/optee/export-user_ta/lib/libutee.a(utee_syscalls_a32.o)
                0x0000000000004764                _utee_storage_obj_rename
 .text._utee_storage_alloc_enum
                0x0000000000004778       0x14 /home/frank/TrustSQLite/stm32mp1-openstlinux-5.10-dunfell-mp1-21-11-17/SDK/sysroots/cortexa7t2hf-neon-vfpv4-ostl-linux-gnueabi/usr/include/optee/export-user_ta/lib/libutee.a(utee_syscalls_a32.o)
                0x0000000000004778                _utee_storage_alloc_enum
 .text._utee_storage_free_enum
                0x000000000000478c       0x14 /home/frank/TrustSQLite/stm32mp1-openstlinux-5.10-dunfell-mp1-21-11-17/SDK/sysroots/cortexa7t2hf-neon-vfpv4-ostl-linux-gnueabi/usr/include/optee/export-user_ta/lib/libutee.a(utee_syscalls_a32.o)
                0x000000000000478c                _utee_storage_free_enum
 .text._utee_storage_reset_enum
                0x00000000000047a0       0x14 /home/frank/TrustSQLite/stm32mp1-openstlinux-5.10-dunfell-mp1-21-11-17/SDK/sysroots/cortexa7t2hf-neon-vfpv4-ostl-linux-gnueabi/usr/include/optee/export-user_ta/lib/libutee.a(utee_syscalls_a32.o)
                0x00000000000047a0                _utee_storage_reset_enum
 .text._utee_storage_start_enum
                0x00000000000047b4       0x14 /home/frank/TrustSQLite/stm32mp1-openstlinux-5.10-dunfell-mp1-21-11-17/SDK/sysroots/cortexa7t2hf-neon-vfpv4-ostl-linux-gnueabi/usr/include/optee/export-user_ta/lib/libutee.a(utee_syscalls_a32.o)
                0x00000000000047b4                _utee_storage_start_enum
 .text._utee_storage_next_enum
                0x00000000000047c8       0x14 /home/frank/TrustSQLite/stm32mp1-openstlinux-5.10-dunfell-mp1-21-11-17/SDK/sysroots/cortexa7t2hf-neon-vfpv4-ostl-linux-gnueabi/usr/include/optee/export-user_ta/lib/libutee.a(utee_syscalls_a32.o)
                0x00000000000047c8                _utee_storage_next_enum
 .text._utee_storage_obj_read
                0x00000000000047dc       0x14 /home/frank/TrustSQLite/stm32mp1-openstlinux-5.10-dunfell-mp1-21-11-17/SDK/sysroots/cortexa7t2hf-neon-vfpv4-ostl-linux-gnueabi/usr/include/optee/export-user_ta/lib/libutee.a(utee_syscalls_a32.o)
                0x00000000000047dc                _utee_storage_obj_read
 .text._utee_storage_obj_write
                0x00000000000047f0       0x14 /home/frank/TrustSQLite/stm32mp1-openstlinux-5.10-dunfell-mp1-21-11-17/SDK/sysroots/cortexa7t2hf-neon-vfpv4-ostl-linux-gnueabi/usr/include/optee/export-user_ta/lib/libutee.a(utee_syscalls_a32.o)
                0x00000000000047f0                _utee_storage_obj_write
 .text._utee_storage_obj_trunc
                0x0000000000004804       0x14 /home/frank/TrustSQLite/stm32mp1-openstlinux-5.10-dunfell-mp1-21-11-17/SDK/sysroots/cortexa7t2hf-neon-vfpv4-ostl-linux-gnueabi/usr/include/optee/export-user_ta/lib/libutee.a(utee_syscalls_a32.o)
                0x0000000000004804                _utee_storage_obj_trunc
 .text._utee_storage_obj_seek
                0x0000000000004818       0x14 /home/frank/TrustSQLite/stm32mp1-openstlinux-5.10-dunfell-mp1-21-11-17/SDK/sysroots/cortexa7t2hf-neon-vfpv4-ostl-linux-gnueabi/usr/include/optee/export-user_ta/lib/libutee.a(utee_syscalls_a32.o)
                0x0000000000004818                _utee_storage_obj_seek
 .text._utee_cryp_obj_generate_key
                0x000000000000482c       0x14 /home/frank/TrustSQLite/stm32mp1-openstlinux-5.10-dunfell-mp1-21-11-17/SDK/sysroots/cortexa7t2hf-neon-vfpv4-ostl-linux-gnueabi/usr/include/optee/export-user_ta/lib/libutee.a(utee_syscalls_a32.o)
                0x000000000000482c                _utee_cryp_obj_generate_key
 .text._utee_cache_operation
                0x0000000000004840       0x14 /home/frank/TrustSQLite/stm32mp1-openstlinux-5.10-dunfell-mp1-21-11-17/SDK/sysroots/cortexa7t2hf-neon-vfpv4-ostl-linux-gnueabi/usr/include/optee/export-user_ta/lib/libutee.a(utee_syscalls_a32.o)
                0x0000000000004840                _utee_cache_operation
 .text.utee_tpm_get_version
                0x0000000000004854       0x14 /home/frank/TrustSQLite/stm32mp1-openstlinux-5.10-dunfell-mp1-21-11-17/SDK/sysroots/cortexa7t2hf-neon-vfpv4-ostl-linux-gnueabi/usr/include/optee/export-user_ta/lib/libutee.a(utee_syscalls_a32.o)
                0x0000000000004854                utee_tpm_get_version
 .text.utee_sqlite_exec
                0x0000000000004868       0x14 /home/frank/TrustSQLite/stm32mp1-openstlinux-5.10-dunfell-mp1-21-11-17/SDK/sysroots/cortexa7t2hf-neon-vfpv4-ostl-linux-gnueabi/usr/include/optee/export-user_ta/lib/libutee.a(utee_syscalls_a32.o)
                0x0000000000004868                utee_sqlite_exec
 .text.utee_tzvfs_open
                0x000000000000487c       0x14 /home/frank/TrustSQLite/stm32mp1-openstlinux-5.10-dunfell-mp1-21-11-17/SDK/sysroots/cortexa7t2hf-neon-vfpv4-ostl-linux-gnueabi/usr/include/optee/export-user_ta/lib/libutee.a(utee_syscalls_a32.o)
                0x000000000000487c                utee_tzvfs_open
 .text.utee_tzvfs_close
                0x0000000000004890       0x14 /home/frank/TrustSQLite/stm32mp1-openstlinux-5.10-dunfell-mp1-21-11-17/SDK/sysroots/cortexa7t2hf-neon-vfpv4-ostl-linux-gnueabi/usr/include/optee/export-user_ta/lib/libutee.a(utee_syscalls_a32.o)
                0x0000000000004890                utee_tzvfs_close
 .text.utee_tzvfs_getcwd
                0x00000000000048a4       0x14 /home/frank/TrustSQLite/stm32mp1-openstlinux-5.10-dunfell-mp1-21-11-17/SDK/sysroots/cortexa7t2hf-neon-vfpv4-ostl-linux-gnueabi/usr/include/optee/export-user_ta/lib/libutee.a(utee_syscalls_a32.o)
                0x00000000000048a4                utee_tzvfs_getcwd
 .text.utee_tzvfs_lstat
                0x00000000000048b8       0x14 /home/frank/TrustSQLite/stm32mp1-openstlinux-5.10-dunfell-mp1-21-11-17/SDK/sysroots/cortexa7t2hf-neon-vfpv4-ostl-linux-gnueabi/usr/include/optee/export-user_ta/lib/libutee.a(utee_syscalls_a32.o)
                0x00000000000048b8                utee_tzvfs_lstat
 .text.utee_tzvfs_stat
                0x00000000000048cc       0x14 /home/frank/TrustSQLite/stm32mp1-openstlinux-5.10-dunfell-mp1-21-11-17/SDK/sysroots/cortexa7t2hf-neon-vfpv4-ostl-linux-gnueabi/usr/include/optee/export-user_ta/lib/libutee.a(utee_syscalls_a32.o)
                0x00000000000048cc                utee_tzvfs_stat
 .text.utee_tzvfs_fstat
                0x00000000000048e0       0x14 /home/frank/TrustSQLite/stm32mp1-openstlinux-5.10-dunfell-mp1-21-11-17/SDK/sysroots/cortexa7t2hf-neon-vfpv4-ostl-linux-gnueabi/usr/include/optee/export-user_ta/lib/libutee.a(utee_syscalls_a32.o)
                0x00000000000048e0                utee_tzvfs_fstat
 .text.utee_tzvfs_fcntl
                0x00000000000048f4       0x14 /home/frank/TrustSQLite/stm32mp1-openstlinux-5.10-dunfell-mp1-21-11-17/SDK/sysroots/cortexa7t2hf-neon-vfpv4-ostl-linux-gnueabi/usr/include/optee/export-user_ta/lib/libutee.a(utee_syscalls_a32.o)
                0x00000000000048f4                utee_tzvfs_fcntl
 .text.utee_tzvfs_read
                0x0000000000004908       0x14 /home/frank/TrustSQLite/stm32mp1-openstlinux-5.10-dunfell-mp1-21-11-17/SDK/sysroots/cortexa7t2hf-neon-vfpv4-ostl-linux-gnueabi/usr/include/optee/export-user_ta/lib/libutee.a(utee_syscalls_a32.o)
                0x0000000000004908                utee_tzvfs_read
 .text.utee_tzvfs_write
                0x000000000000491c       0x14 /home/frank/TrustSQLite/stm32mp1-openstlinux-5.10-dunfell-mp1-21-11-17/SDK/sysroots/cortexa7t2hf-neon-vfpv4-ostl-linux-gnueabi/usr/include/optee/export-user_ta/lib/libutee.a(utee_syscalls_a32.o)
                0x000000000000491c                utee_tzvfs_write
 .text.utee_tzvfs_geteuid
                0x0000000000004930       0x14 /home/frank/TrustSQLite/stm32mp1-openstlinux-5.10-dunfell-mp1-21-11-17/SDK/sysroots/cortexa7t2hf-neon-vfpv4-ostl-linux-gnueabi/usr/include/optee/export-user_ta/lib/libutee.a(utee_syscalls_a32.o)
                0x0000000000004930                utee_tzvfs_geteuid
 .text.utee_tzvfs_unlink
                0x0000000000004944       0x14 /home/frank/TrustSQLite/stm32mp1-openstlinux-5.10-dunfell-mp1-21-11-17/SDK/sysroots/cortexa7t2hf-neon-vfpv4-ostl-linux-gnueabi/usr/include/optee/export-user_ta/lib/libutee.a(utee_syscalls_a32.o)
                0x0000000000004944                utee_tzvfs_unlink
 .text.utee_tzvfs_access
                0x0000000000004958       0x14 /home/frank/TrustSQLite/stm32mp1-openstlinux-5.10-dunfell-mp1-21-11-17/SDK/sysroots/cortexa7t2hf-neon-vfpv4-ostl-linux-gnueabi/usr/include/optee/export-user_ta/lib/libutee.a(utee_syscalls_a32.o)
                0x0000000000004958                utee_tzvfs_access
 .text.utee_tzvfs_mmap
                0x000000000000496c       0x18 /home/frank/TrustSQLite/stm32mp1-openstlinux-5.10-dunfell-mp1-21-11-17/SDK/sysroots/cortexa7t2hf-neon-vfpv4-ostl-linux-gnueabi/usr/include/optee/export-user_ta/lib/libutee.a(utee_syscalls_a32.o)
                0x000000000000496c                utee_tzvfs_mmap
 .text.utee_tzvfs_mremap
                0x0000000000004984       0x18 /home/frank/TrustSQLite/stm32mp1-openstlinux-5.10-dunfell-mp1-21-11-17/SDK/sysroots/cortexa7t2hf-neon-vfpv4-ostl-linux-gnueabi/usr/include/optee/export-user_ta/lib/libutee.a(utee_syscalls_a32.o)
                0x0000000000004984                utee_tzvfs_mremap
 .text.utee_tzvfs_munmap
                0x000000000000499c       0x14 /home/frank/TrustSQLite/stm32mp1-openstlinux-5.10-dunfell-mp1-21-11-17/SDK/sysroots/cortexa7t2hf-neon-vfpv4-ostl-linux-gnueabi/usr/include/optee/export-user_ta/lib/libutee.a(utee_syscalls_a32.o)
                0x000000000000499c                utee_tzvfs_munmap
 .text.utee_tzvfs_strcspn
                0x00000000000049b0       0x14 /home/frank/TrustSQLite/stm32mp1-openstlinux-5.10-dunfell-mp1-21-11-17/SDK/sysroots/cortexa7t2hf-neon-vfpv4-ostl-linux-gnueabi/usr/include/optee/export-user_ta/lib/libutee.a(utee_syscalls_a32.o)
                0x00000000000049b0                utee_tzvfs_strcspn
 .text.utee_tzvfs_utimes
                0x00000000000049c4       0x14 /home/frank/TrustSQLite/stm32mp1-openstlinux-5.10-dunfell-mp1-21-11-17/SDK/sysroots/cortexa7t2hf-neon-vfpv4-ostl-linux-gnueabi/usr/include/optee/export-user_ta/lib/libutee.a(utee_syscalls_a32.o)
                0x00000000000049c4                utee_tzvfs_utimes
 .text.utee_tzvfs_lseek
                0x00000000000049d8       0x14 /home/frank/TrustSQLite/stm32mp1-openstlinux-5.10-dunfell-mp1-21-11-17/SDK/sysroots/cortexa7t2hf-neon-vfpv4-ostl-linux-gnueabi/usr/include/optee/export-user_ta/lib/libutee.a(utee_syscalls_a32.o)
                0x00000000000049d8                utee_tzvfs_lseek
 .text.utee_tzvfs_fsync
                0x00000000000049ec       0x14 /home/frank/TrustSQLite/stm32mp1-openstlinux-5.10-dunfell-mp1-21-11-17/SDK/sysroots/cortexa7t2hf-neon-vfpv4-ostl-linux-gnueabi/usr/include/optee/export-user_ta/lib/libutee.a(utee_syscalls_a32.o)
                0x00000000000049ec                utee_tzvfs_fsync
 .text.utee_tzvfs_getenv
                0x0000000000004a00       0x14 /home/frank/TrustSQLite/stm32mp1-openstlinux-5.10-dunfell-mp1-21-11-17/SDK/sysroots/cortexa7t2hf-neon-vfpv4-ostl-linux-gnueabi/usr/include/optee/export-user_ta/lib/libutee.a(utee_syscalls_a32.o)
                0x0000000000004a00                utee_tzvfs_getenv
 .text.utee_tzvfs_getpid
                0x0000000000004a14       0x14 /home/frank/TrustSQLite/stm32mp1-openstlinux-5.10-dunfell-mp1-21-11-17/SDK/sysroots/cortexa7t2hf-neon-vfpv4-ostl-linux-gnueabi/usr/include/optee/export-user_ta/lib/libutee.a(utee_syscalls_a32.o)
                0x0000000000004a14                utee_tzvfs_getpid
 .text.utee_tzvfs_time
                0x0000000000004a28       0x14 /home/frank/TrustSQLite/stm32mp1-openstlinux-5.10-dunfell-mp1-21-11-17/SDK/sysroots/cortexa7t2hf-neon-vfpv4-ostl-linux-gnueabi/usr/include/optee/export-user_ta/lib/libutee.a(utee_syscalls_a32.o)
                0x0000000000004a28                utee_tzvfs_time
 .text.utee_tzvfs_sleep
                0x0000000000004a3c       0x14 /home/frank/TrustSQLite/stm32mp1-openstlinux-5.10-dunfell-mp1-21-11-17/SDK/sysroots/cortexa7t2hf-neon-vfpv4-ostl-linux-gnueabi/usr/include/optee/export-user_ta/lib/libutee.a(utee_syscalls_a32.o)
                0x0000000000004a3c                utee_tzvfs_sleep
 .text.utee_tzvfs_gettimeofday
                0x0000000000004a50       0x14 /home/frank/TrustSQLite/stm32mp1-openstlinux-5.10-dunfell-mp1-21-11-17/SDK/sysroots/cortexa7t2hf-neon-vfpv4-ostl-linux-gnueabi/usr/include/optee/export-user_ta/lib/libutee.a(utee_syscalls_a32.o)
                0x0000000000004a50                utee_tzvfs_gettimeofday
 .text.utee_tzvfs_fchown
                0x0000000000004a64       0x14 /home/frank/TrustSQLite/stm32mp1-openstlinux-5.10-dunfell-mp1-21-11-17/SDK/sysroots/cortexa7t2hf-neon-vfpv4-ostl-linux-gnueabi/usr/include/optee/export-user_ta/lib/libutee.a(utee_syscalls_a32.o)
                0x0000000000004a64                utee_tzvfs_fchown
 .text          0x0000000000004a78      0x4ac /home/frank/TrustSQLite/stm32mp1-openstlinux-5.10-dunfell-mp1-21-11-17/SDK/sysroots/cortexa7t2hf-neon-vfpv4-ostl-linux-gnueabi/usr/include/optee/export-user_ta/lib/libutee.a(user_ta_entry.o)
                0x0000000000004c48                __utee_call_elf_init_fn
                0x0000000000004d00                __utee_call_elf_fini_fn
                0x0000000000004d7c                __utee_entry
 .text.unlikely
                0x0000000000004f24       0x18 /home/frank/TrustSQLite/stm32mp1-openstlinux-5.10-dunfell-mp1-21-11-17/SDK/sysroots/cortexa7t2hf-neon-vfpv4-ostl-linux-gnueabi/usr/include/optee/export-user_ta/lib/libutee.a(abort.o)
                0x0000000000004f24                abort
 .text          0x0000000000004f3c     0x11d4 /home/frank/TrustSQLite/stm32mp1-openstlinux-5.10-dunfell-mp1-21-11-17/SDK/sysroots/cortexa7t2hf-neon-vfpv4-ostl-linux-gnueabi/usr/include/optee/export-user_ta/lib/libutee.a(tee_api_arith_mpi.o)
                0x0000000000005534                _TEE_MathAPI_Init
                0x0000000000005578                TEE_BigIntInit
                0x00000000000055b0                TEE_BigIntConvertFromOctetString
                0x0000000000005608                TEE_BigIntConvertToOctetString
                0x0000000000005660                TEE_BigIntConvertFromS32
                0x00000000000056b0                TEE_BigIntConvertToS32
                0x000000000000570c                TEE_BigIntCmp
                0x0000000000005742                TEE_BigIntCmpS32
                0x000000000000586c                TEE_BigIntShiftRight
                0x000000000000597c                TEE_BigIntGetBit
                0x00000000000059a6                TEE_BigIntGetBitCount
                0x00000000000059c8                TEE_BigIntAdd
                0x00000000000059e8                TEE_BigIntSub
                0x0000000000005a08                TEE_BigIntNeg
                0x0000000000005a7c                TEE_BigIntMul
                0x0000000000005b24                TEE_BigIntSquare
                0x0000000000005b2a                TEE_BigIntDiv
                0x0000000000005c18                TEE_BigIntMod
                0x0000000000005c68                TEE_BigIntAddMod
                0x0000000000005c84                TEE_BigIntSubMod
                0x0000000000005ca0                TEE_BigIntMulMod
                0x0000000000005cbc                TEE_BigIntSquareMod
                0x0000000000005cc4                TEE_BigIntInvMod
                0x0000000000005d84                TEE_BigIntRelativePrime
                0x0000000000005e00                TEE_BigIntComputeExtendedGcd
                0x0000000000005fa4                TEE_BigIntIsProbablePrime
                0x0000000000005fd4                TEE_BigIntInitFMM
                0x0000000000005fd8                TEE_BigIntInitFMMContext
                0x0000000000005fda                TEE_BigIntFMMSizeInU32
                0x0000000000005fe2                TEE_BigIntFMMContextSizeInU32
                0x0000000000005fe6                TEE_BigIntConvertToFMM
                0x0000000000005fea                TEE_BigIntConvertFromFMM
                0x0000000000006050                TEE_BigIntComputeFMM
 .text          0x0000000000006110      0x240 /home/frank/TrustSQLite/stm32mp1-openstlinux-5.10-dunfell-mp1-21-11-17/SDK/sysroots/cortexa7t2hf-neon-vfpv4-ostl-linux-gnueabi/usr/include/optee/export-user_ta/lib/libutee.a(tcb.o)
                0x0000000000006110                __utee_tcb_init
                0x0000000000006290                __tls_get_addr
                0x00000000000062a8                dl_iterate_phdr
 .text          0x0000000000006350       0x38 /home/frank/TrustSQLite/stm32mp1-openstlinux-5.10-dunfell-mp1-21-11-17/SDK/sysroots/cortexa7t2hf-neon-vfpv4-ostl-linux-gnueabi/usr/include/optee/export-user_ta/lib/libutee.a(assert.o)
                0x0000000000006350                _assert_log
                0x0000000000006378                _assert_break
 .text          0x0000000000006388     0x2a20 /home/frank/TrustSQLite/stm32mp1-openstlinux-5.10-dunfell-mp1-21-11-17/SDK/sysroots/cortexa7t2hf-neon-vfpv4-ostl-linux-gnueabi/usr/include/optee/export-user_ta/lib/libmbedtls.a(bignum.o)
                0x000000000000698e                mbedtls_mpi_init
                0x000000000000699a                mbedtls_mpi_init_mempool
                0x00000000000069c0                mbedtls_mpi_free
                0x0000000000006a04                mbedtls_mpi_grow
                0x0000000000006a9c                mbedtls_mpi_shrink
                0x0000000000006b50                mbedtls_mpi_copy
                0x0000000000006baa                mbedtls_mpi_swap
                0x0000000000006bd8                mbedtls_mpi_safe_cond_assign
                0x0000000000006c40                mbedtls_mpi_safe_cond_swap
                0x0000000000006cca                mbedtls_mpi_lset
                0x0000000000006d02                mbedtls_mpi_get_bit
                0x0000000000006d24                mbedtls_mpi_set_bit
                0x0000000000006d76                mbedtls_mpi_lsb
                0x0000000000006daa                mbedtls_mpi_bitlen
                0x0000000000006de0                mbedtls_mpi_size
                0x0000000000006dec                mbedtls_mpi_read_binary_le
                0x0000000000006e50                mbedtls_mpi_read_binary
                0x0000000000006ec6                mbedtls_mpi_write_binary_le
                0x0000000000006f34                mbedtls_mpi_write_binary
                0x0000000000006fa2                mbedtls_mpi_shift_l
                0x0000000000007044                mbedtls_mpi_shift_r
                0x00000000000070bc                mbedtls_mpi_cmp_abs
                0x000000000000711e                mbedtls_mpi_cmp_mpi
                0x00000000000071a8                mbedtls_mpi_lt_mpi_ct
                0x0000000000007250                mbedtls_mpi_cmp_int
                0x000000000000727e                mbedtls_mpi_add_abs
                0x0000000000007330                mbedtls_mpi_sub_abs
                0x00000000000073ac                mbedtls_mpi_add_mpi
                0x00000000000073f4                mbedtls_mpi_sub_mpi
                0x000000000000743e                mbedtls_mpi_add_int
                0x000000000000746c                mbedtls_mpi_sub_int
                0x000000000000749a                mbedtls_mpi_mul_mpi
                0x0000000000007568                mbedtls_mpi_mul_int
                0x0000000000007584                mbedtls_mpi_read_string
                0x00000000000076ac                mbedtls_mpi_div_mpi
                0x0000000000007a22                mbedtls_mpi_div_int
                0x0000000000007a50                mbedtls_mpi_mod_mpi
                0x0000000000007ab4                mbedtls_mpi_mod_int
                0x0000000000007b22                mbedtls_mpi_write_string
                0x0000000000007cd4                mbedtls_mpi_montg_init
                0x0000000000007cfc                mbedtls_mpi_montmul
                0x0000000000007dc4                mbedtls_mpi_montred
                0x0000000000007de6                mbedtls_mpi_exp_mod
                0x0000000000008230                mbedtls_mpi_gcd
                0x0000000000008338                mbedtls_mpi_fill_random
                0x0000000000008530                mbedtls_mpi_inv_mod
                0x000000000000882e                mbedtls_mpi_is_prime_ext
                0x0000000000008892                mbedtls_mpi_is_prime
                0x000000000000889c                mbedtls_mpi_gen_prime
                0x0000000000008aac                mbedtls_mpi_self_test
 .text          0x0000000000008da8       0x14 /home/frank/TrustSQLite/stm32mp1-openstlinux-5.10-dunfell-mp1-21-11-17/SDK/sysroots/cortexa7t2hf-neon-vfpv4-ostl-linux-gnueabi/usr/include/optee/export-user_ta/lib/libmbedtls.a(platform_util.o)
                0x0000000000008da8                mbedtls_platform_zeroize
 .text          0x0000000000008dbc      0x970 /home/frank/TrustSQLite/stm32mp1-openstlinux-5.10-dunfell-mp1-21-11-17/SDK/sysroots/cortexa7t2hf-neon-vfpv4-ostl-linux-gnueabi/usr/include/optee/export-user_ta/lib/libutils.a(bget_malloc.o)
                0x0000000000008dec                bget
                0x0000000000008ff4                bgetz
                0x0000000000009054                brel
                0x000000000000925c                bgetr
                0x00000000000092e0                bpool
                0x000000000000937c                bstats
                0x00000000000093e0                malloc_reset_stats
                0x00000000000093f4                malloc_get_stats
                0x0000000000009410                malloc
                0x0000000000009440                calloc
                0x0000000000009490                realloc
                0x00000000000094c4                memalign
                0x0000000000009504                free
                0x0000000000009518                free_wipe
                0x000000000000952c                malloc_add_pool
                0x00000000000095f8                malloc_buffer_is_within_alloced
                0x00000000000096d8                malloc_buffer_overlaps_heap
 .text          0x000000000000972c      0x104 /home/frank/TrustSQLite/stm32mp1-openstlinux-5.10-dunfell-mp1-21-11-17/SDK/sysroots/cortexa7t2hf-neon-vfpv4-ostl-linux-gnueabi/usr/include/optee/export-user_ta/lib/libutils.a(mempool.o)
                0x000000000000972c                mempool_alloc_pool
                0x0000000000009770                mempool_alloc
                0x00000000000097dc                mempool_calloc
                0x0000000000009800                mempool_free
 .text          0x0000000000009830        0xe ./user_ta_header.o
                0x0000000000009830                __ta_entry_c
                0x000000000000983a                tahead_get_trace_level
 .text          0x000000000000983e       0x10 /home/frank/TrustSQLite/stm32mp1-openstlinux-5.10-dunfell-mp1-21-11-17/SDK/sysroots/cortexa7t2hf-neon-vfpv4-ostl-linux-gnueabi/usr/include/optee/export-user_ta/lib/libutils.a(memset.o)
                0x000000000000983e                memset
 .text          0x000000000000984e       0x1a /home/frank/TrustSQLite/stm32mp1-openstlinux-5.10-dunfell-mp1-21-11-17/SDK/sysroots/cortexa7t2hf-neon-vfpv4-ostl-linux-gnueabi/usr/include/optee/export-user_ta/lib/libutils.a(strchr.o)
                0x000000000000984e                strchr
 .text          0x0000000000009868       0x16 /home/frank/TrustSQLite/stm32mp1-openstlinux-5.10-dunfell-mp1-21-11-17/SDK/sysroots/cortexa7t2hf-neon-vfpv4-ostl-linux-gnueabi/usr/include/optee/export-user_ta/lib/libutils.a(strcmp.o)
                0x0000000000009868                strcmp
 .text          0x000000000000987e       0x10 /home/frank/TrustSQLite/stm32mp1-openstlinux-5.10-dunfell-mp1-21-11-17/SDK/sysroots/cortexa7t2hf-neon-vfpv4-ostl-linux-gnueabi/usr/include/optee/export-user_ta/lib/libutils.a(strlen.o)
                0x000000000000987e                strlen
 .text          0x000000000000988e       0x26 /home/frank/TrustSQLite/stm32mp1-openstlinux-5.10-dunfell-mp1-21-11-17/SDK/sysroots/cortexa7t2hf-neon-vfpv4-ostl-linux-gnueabi/usr/include/optee/export-user_ta/lib/libutils.a(strncpy.o)
                0x000000000000988e                strncpy
 .text          0x00000000000098b4       0x32 /home/frank/TrustSQLite/stm32mp1-openstlinux-5.10-dunfell-mp1-21-11-17/SDK/sysroots/cortexa7t2hf-neon-vfpv4-ostl-linux-gnueabi/usr/include/optee/export-user_ta/lib/libutils.a(strstr.o)
                0x00000000000098b4                strstr
 .text          0x00000000000098e6       0x1c /home/frank/TrustSQLite/stm32mp1-openstlinux-5.10-dunfell-mp1-21-11-17/SDK/sysroots/cortexa7t2hf-neon-vfpv4-ostl-linux-gnueabi/usr/include/optee/export-user_ta/lib/libutils.a(memchr.o)
                0x00000000000098e6                memchr
 .text          0x0000000000009902      0x17c /home/frank/TrustSQLite/stm32mp1-openstlinux-5.10-dunfell-mp1-21-11-17/SDK/sysroots/cortexa7t2hf-neon-vfpv4-ostl-linux-gnueabi/usr/include/optee/export-user_ta/lib/libutils.a(arm32_aeabi_ldivmod.o)
                0x0000000000009902                __ul_divmod
                0x000000000000997e                __l_divmod
 .text          0x0000000000009a7e       0x2c /home/frank/TrustSQLite/stm32mp1-openstlinux-5.10-dunfell-mp1-21-11-17/SDK/sysroots/cortexa7t2hf-neon-vfpv4-ostl-linux-gnueabi/usr/include/optee/export-user_ta/lib/libutils.a(snprintf.o)
                0x0000000000009a7e                snprintf
                0x0000000000009a9c                vsnprintf
 .text          0x0000000000009aaa       0x34 /home/frank/TrustSQLite/stm32mp1-openstlinux-5.10-dunfell-mp1-21-11-17/SDK/sysroots/cortexa7t2hf-neon-vfpv4-ostl-linux-gnueabi/usr/include/optee/export-user_ta/lib/libutils.a(memmove.o)
                0x0000000000009aaa                memmove
 .text          0x0000000000009ade       0x48 /home/frank/TrustSQLite/stm32mp1-openstlinux-5.10-dunfell-mp1-21-11-17/SDK/sysroots/cortexa7t2hf-neon-vfpv4-ostl-linux-gnueabi/usr/include/optee/export-user_ta/lib/libutils.a(consttime_memcmp.o)
                0x0000000000009ade                consttime_memcmp
 .text          0x0000000000009b26        0x0 ./ta_entry_a32.o
 .text          0x0000000000009b26        0x0 /home/frank/TrustSQLite/stm32mp1-openstlinux-5.10-dunfell-mp1-21-11-17/SDK/sysroots/cortexa7t2hf-neon-vfpv4-ostl-linux-gnueabi/usr/include/optee/export-user_ta/lib/libutils.a(arm32_aeabi_ldivmod_a32.o)
 .text          0x0000000000009b26        0x0 /home/frank/TrustSQLite/stm32mp1-openstlinux-5.10-dunfell-mp1-21-11-17/SDK/sysroots/cortexa7t2hf-neon-vfpv4-ostl-linux-gnueabi/usr/include/optee/export-user_ta/lib/libutee.a(abort.o)
 *fill*         0x0000000000009b26        0x2 
 .text.__stub   0x0000000000009b28       0x40 linker stubs
 *(SORT_BY_ALIGNMENT(.stub))
 *(SORT_BY_ALIGNMENT(.glue_7))
 .glue_7        0x0000000000009b68        0x0 linker stubs
 *(SORT_BY_ALIGNMENT(.glue_7t))
 .glue_7t       0x0000000000009b68        0x0 linker stubs
 *(SORT_BY_ALIGNMENT(.gnu.linkonce.t.*))
 *(SORT_BY_ALIGNMENT(.vfp11_veneer))
 .vfp11_veneer  0x0000000000009b68        0x0 linker stubs
                0x0000000000009b68                __text_end = .

.v4_bx          0x0000000000009b68        0x0
 .v4_bx         0x0000000000009b68        0x0 linker stubs

.iplt           0x0000000000009b68        0x0
 .iplt          0x0000000000009b68        0x0 ./frank_ta.o

.plt            0x0000000000009b68        0x0
 *(SORT_BY_ALIGNMENT(.plt))
 .plt           0x0000000000009b68        0x0 ./frank_ta.o

.eh_frame_hdr
 *(SORT_BY_ALIGNMENT(.eh_frame_hdr))
 *(SORT_BY_ALIGNMENT(.eh_frame_entry) SORT_BY_ALIGNMENT(.eh_frame_entry.*))

.eh_frame
 *(SORT_BY_ALIGNMENT(.eh_frame))
 *(SORT_BY_ALIGNMENT(.eh_frame.*))

.gcc_except_table
 *(SORT_BY_ALIGNMENT(.gcc_except_table) SORT_BY_ALIGNMENT(.gcc_except_table.*))

.rodata         0x0000000000009b68     0x1494
 *(SORT_BY_ALIGNMENT(.gnu.linkonce.r.*))
 *(SORT_BY_ALIGNMENT(.rodata) SORT_BY_ALIGNMENT(.rodata.*))
 .rodata.user_ta_header.c
                0x0000000000009b68       0x1b ./user_ta_header.o
                0x0000000000009b68                ta_num_props
                0x0000000000009b7c                ta_heap_size
                0x0000000000009b80                trace_ext_prefix
 *fill*         0x0000000000009b83        0x1 
 .rodata.lib/libutee/tee_system_pta.c
                0x0000000000009b84       0x1a /home/frank/TrustSQLite/stm32mp1-openstlinux-5.10-dunfell-mp1-21-11-17/SDK/sysroots/cortexa7t2hf-neon-vfpv4-ostl-linux-gnueabi/usr/include/optee/export-user_ta/lib/libutee.a(tee_system_pta.o)
 *fill*         0x0000000000009b9e        0x2 
 .rodata.lib/libmbedtls/mbedtls/library/bignum.c
                0x0000000000009ba0      0x2c4 /home/frank/TrustSQLite/stm32mp1-openstlinux-5.10-dunfell-mp1-21-11-17/SDK/sysroots/cortexa7t2hf-neon-vfpv4-ostl-linux-gnueabi/usr/include/optee/export-user_ta/lib/libmbedtls.a(bignum.o)
 .rodata.str1.1.frank_ta.c
                0x0000000000009e64      0x3c7 ./frank_ta.o
 .rodata.frank_ta.c
                0x000000000000a22b       0xd7 ./frank_ta.o
 .rodata.str1.1.user_ta_header.c
                0x000000000000a302      0x128 ./user_ta_header.o
 .rodata.str1.1.lib/libutils/ext/trace.c
                0x000000000000a42a       0x1a /home/frank/TrustSQLite/stm32mp1-openstlinux-5.10-dunfell-mp1-21-11-17/SDK/sysroots/cortexa7t2hf-neon-vfpv4-ostl-linux-gnueabi/usr/include/optee/export-user_ta/lib/libutils.a(trace.o)
                                         0x1b (size before relaxing)
 .rodata.lib/libutils/ext/trace.c
                0x000000000000a444        0x5 /home/frank/TrustSQLite/stm32mp1-openstlinux-5.10-dunfell-mp1-21-11-17/SDK/sysroots/cortexa7t2hf-neon-vfpv4-ostl-linux-gnueabi/usr/include/optee/export-user_ta/lib/libutils.a(trace.o)
 .rodata.str1.1.lib/libutils/ext/snprintk.c
                0x000000000000a449       0x38 /home/frank/TrustSQLite/stm32mp1-openstlinux-5.10-dunfell-mp1-21-11-17/SDK/sysroots/cortexa7t2hf-neon-vfpv4-ostl-linux-gnueabi/usr/include/optee/export-user_ta/lib/libutils.a(snprintk.o)
 .rodata.lib/libutils/ext/snprintk.c
                0x000000000000a481       0x22 /home/frank/TrustSQLite/stm32mp1-openstlinux-5.10-dunfell-mp1-21-11-17/SDK/sysroots/cortexa7t2hf-neon-vfpv4-ostl-linux-gnueabi/usr/include/optee/export-user_ta/lib/libutils.a(snprintk.o)
 .rodata.str1.1.lib/libutee/trace_ext.c
                0x000000000000a4a3       0x38 /home/frank/TrustSQLite/stm32mp1-openstlinux-5.10-dunfell-mp1-21-11-17/SDK/sysroots/cortexa7t2hf-neon-vfpv4-ostl-linux-gnueabi/usr/include/optee/export-user_ta/lib/libutee.a(trace_ext.o)
                                          0x2 (size before relaxing)
 .rodata.str1.1.lib/libutee/tee_api.c
                0x000000000000a4a3       0x11 /home/frank/TrustSQLite/stm32mp1-openstlinux-5.10-dunfell-mp1-21-11-17/SDK/sysroots/cortexa7t2hf-neon-vfpv4-ostl-linux-gnueabi/usr/include/optee/export-user_ta/lib/libutee.a(tee_api.o)
 .rodata.lib/libutee/tee_api.c
                0x000000000000a4b4        0xb /home/frank/TrustSQLite/stm32mp1-openstlinux-5.10-dunfell-mp1-21-11-17/SDK/sysroots/cortexa7t2hf-neon-vfpv4-ostl-linux-gnueabi/usr/include/optee/export-user_ta/lib/libutee.a(tee_api.o)
 .rodata.str1.1.lib/libutee/tee_system_pta.c
                0x000000000000a4bf       0x2a /home/frank/TrustSQLite/stm32mp1-openstlinux-5.10-dunfell-mp1-21-11-17/SDK/sysroots/cortexa7t2hf-neon-vfpv4-ostl-linux-gnueabi/usr/include/optee/export-user_ta/lib/libutee.a(tee_system_pta.o)
 .rodata.str1.1.lib/libutee/arch/arm/user_ta_entry.c
                0x000000000000a4e9       0x19 /home/frank/TrustSQLite/stm32mp1-openstlinux-5.10-dunfell-mp1-21-11-17/SDK/sysroots/cortexa7t2hf-neon-vfpv4-ostl-linux-gnueabi/usr/include/optee/export-user_ta/lib/libutee.a(user_ta_entry.o)
 .rodata.lib/libutee/arch/arm/user_ta_entry.c
                0x000000000000a502       0x16 /home/frank/TrustSQLite/stm32mp1-openstlinux-5.10-dunfell-mp1-21-11-17/SDK/sysroots/cortexa7t2hf-neon-vfpv4-ostl-linux-gnueabi/usr/include/optee/export-user_ta/lib/libutee.a(user_ta_entry.o)
 .rodata.str1.1.lib/libutee/abort.c
                0x000000000000a518        0x7 /home/frank/TrustSQLite/stm32mp1-openstlinux-5.10-dunfell-mp1-21-11-17/SDK/sysroots/cortexa7t2hf-neon-vfpv4-ostl-linux-gnueabi/usr/include/optee/export-user_ta/lib/libutee.a(abort.o)
 .rodata.str1.1.lib/libutee/tee_api_arith_mpi.c
                0x000000000000a51f       0xb7 /home/frank/TrustSQLite/stm32mp1-openstlinux-5.10-dunfell-mp1-21-11-17/SDK/sysroots/cortexa7t2hf-neon-vfpv4-ostl-linux-gnueabi/usr/include/optee/export-user_ta/lib/libutee.a(tee_api_arith_mpi.o)
 .rodata.lib/libutee/tee_api_arith_mpi.c
                0x000000000000a5d6      0x13d /home/frank/TrustSQLite/stm32mp1-openstlinux-5.10-dunfell-mp1-21-11-17/SDK/sysroots/cortexa7t2hf-neon-vfpv4-ostl-linux-gnueabi/usr/include/optee/export-user_ta/lib/libutee.a(tee_api_arith_mpi.o)
 .rodata.str1.1.lib/libutee/arch/arm/tcb.c
                0x000000000000a713       0x96 /home/frank/TrustSQLite/stm32mp1-openstlinux-5.10-dunfell-mp1-21-11-17/SDK/sysroots/cortexa7t2hf-neon-vfpv4-ostl-linux-gnueabi/usr/include/optee/export-user_ta/lib/libutee.a(tcb.o)
 .rodata.lib/libutee/arch/arm/tcb.c
                0x000000000000a7a9       0x20 /home/frank/TrustSQLite/stm32mp1-openstlinux-5.10-dunfell-mp1-21-11-17/SDK/sysroots/cortexa7t2hf-neon-vfpv4-ostl-linux-gnueabi/usr/include/optee/export-user_ta/lib/libutee.a(tcb.o)
 .rodata.str1.1.lib/libutee/assert.c
                0x000000000000a7c9       0x27 /home/frank/TrustSQLite/stm32mp1-openstlinux-5.10-dunfell-mp1-21-11-17/SDK/sysroots/cortexa7t2hf-neon-vfpv4-ostl-linux-gnueabi/usr/include/optee/export-user_ta/lib/libutee.a(assert.o)
 .rodata.str1.1.lib/libmbedtls/mbedtls/library/bignum.c
                0x000000000000a7f0      0x456 /home/frank/TrustSQLite/stm32mp1-openstlinux-5.10-dunfell-mp1-21-11-17/SDK/sysroots/cortexa7t2hf-neon-vfpv4-ostl-linux-gnueabi/usr/include/optee/export-user_ta/lib/libmbedtls.a(bignum.o)
                                        0x45d (size before relaxing)
 .rodata.str1.1.lib/libutils/isoc/bget_malloc.c
                0x000000000000ac46      0x2c3 /home/frank/TrustSQLite/stm32mp1-openstlinux-5.10-dunfell-mp1-21-11-17/SDK/sysroots/cortexa7t2hf-neon-vfpv4-ostl-linux-gnueabi/usr/include/optee/export-user_ta/lib/libutils.a(bget_malloc.o)
                                        0x2ce (size before relaxing)
 .rodata.lib/libutils/isoc/bget_malloc.c
                0x000000000000af09       0x58 /home/frank/TrustSQLite/stm32mp1-openstlinux-5.10-dunfell-mp1-21-11-17/SDK/sysroots/cortexa7t2hf-neon-vfpv4-ostl-linux-gnueabi/usr/include/optee/export-user_ta/lib/libutils.a(bget_malloc.o)
 .rodata.str1.1.lib/libutils/ext/mempool.c
                0x000000000000af61       0x7a /home/frank/TrustSQLite/stm32mp1-openstlinux-5.10-dunfell-mp1-21-11-17/SDK/sysroots/cortexa7t2hf-neon-vfpv4-ostl-linux-gnueabi/usr/include/optee/export-user_ta/lib/libutils.a(mempool.o)
 .rodata.lib/libutils/ext/mempool.c
                0x000000000000afdb       0x21 /home/frank/TrustSQLite/stm32mp1-openstlinux-5.10-dunfell-mp1-21-11-17/SDK/sysroots/cortexa7t2hf-neon-vfpv4-ostl-linux-gnueabi/usr/include/optee/export-user_ta/lib/libutils.a(mempool.o)

.gnu.version_d  0x000000000000affc        0x0
 .gnu.version_d
                0x000000000000affc        0x0 ./frank_ta.o

.gnu.version    0x000000000000affc        0x0
 .gnu.version   0x000000000000affc        0x0 ./frank_ta.o

.gnu.version_r  0x000000000000affc        0x0
 .gnu.version_r
                0x000000000000affc        0x0 ./frank_ta.o

.gnu.hash       0x000000000000affc       0x2c
 .gnu.hash      0x000000000000affc       0x2c ./frank_ta.o

.ARM.extab
 *(SORT_BY_ALIGNMENT(.ARM.extab*) SORT_BY_ALIGNMENT(.gnu.linkonce.armextab.*))
                [!provide]                        PROVIDE (__exidx_start = .)

.ARM.exidx
 *(SORT_BY_ALIGNMENT(.ARM.exidx*) SORT_BY_ALIGNMENT(.gnu.linkonce.armexidx.*))
                [!provide]                        PROVIDE (__exidx_end = .)

.ctors
 *(SORT_BY_ALIGNMENT(.ctors))

.dtors
 *(SORT_BY_ALIGNMENT(.dtors))

.dynsym         0x000000000000b028       0x60
 *(SORT_BY_ALIGNMENT(.dynsym))
 .dynsym        0x000000000000b028       0x60 ./frank_ta.o

.dynstr         0x000000000000b088       0x2e
 *(SORT_BY_ALIGNMENT(.dynstr))
 .dynstr        0x000000000000b088       0x2e ./frank_ta.o

.hash           0x000000000000b0b8       0x2c
 *(SORT_BY_ALIGNMENT(.hash))
 .hash          0x000000000000b0b8       0x2c ./frank_ta.o
                0x000000000000c000                . = ALIGN (0x1000)

.dynamic        0x000000000000c000       0x88
 *(SORT_BY_ALIGNMENT(.dynamic))
 .dynamic       0x000000000000c000       0x88 ./frank_ta.o
                0x000000000000c000                _DYNAMIC

.tdata
 *(SORT_BY_ALIGNMENT(.tdata) SORT_BY_ALIGNMENT(.tdata.*) SORT_BY_ALIGNMENT(.gnu.linkonce.td.*))

.tbss
 *(SORT_BY_ALIGNMENT(.tbss) SORT_BY_ALIGNMENT(.tbss.*) SORT_BY_ALIGNMENT(.gnu.linkonce.tb.*))
 *(SORT_BY_ALIGNMENT(.tcommon))

.got            0x000000000000c088       0x74
 *(SORT_BY_ALIGNMENT(.got.plt))
 .got.plt       0x000000000000c088        0xc ./frank_ta.o
                0x000000000000c088                _GLOBAL_OFFSET_TABLE_
 *(SORT_BY_ALIGNMENT(.got))
 .got           0x000000000000c094       0x68 ./frank_ta.o

.rel.text
 *(SORT_BY_ALIGNMENT(.rel.text))
 *(SORT_BY_ALIGNMENT(.rel.gnu.linkonce.t*))

.rela.text
 *(SORT_BY_ALIGNMENT(.rela.text))
 *(SORT_BY_ALIGNMENT(.rela.gnu.linkonce.t*))

.rel.data
 *(SORT_BY_ALIGNMENT(.rel.data))
 *(SORT_BY_ALIGNMENT(.rel.gnu.linkonce.d*))

.rela.data
 *(SORT_BY_ALIGNMENT(.rela.data))
 *(SORT_BY_ALIGNMENT(.rela.gnu.linkonce.d*))

.rel.tdata
 *(SORT_BY_ALIGNMENT(.rel.tdata) SORT_BY_ALIGNMENT(.rel.tdata.*) SORT_BY_ALIGNMENT(.rel.gnu.linkonce.td.*))

.rela.tdata
 *(SORT_BY_ALIGNMENT(.rela.tdata) SORT_BY_ALIGNMENT(.rela.tdata.*) SORT_BY_ALIGNMENT(.rela.gnu.linkonce.td.*))

.rel.tbss
 *(SORT_BY_ALIGNMENT(.rel.tbss) SORT_BY_ALIGNMENT(.rel.tbss.*) SORT_BY_ALIGNMENT(.rel.gnu.linkonce.tb.*))

.rela.tbss
 *(SORT_BY_ALIGNMENT(.rela.tbss) SORT_BY_ALIGNMENT(.rela.tbss.*) SORT_BY_ALIGNMENT(.rela.gnu.linkonce.tb.*))

.rel.rodata
 *(SORT_BY_ALIGNMENT(.rel.rodata))
 *(SORT_BY_ALIGNMENT(.rel.gnu.linkonce.r*))

.rela.rodata
 *(SORT_BY_ALIGNMENT(.rela.rodata))
 *(SORT_BY_ALIGNMENT(.rela.gnu.linkonce.r*))

.rel.dyn        0x000000000000c0fc       0xc0
 *(SORT_BY_ALIGNMENT(.rel.dyn))
 .rel.data.rel.ro
                0x000000000000c0fc        0x0 ./frank_ta.o
 .rel.iplt      0x000000000000c0fc        0x0 ./frank_ta.o
 .rel.data.rel.local
                0x000000000000c0fc       0x28 ./frank_ta.o
 .rel.data.rel.ro.local
                0x000000000000c124       0x90 ./frank_ta.o
 .rel.data.rel  0x000000000000c1b4        0x8 ./frank_ta.o

.rel.got        0x000000000000c1bc       0xd0
 *(SORT_BY_ALIGNMENT(.rel.got))
 .rel.got       0x000000000000c1bc       0xd0 ./frank_ta.o

.rela.got
 *(SORT_BY_ALIGNMENT(.rela.got))

.rel.ctors
 *(SORT_BY_ALIGNMENT(.rel.ctors))

.rela.ctors
 *(SORT_BY_ALIGNMENT(.rela.ctors))

.rel.dtors
 *(SORT_BY_ALIGNMENT(.rel.dtors))

.rela.dtors
 *(SORT_BY_ALIGNMENT(.rela.dtors))

.rel.init
 *(SORT_BY_ALIGNMENT(.rel.init))

.rela.init
 *(SORT_BY_ALIGNMENT(.rela.init))

.rel.fini
 *(SORT_BY_ALIGNMENT(.rel.fini))

.rela.fini
 *(SORT_BY_ALIGNMENT(.rela.fini))

.rel.bss        0x000000000000c28c        0x0
 *(SORT_BY_ALIGNMENT(.rel.bss))
 .rel.bss       0x000000000000c28c        0x0 ./frank_ta.o

.rela.bss
 *(SORT_BY_ALIGNMENT(.rela.bss))

.rel.plt        0x000000000000c28c        0x0
 *(SORT_BY_ALIGNMENT(.rel.plt))
 .rel.plt       0x000000000000c28c        0x0 ./frank_ta.o

.rela.plt
 *(SORT_BY_ALIGNMENT(.rela.plt))

.data           0x000000000000c28c      0x2f0
 *(SORT_BY_ALIGNMENT(.data) SORT_BY_ALIGNMENT(.data.*) SORT_BY_ALIGNMENT(.gnu.linkonce.d.*))
 .data          0x000000000000c28c      0x20c ./frank_ta.o
                0x000000000000c28c                table
                0x000000000000c478                Aes128Iv
                0x000000000000c488                Aes128Key
 .data.rel.local
                0x000000000000c498        0x4 ./frank_ta.o
                0x000000000000c498                base64_table
 .data          0x000000000000c49c        0x4 ./user_ta_header.o
                0x000000000000c49c                trace_level
 .data.rel.ro.local
                0x000000000000c4a0       0x6c ./user_ta_header.o
                0x000000000000c4a0                ta_props
 .data.rel.local
                0x000000000000c50c       0x10 /home/frank/TrustSQLite/stm32mp1-openstlinux-5.10-dunfell-mp1-21-11-17/SDK/sysroots/cortexa7t2hf-neon-vfpv4-ostl-linux-gnueabi/usr/include/optee/export-user_ta/lib/libutee.a(user_ta_entry.o)
 .data.rel      0x000000000000c51c        0x4 /home/frank/TrustSQLite/stm32mp1-openstlinux-5.10-dunfell-mp1-21-11-17/SDK/sysroots/cortexa7t2hf-neon-vfpv4-ostl-linux-gnueabi/usr/include/optee/export-user_ta/lib/libmbedtls.a(platform_util.o)
 .data.rel.local
                0x000000000000c520       0x5c /home/frank/TrustSQLite/stm32mp1-openstlinux-5.10-dunfell-mp1-21-11-17/SDK/sysroots/cortexa7t2hf-neon-vfpv4-ostl-linux-gnueabi/usr/include/optee/export-user_ta/lib/libutils.a(bget_malloc.o)
 .data.rel.ro   0x000000000000c57c        0x0 ./frank_ta.o
 .data          0x000000000000c57c        0x0 ./ta_entry_a32.o
 .data          0x000000000000c57c        0x0 /home/frank/TrustSQLite/stm32mp1-openstlinux-5.10-dunfell-mp1-21-11-17/SDK/sysroots/cortexa7t2hf-neon-vfpv4-ostl-linux-gnueabi/usr/include/optee/export-user_ta/lib/libutils.a(memcpy.o)
 .data          0x000000000000c57c        0x0 /home/frank/TrustSQLite/stm32mp1-openstlinux-5.10-dunfell-mp1-21-11-17/SDK/sysroots/cortexa7t2hf-neon-vfpv4-ostl-linux-gnueabi/usr/include/optee/export-user_ta/lib/libutils.a(memset.o)
 .data          0x000000000000c57c        0x0 /home/frank/TrustSQLite/stm32mp1-openstlinux-5.10-dunfell-mp1-21-11-17/SDK/sysroots/cortexa7t2hf-neon-vfpv4-ostl-linux-gnueabi/usr/include/optee/export-user_ta/lib/libutils.a(strchr.o)
 .data          0x000000000000c57c        0x0 /home/frank/TrustSQLite/stm32mp1-openstlinux-5.10-dunfell-mp1-21-11-17/SDK/sysroots/cortexa7t2hf-neon-vfpv4-ostl-linux-gnueabi/usr/include/optee/export-user_ta/lib/libutils.a(strcmp.o)
 .data          0x000000000000c57c        0x0 /home/frank/TrustSQLite/stm32mp1-openstlinux-5.10-dunfell-mp1-21-11-17/SDK/sysroots/cortexa7t2hf-neon-vfpv4-ostl-linux-gnueabi/usr/include/optee/export-user_ta/lib/libutils.a(strlen.o)
 .data          0x000000000000c57c        0x0 /home/frank/TrustSQLite/stm32mp1-openstlinux-5.10-dunfell-mp1-21-11-17/SDK/sysroots/cortexa7t2hf-neon-vfpv4-ostl-linux-gnueabi/usr/include/optee/export-user_ta/lib/libutils.a(strncpy.o)
 .data          0x000000000000c57c        0x0 /home/frank/TrustSQLite/stm32mp1-openstlinux-5.10-dunfell-mp1-21-11-17/SDK/sysroots/cortexa7t2hf-neon-vfpv4-ostl-linux-gnueabi/usr/include/optee/export-user_ta/lib/libutils.a(strstr.o)
 .data          0x000000000000c57c        0x0 /home/frank/TrustSQLite/stm32mp1-openstlinux-5.10-dunfell-mp1-21-11-17/SDK/sysroots/cortexa7t2hf-neon-vfpv4-ostl-linux-gnueabi/usr/include/optee/export-user_ta/lib/libutils.a(trace.o)
 .data          0x000000000000c57c        0x0 /home/frank/TrustSQLite/stm32mp1-openstlinux-5.10-dunfell-mp1-21-11-17/SDK/sysroots/cortexa7t2hf-neon-vfpv4-ostl-linux-gnueabi/usr/include/optee/export-user_ta/lib/libutils.a(snprintk.o)
 .data          0x000000000000c57c        0x0 /home/frank/TrustSQLite/stm32mp1-openstlinux-5.10-dunfell-mp1-21-11-17/SDK/sysroots/cortexa7t2hf-neon-vfpv4-ostl-linux-gnueabi/usr/include/optee/export-user_ta/lib/libutils.a(memchr.o)
 .data          0x000000000000c57c        0x0 /home/frank/TrustSQLite/stm32mp1-openstlinux-5.10-dunfell-mp1-21-11-17/SDK/sysroots/cortexa7t2hf-neon-vfpv4-ostl-linux-gnueabi/usr/include/optee/export-user_ta/lib/libutils.a(arm32_aeabi_ldivmod_a32.o)
 .data          0x000000000000c57c        0x0 /home/frank/TrustSQLite/stm32mp1-openstlinux-5.10-dunfell-mp1-21-11-17/SDK/sysroots/cortexa7t2hf-neon-vfpv4-ostl-linux-gnueabi/usr/include/optee/export-user_ta/lib/libutils.a(arm32_aeabi_ldivmod.o)
 .data          0x000000000000c57c        0x0 /home/frank/TrustSQLite/stm32mp1-openstlinux-5.10-dunfell-mp1-21-11-17/SDK/sysroots/cortexa7t2hf-neon-vfpv4-ostl-linux-gnueabi/usr/include/optee/export-user_ta/lib/libutee.a(trace_ext.o)
 .data          0x000000000000c57c        0x0 /home/frank/TrustSQLite/stm32mp1-openstlinux-5.10-dunfell-mp1-21-11-17/SDK/sysroots/cortexa7t2hf-neon-vfpv4-ostl-linux-gnueabi/usr/include/optee/export-user_ta/lib/libutee.a(tee_api.o)
 .data          0x000000000000c57c        0x0 /home/frank/TrustSQLite/stm32mp1-openstlinux-5.10-dunfell-mp1-21-11-17/SDK/sysroots/cortexa7t2hf-neon-vfpv4-ostl-linux-gnueabi/usr/include/optee/export-user_ta/lib/libutee.a(tee_api_objects.o)
 .data          0x000000000000c57c        0x0 /home/frank/TrustSQLite/stm32mp1-openstlinux-5.10-dunfell-mp1-21-11-17/SDK/sysroots/cortexa7t2hf-neon-vfpv4-ostl-linux-gnueabi/usr/include/optee/export-user_ta/lib/libutee.a(tee_api_operations.o)
 .data          0x000000000000c57c        0x0 /home/frank/TrustSQLite/stm32mp1-openstlinux-5.10-dunfell-mp1-21-11-17/SDK/sysroots/cortexa7t2hf-neon-vfpv4-ostl-linux-gnueabi/usr/include/optee/export-user_ta/lib/libutee.a(tee_api_panic.o)
 .data          0x000000000000c57c        0x0 /home/frank/TrustSQLite/stm32mp1-openstlinux-5.10-dunfell-mp1-21-11-17/SDK/sysroots/cortexa7t2hf-neon-vfpv4-ostl-linux-gnueabi/usr/include/optee/export-user_ta/lib/libutee.a(tee_system_pta.o)
 .data          0x000000000000c57c        0x0 /home/frank/TrustSQLite/stm32mp1-openstlinux-5.10-dunfell-mp1-21-11-17/SDK/sysroots/cortexa7t2hf-neon-vfpv4-ostl-linux-gnueabi/usr/include/optee/export-user_ta/lib/libutee.a(utee_syscalls_a32.o)
 .data          0x000000000000c57c        0x0 /home/frank/TrustSQLite/stm32mp1-openstlinux-5.10-dunfell-mp1-21-11-17/SDK/sysroots/cortexa7t2hf-neon-vfpv4-ostl-linux-gnueabi/usr/include/optee/export-user_ta/lib/libutee.a(user_ta_entry.o)
 .data          0x000000000000c57c        0x0 /home/frank/TrustSQLite/stm32mp1-openstlinux-5.10-dunfell-mp1-21-11-17/SDK/sysroots/cortexa7t2hf-neon-vfpv4-ostl-linux-gnueabi/usr/include/optee/export-user_ta/lib/libutee.a(abort.o)
 .data          0x000000000000c57c        0x0 /home/frank/TrustSQLite/stm32mp1-openstlinux-5.10-dunfell-mp1-21-11-17/SDK/sysroots/cortexa7t2hf-neon-vfpv4-ostl-linux-gnueabi/usr/include/optee/export-user_ta/lib/libutee.a(tee_api_arith_mpi.o)
 .data          0x000000000000c57c        0x0 /home/frank/TrustSQLite/stm32mp1-openstlinux-5.10-dunfell-mp1-21-11-17/SDK/sysroots/cortexa7t2hf-neon-vfpv4-ostl-linux-gnueabi/usr/include/optee/export-user_ta/lib/libutee.a(tcb.o)
 .data          0x000000000000c57c        0x0 /home/frank/TrustSQLite/stm32mp1-openstlinux-5.10-dunfell-mp1-21-11-17/SDK/sysroots/cortexa7t2hf-neon-vfpv4-ostl-linux-gnueabi/usr/include/optee/export-user_ta/lib/libutee.a(assert.o)
 .data          0x000000000000c57c        0x0 /home/frank/TrustSQLite/stm32mp1-openstlinux-5.10-dunfell-mp1-21-11-17/SDK/sysroots/cortexa7t2hf-neon-vfpv4-ostl-linux-gnueabi/usr/include/optee/export-user_ta/lib/libmbedtls.a(bignum.o)
 .data          0x000000000000c57c        0x0 /home/frank/TrustSQLite/stm32mp1-openstlinux-5.10-dunfell-mp1-21-11-17/SDK/sysroots/cortexa7t2hf-neon-vfpv4-ostl-linux-gnueabi/usr/include/optee/export-user_ta/lib/libmbedtls.a(platform_util.o)
 .data          0x000000000000c57c        0x0 /home/frank/TrustSQLite/stm32mp1-openstlinux-5.10-dunfell-mp1-21-11-17/SDK/sysroots/cortexa7t2hf-neon-vfpv4-ostl-linux-gnueabi/usr/include/optee/export-user_ta/lib/libutils.a(bget_malloc.o)
 .data          0x000000000000c57c        0x0 /home/frank/TrustSQLite/stm32mp1-openstlinux-5.10-dunfell-mp1-21-11-17/SDK/sysroots/cortexa7t2hf-neon-vfpv4-ostl-linux-gnueabi/usr/include/optee/export-user_ta/lib/libutils.a(snprintf.o)
 .data          0x000000000000c57c        0x0 /home/frank/TrustSQLite/stm32mp1-openstlinux-5.10-dunfell-mp1-21-11-17/SDK/sysroots/cortexa7t2hf-neon-vfpv4-ostl-linux-gnueabi/usr/include/optee/export-user_ta/lib/libutils.a(memmove.o)
 .data          0x000000000000c57c        0x0 /home/frank/TrustSQLite/stm32mp1-openstlinux-5.10-dunfell-mp1-21-11-17/SDK/sysroots/cortexa7t2hf-neon-vfpv4-ostl-linux-gnueabi/usr/include/optee/export-user_ta/lib/libutils.a(mempool.o)
 .data          0x000000000000c57c        0x0 /home/frank/TrustSQLite/stm32mp1-openstlinux-5.10-dunfell-mp1-21-11-17/SDK/sysroots/cortexa7t2hf-neon-vfpv4-ostl-linux-gnueabi/usr/include/optee/export-user_ta/lib/libutils.a(consttime_memcmp.o)

.igot.plt       0x000000000000c57c        0x0
 .igot.plt      0x000000000000c57c        0x0 ./frank_ta.o

.bss            0x000000000000c57c   0x20b214
 *(SORT_BY_ALIGNMENT(.bss) SORT_BY_ALIGNMENT(.bss.*) SORT_BY_ALIGNMENT(.gnu.linkonce.b.*) SORT_BY_ALIGNMENT(COMMON))
 .bss           0x000000000000c57c        0x4 /home/frank/TrustSQLite/stm32mp1-openstlinux-5.10-dunfell-mp1-21-11-17/SDK/sysroots/cortexa7t2hf-neon-vfpv4-ostl-linux-gnueabi/usr/include/optee/export-user_ta/lib/libutee.a(tee_api.o)
 .bss           0x000000000000c580        0x4 /home/frank/TrustSQLite/stm32mp1-openstlinux-5.10-dunfell-mp1-21-11-17/SDK/sysroots/cortexa7t2hf-neon-vfpv4-ostl-linux-gnueabi/usr/include/optee/export-user_ta/lib/libutee.a(tee_system_pta.o)
 .bss           0x000000000000c584       0x38 /home/frank/TrustSQLite/stm32mp1-openstlinux-5.10-dunfell-mp1-21-11-17/SDK/sysroots/cortexa7t2hf-neon-vfpv4-ostl-linux-gnueabi/usr/include/optee/export-user_ta/lib/libutee.a(user_ta_entry.o)
                0x000000000000c58c                __elf_phdr_info
                0x000000000000c598                ta_params
                0x000000000000c5b8                ta_param_types
 .bss           0x000000000000c5bc     0x3000 /home/frank/TrustSQLite/stm32mp1-openstlinux-5.10-dunfell-mp1-21-11-17/SDK/sysroots/cortexa7t2hf-neon-vfpv4-ostl-linux-gnueabi/usr/include/optee/export-user_ta/lib/libutee.a(tee_api_arith_mpi.o)
 .bss           0x000000000000f5bc        0x8 /home/frank/TrustSQLite/stm32mp1-openstlinux-5.10-dunfell-mp1-21-11-17/SDK/sysroots/cortexa7t2hf-neon-vfpv4-ostl-linux-gnueabi/usr/include/optee/export-user_ta/lib/libutee.a(tcb.o)
 .bss           0x000000000000f5c4        0x4 /home/frank/TrustSQLite/stm32mp1-openstlinux-5.10-dunfell-mp1-21-11-17/SDK/sysroots/cortexa7t2hf-neon-vfpv4-ostl-linux-gnueabi/usr/include/optee/export-user_ta/lib/libmbedtls.a(bignum.o)
                0x000000000000f5c4                mbedtls_mpi_mempool
 .bss           0x000000000000f5c8   0x2001c8 ./frank_ta.o
                0x000000000000f5c8                plain
                0x000000000000f5fa                secret
                0x000000000000f62c                value
                0x000000000000f65e                name
                0x000000000000f690                base64
                0x000000000000f790                data
                0x000000000010f790                sql_proxy
 .bss           0x000000000020f790     0x8000 ./user_ta_header.o
                0x000000000020f790                ta_heap
 .bss           0x0000000000217790        0x0 ./ta_entry_a32.o
 .bss           0x0000000000217790        0x0 /home/frank/TrustSQLite/stm32mp1-openstlinux-5.10-dunfell-mp1-21-11-17/SDK/sysroots/cortexa7t2hf-neon-vfpv4-ostl-linux-gnueabi/usr/include/optee/export-user_ta/lib/libutils.a(memcpy.o)
 .bss           0x0000000000217790        0x0 /home/frank/TrustSQLite/stm32mp1-openstlinux-5.10-dunfell-mp1-21-11-17/SDK/sysroots/cortexa7t2hf-neon-vfpv4-ostl-linux-gnueabi/usr/include/optee/export-user_ta/lib/libutils.a(memset.o)
 .bss           0x0000000000217790        0x0 /home/frank/TrustSQLite/stm32mp1-openstlinux-5.10-dunfell-mp1-21-11-17/SDK/sysroots/cortexa7t2hf-neon-vfpv4-ostl-linux-gnueabi/usr/include/optee/export-user_ta/lib/libutils.a(strchr.o)
 .bss           0x0000000000217790        0x0 /home/frank/TrustSQLite/stm32mp1-openstlinux-5.10-dunfell-mp1-21-11-17/SDK/sysroots/cortexa7t2hf-neon-vfpv4-ostl-linux-gnueabi/usr/include/optee/export-user_ta/lib/libutils.a(strcmp.o)
 .bss           0x0000000000217790        0x0 /home/frank/TrustSQLite/stm32mp1-openstlinux-5.10-dunfell-mp1-21-11-17/SDK/sysroots/cortexa7t2hf-neon-vfpv4-ostl-linux-gnueabi/usr/include/optee/export-user_ta/lib/libutils.a(strlen.o)
 .bss           0x0000000000217790        0x0 /home/frank/TrustSQLite/stm32mp1-openstlinux-5.10-dunfell-mp1-21-11-17/SDK/sysroots/cortexa7t2hf-neon-vfpv4-ostl-linux-gnueabi/usr/include/optee/export-user_ta/lib/libutils.a(strncpy.o)
 .bss           0x0000000000217790        0x0 /home/frank/TrustSQLite/stm32mp1-openstlinux-5.10-dunfell-mp1-21-11-17/SDK/sysroots/cortexa7t2hf-neon-vfpv4-ostl-linux-gnueabi/usr/include/optee/export-user_ta/lib/libutils.a(strstr.o)
 .bss           0x0000000000217790        0x0 /home/frank/TrustSQLite/stm32mp1-openstlinux-5.10-dunfell-mp1-21-11-17/SDK/sysroots/cortexa7t2hf-neon-vfpv4-ostl-linux-gnueabi/usr/include/optee/export-user_ta/lib/libutils.a(trace.o)
 .bss           0x0000000000217790        0x0 /home/frank/TrustSQLite/stm32mp1-openstlinux-5.10-dunfell-mp1-21-11-17/SDK/sysroots/cortexa7t2hf-neon-vfpv4-ostl-linux-gnueabi/usr/include/optee/export-user_ta/lib/libutils.a(snprintk.o)
 .bss           0x0000000000217790        0x0 /home/frank/TrustSQLite/stm32mp1-openstlinux-5.10-dunfell-mp1-21-11-17/SDK/sysroots/cortexa7t2hf-neon-vfpv4-ostl-linux-gnueabi/usr/include/optee/export-user_ta/lib/libutils.a(memchr.o)
 .bss           0x0000000000217790        0x0 /home/frank/TrustSQLite/stm32mp1-openstlinux-5.10-dunfell-mp1-21-11-17/SDK/sysroots/cortexa7t2hf-neon-vfpv4-ostl-linux-gnueabi/usr/include/optee/export-user_ta/lib/libutils.a(arm32_aeabi_ldivmod_a32.o)
 .bss           0x0000000000217790        0x0 /home/frank/TrustSQLite/stm32mp1-openstlinux-5.10-dunfell-mp1-21-11-17/SDK/sysroots/cortexa7t2hf-neon-vfpv4-ostl-linux-gnueabi/usr/include/optee/export-user_ta/lib/libutils.a(arm32_aeabi_ldivmod.o)
 .bss           0x0000000000217790        0x0 /home/frank/TrustSQLite/stm32mp1-openstlinux-5.10-dunfell-mp1-21-11-17/SDK/sysroots/cortexa7t2hf-neon-vfpv4-ostl-linux-gnueabi/usr/include/optee/export-user_ta/lib/libutee.a(trace_ext.o)
 .bss           0x0000000000217790        0x0 /home/frank/TrustSQLite/stm32mp1-openstlinux-5.10-dunfell-mp1-21-11-17/SDK/sysroots/cortexa7t2hf-neon-vfpv4-ostl-linux-gnueabi/usr/include/optee/export-user_ta/lib/libutee.a(tee_api_objects.o)
 .bss           0x0000000000217790        0x0 /home/frank/TrustSQLite/stm32mp1-openstlinux-5.10-dunfell-mp1-21-11-17/SDK/sysroots/cortexa7t2hf-neon-vfpv4-ostl-linux-gnueabi/usr/include/optee/export-user_ta/lib/libutee.a(tee_api_operations.o)
 .bss           0x0000000000217790        0x0 /home/frank/TrustSQLite/stm32mp1-openstlinux-5.10-dunfell-mp1-21-11-17/SDK/sysroots/cortexa7t2hf-neon-vfpv4-ostl-linux-gnueabi/usr/include/optee/export-user_ta/lib/libutee.a(tee_api_panic.o)
 .bss           0x0000000000217790        0x0 /home/frank/TrustSQLite/stm32mp1-openstlinux-5.10-dunfell-mp1-21-11-17/SDK/sysroots/cortexa7t2hf-neon-vfpv4-ostl-linux-gnueabi/usr/include/optee/export-user_ta/lib/libutee.a(utee_syscalls_a32.o)
 .bss           0x0000000000217790        0x0 /home/frank/TrustSQLite/stm32mp1-openstlinux-5.10-dunfell-mp1-21-11-17/SDK/sysroots/cortexa7t2hf-neon-vfpv4-ostl-linux-gnueabi/usr/include/optee/export-user_ta/lib/libutee.a(abort.o)
 .bss           0x0000000000217790        0x0 /home/frank/TrustSQLite/stm32mp1-openstlinux-5.10-dunfell-mp1-21-11-17/SDK/sysroots/cortexa7t2hf-neon-vfpv4-ostl-linux-gnueabi/usr/include/optee/export-user_ta/lib/libutee.a(assert.o)
 .bss           0x0000000000217790        0x0 /home/frank/TrustSQLite/stm32mp1-openstlinux-5.10-dunfell-mp1-21-11-17/SDK/sysroots/cortexa7t2hf-neon-vfpv4-ostl-linux-gnueabi/usr/include/optee/export-user_ta/lib/libmbedtls.a(platform_util.o)
 .bss           0x0000000000217790        0x0 /home/frank/TrustSQLite/stm32mp1-openstlinux-5.10-dunfell-mp1-21-11-17/SDK/sysroots/cortexa7t2hf-neon-vfpv4-ostl-linux-gnueabi/usr/include/optee/export-user_ta/lib/libutils.a(bget_malloc.o)
 .bss           0x0000000000217790        0x0 /home/frank/TrustSQLite/stm32mp1-openstlinux-5.10-dunfell-mp1-21-11-17/SDK/sysroots/cortexa7t2hf-neon-vfpv4-ostl-linux-gnueabi/usr/include/optee/export-user_ta/lib/libutils.a(snprintf.o)
 .bss           0x0000000000217790        0x0 /home/frank/TrustSQLite/stm32mp1-openstlinux-5.10-dunfell-mp1-21-11-17/SDK/sysroots/cortexa7t2hf-neon-vfpv4-ostl-linux-gnueabi/usr/include/optee/export-user_ta/lib/libutils.a(memmove.o)
 .bss           0x0000000000217790        0x0 /home/frank/TrustSQLite/stm32mp1-openstlinux-5.10-dunfell-mp1-21-11-17/SDK/sysroots/cortexa7t2hf-neon-vfpv4-ostl-linux-gnueabi/usr/include/optee/export-user_ta/lib/libutils.a(mempool.o)
 .bss           0x0000000000217790        0x0 /home/frank/TrustSQLite/stm32mp1-openstlinux-5.10-dunfell-mp1-21-11-17/SDK/sysroots/cortexa7t2hf-neon-vfpv4-ostl-linux-gnueabi/usr/include/optee/export-user_ta/lib/libutils.a(consttime_memcmp.o)
                0x0000000000217790                . = ALIGN (0x8)
                0x0000000000217790                __ftrace_buf_start = .
                0x0000000000217790                . = (. + DEFINED (__gnu_mcount_nc)?0x800:0x0)
                0x0000000000217790                __ftrace_buf_end = .

.dynbss         0x0000000000217790        0x0
 .dynbss        0x0000000000217790        0x0 ./frank_ta.o

/DISCARD/
 *(SORT_BY_ALIGNMENT(.interp))
LOAD ./frank_ta.o
LOAD ./user_ta_header.o
LOAD ./ta_entry_a32.o
START GROUP
LOAD /home/frank/TrustSQLite/stm32mp1-openstlinux-5.10-dunfell-mp1-21-11-17/SDK/sysroots/cortexa7t2hf-neon-vfpv4-ostl-linux-gnueabi/usr/include/optee/export-user_ta/lib/libutils.a
LOAD /home/frank/TrustSQLite/stm32mp1-openstlinux-5.10-dunfell-mp1-21-11-17/SDK/sysroots/cortexa7t2hf-neon-vfpv4-ostl-linux-gnueabi/usr/include/optee/export-user_ta/lib/libutee.a
LOAD /home/frank/TrustSQLite/stm32mp1-openstlinux-5.10-dunfell-mp1-21-11-17/SDK/sysroots/cortexa7t2hf-neon-vfpv4-ostl-linux-gnueabi/usr/include/optee/export-user_ta/lib/libmbedtls.a
LOAD /home/frank/TrustSQLite/stm32mp1-openstlinux-5.10-dunfell-mp1-21-11-17/SDK/sysroots/cortexa7t2hf-neon-vfpv4-ostl-linux-gnueabi/usr/include/optee/export-user_ta/lib/libdl.a
END GROUP
LOAD /home/frank/TrustSQLite/stm32mp1-openstlinux-5.10-dunfell-mp1-21-11-17/SDK/sysroots/cortexa7t2hf-neon-vfpv4-ostl-linux-gnueabi/usr/lib/arm-ostl-linux-gnueabi/9.3.0/libgcc.a
LOAD /home/frank/TrustSQLite/stm32mp1-openstlinux-5.10-dunfell-mp1-21-11-17/SDK/sysroots/cortexa7t2hf-neon-vfpv4-ostl-linux-gnueabi/usr/include/optee/export-user_ta/lib/libutils.a
OUTPUT(1111fadd-99d5-4afb-a1dc-ee3e9c61b04d.elf elf32-littlearm)
LOAD linker stubs

.debug_info     0x0000000000000000    0x1890e
 .debug_info    0x0000000000000000     0x26e5 ./frank_ta.o
 .debug_info    0x00000000000026e5      0x508 ./user_ta_header.o
 .debug_info    0x0000000000002bed       0x26 ./ta_entry_a32.o
 .debug_info    0x0000000000002c13      0x11e /home/frank/TrustSQLite/stm32mp1-openstlinux-5.10-dunfell-mp1-21-11-17/SDK/sysroots/cortexa7t2hf-neon-vfpv4-ostl-linux-gnueabi/usr/include/optee/export-user_ta/lib/libutils.a(memcpy.o)
 .debug_info    0x0000000000002d31       0xaa /home/frank/TrustSQLite/stm32mp1-openstlinux-5.10-dunfell-mp1-21-11-17/SDK/sysroots/cortexa7t2hf-neon-vfpv4-ostl-linux-gnueabi/usr/include/optee/export-user_ta/lib/libutils.a(memset.o)
 .debug_info    0x0000000000002ddb       0xc6 /home/frank/TrustSQLite/stm32mp1-openstlinux-5.10-dunfell-mp1-21-11-17/SDK/sysroots/cortexa7t2hf-neon-vfpv4-ostl-linux-gnueabi/usr/include/optee/export-user_ta/lib/libutils.a(strchr.o)
 .debug_info    0x0000000000002ea1       0x8b /home/frank/TrustSQLite/stm32mp1-openstlinux-5.10-dunfell-mp1-21-11-17/SDK/sysroots/cortexa7t2hf-neon-vfpv4-ostl-linux-gnueabi/usr/include/optee/export-user_ta/lib/libutils.a(strcmp.o)
 .debug_info    0x0000000000002f2c       0x99 /home/frank/TrustSQLite/stm32mp1-openstlinux-5.10-dunfell-mp1-21-11-17/SDK/sysroots/cortexa7t2hf-neon-vfpv4-ostl-linux-gnueabi/usr/include/optee/export-user_ta/lib/libutils.a(strlen.o)
 .debug_info    0x0000000000002fc5       0xdf /home/frank/TrustSQLite/stm32mp1-openstlinux-5.10-dunfell-mp1-21-11-17/SDK/sysroots/cortexa7t2hf-neon-vfpv4-ostl-linux-gnueabi/usr/include/optee/export-user_ta/lib/libutils.a(strncpy.o)
 .debug_info    0x00000000000030a4       0xb1 /home/frank/TrustSQLite/stm32mp1-openstlinux-5.10-dunfell-mp1-21-11-17/SDK/sysroots/cortexa7t2hf-neon-vfpv4-ostl-linux-gnueabi/usr/include/optee/export-user_ta/lib/libutils.a(strstr.o)
 .debug_info    0x0000000000003155      0x57a /home/frank/TrustSQLite/stm32mp1-openstlinux-5.10-dunfell-mp1-21-11-17/SDK/sysroots/cortexa7t2hf-neon-vfpv4-ostl-linux-gnueabi/usr/include/optee/export-user_ta/lib/libutils.a(trace.o)
 .debug_info    0x00000000000036cf      0x80e /home/frank/TrustSQLite/stm32mp1-openstlinux-5.10-dunfell-mp1-21-11-17/SDK/sysroots/cortexa7t2hf-neon-vfpv4-ostl-linux-gnueabi/usr/include/optee/export-user_ta/lib/libutils.a(snprintk.o)
 .debug_info    0x0000000000003edd       0xda /home/frank/TrustSQLite/stm32mp1-openstlinux-5.10-dunfell-mp1-21-11-17/SDK/sysroots/cortexa7t2hf-neon-vfpv4-ostl-linux-gnueabi/usr/include/optee/export-user_ta/lib/libutils.a(memchr.o)
 .debug_info    0x0000000000003fb7       0x22 /home/frank/TrustSQLite/stm32mp1-openstlinux-5.10-dunfell-mp1-21-11-17/SDK/sysroots/cortexa7t2hf-neon-vfpv4-ostl-linux-gnueabi/usr/include/optee/export-user_ta/lib/libutils.a(arm32_aeabi_ldivmod_a32.o)
 .debug_info    0x0000000000003fd9      0x364 /home/frank/TrustSQLite/stm32mp1-openstlinux-5.10-dunfell-mp1-21-11-17/SDK/sysroots/cortexa7t2hf-neon-vfpv4-ostl-linux-gnueabi/usr/include/optee/export-user_ta/lib/libutils.a(arm32_aeabi_ldivmod.o)
 .debug_info    0x000000000000433d      0x30e /home/frank/TrustSQLite/stm32mp1-openstlinux-5.10-dunfell-mp1-21-11-17/SDK/sysroots/cortexa7t2hf-neon-vfpv4-ostl-linux-gnueabi/usr/include/optee/export-user_ta/lib/libutee.a(trace_ext.o)
 .debug_info    0x000000000000464b     0x1464 /home/frank/TrustSQLite/stm32mp1-openstlinux-5.10-dunfell-mp1-21-11-17/SDK/sysroots/cortexa7t2hf-neon-vfpv4-ostl-linux-gnueabi/usr/include/optee/export-user_ta/lib/libutee.a(tee_api.o)
 .debug_info    0x0000000000005aaf     0x1b37 /home/frank/TrustSQLite/stm32mp1-openstlinux-5.10-dunfell-mp1-21-11-17/SDK/sysroots/cortexa7t2hf-neon-vfpv4-ostl-linux-gnueabi/usr/include/optee/export-user_ta/lib/libutee.a(tee_api_objects.o)
 .debug_info    0x00000000000075e6     0x2e56 /home/frank/TrustSQLite/stm32mp1-openstlinux-5.10-dunfell-mp1-21-11-17/SDK/sysroots/cortexa7t2hf-neon-vfpv4-ostl-linux-gnueabi/usr/include/optee/export-user_ta/lib/libutee.a(tee_api_operations.o)
 .debug_info    0x000000000000a43c      0x6fe /home/frank/TrustSQLite/stm32mp1-openstlinux-5.10-dunfell-mp1-21-11-17/SDK/sysroots/cortexa7t2hf-neon-vfpv4-ostl-linux-gnueabi/usr/include/optee/export-user_ta/lib/libutee.a(tee_api_panic.o)
 .debug_info    0x000000000000ab3a      0x5bb /home/frank/TrustSQLite/stm32mp1-openstlinux-5.10-dunfell-mp1-21-11-17/SDK/sysroots/cortexa7t2hf-neon-vfpv4-ostl-linux-gnueabi/usr/include/optee/export-user_ta/lib/libutee.a(tee_system_pta.o)
 .debug_info    0x000000000000b0f5       0x22 /home/frank/TrustSQLite/stm32mp1-openstlinux-5.10-dunfell-mp1-21-11-17/SDK/sysroots/cortexa7t2hf-neon-vfpv4-ostl-linux-gnueabi/usr/include/optee/export-user_ta/lib/libutee.a(utee_syscalls_a32.o)
 .debug_info    0x000000000000b117     0x13e7 /home/frank/TrustSQLite/stm32mp1-openstlinux-5.10-dunfell-mp1-21-11-17/SDK/sysroots/cortexa7t2hf-neon-vfpv4-ostl-linux-gnueabi/usr/include/optee/export-user_ta/lib/libutee.a(user_ta_entry.o)
 .debug_info    0x000000000000c4fe      0x120 /home/frank/TrustSQLite/stm32mp1-openstlinux-5.10-dunfell-mp1-21-11-17/SDK/sysroots/cortexa7t2hf-neon-vfpv4-ostl-linux-gnueabi/usr/include/optee/export-user_ta/lib/libutee.a(abort.o)
 .debug_info    0x000000000000c61e     0x3cec /home/frank/TrustSQLite/stm32mp1-openstlinux-5.10-dunfell-mp1-21-11-17/SDK/sysroots/cortexa7t2hf-neon-vfpv4-ostl-linux-gnueabi/usr/include/optee/export-user_ta/lib/libutee.a(tee_api_arith_mpi.o)
 .debug_info    0x000000000001030a      0x7ab /home/frank/TrustSQLite/stm32mp1-openstlinux-5.10-dunfell-mp1-21-11-17/SDK/sysroots/cortexa7t2hf-neon-vfpv4-ostl-linux-gnueabi/usr/include/optee/export-user_ta/lib/libutee.a(tcb.o)
 .debug_info    0x0000000000010ab5      0x1cb /home/frank/TrustSQLite/stm32mp1-openstlinux-5.10-dunfell-mp1-21-11-17/SDK/sysroots/cortexa7t2hf-neon-vfpv4-ostl-linux-gnueabi/usr/include/optee/export-user_ta/lib/libutee.a(assert.o)
 .debug_info    0x0000000000010c80     0x4fc6 /home/frank/TrustSQLite/stm32mp1-openstlinux-5.10-dunfell-mp1-21-11-17/SDK/sysroots/cortexa7t2hf-neon-vfpv4-ostl-linux-gnueabi/usr/include/optee/export-user_ta/lib/libmbedtls.a(bignum.o)
 .debug_info    0x0000000000015c46      0x143 /home/frank/TrustSQLite/stm32mp1-openstlinux-5.10-dunfell-mp1-21-11-17/SDK/sysroots/cortexa7t2hf-neon-vfpv4-ostl-linux-gnueabi/usr/include/optee/export-user_ta/lib/libmbedtls.a(platform_util.o)
 .debug_info    0x0000000000015d89     0x2303 /home/frank/TrustSQLite/stm32mp1-openstlinux-5.10-dunfell-mp1-21-11-17/SDK/sysroots/cortexa7t2hf-neon-vfpv4-ostl-linux-gnueabi/usr/include/optee/export-user_ta/lib/libutils.a(bget_malloc.o)
 .debug_info    0x000000000001808c      0x1f7 /home/frank/TrustSQLite/stm32mp1-openstlinux-5.10-dunfell-mp1-21-11-17/SDK/sysroots/cortexa7t2hf-neon-vfpv4-ostl-linux-gnueabi/usr/include/optee/export-user_ta/lib/libutils.a(snprintf.o)
 .debug_info    0x0000000000018283       0xde /home/frank/TrustSQLite/stm32mp1-openstlinux-5.10-dunfell-mp1-21-11-17/SDK/sysroots/cortexa7t2hf-neon-vfpv4-ostl-linux-gnueabi/usr/include/optee/export-user_ta/lib/libutils.a(memmove.o)
 .debug_info    0x0000000000018361      0x498 /home/frank/TrustSQLite/stm32mp1-openstlinux-5.10-dunfell-mp1-21-11-17/SDK/sysroots/cortexa7t2hf-neon-vfpv4-ostl-linux-gnueabi/usr/include/optee/export-user_ta/lib/libutils.a(mempool.o)
 .debug_info    0x00000000000187f9      0x115 /home/frank/TrustSQLite/stm32mp1-openstlinux-5.10-dunfell-mp1-21-11-17/SDK/sysroots/cortexa7t2hf-neon-vfpv4-ostl-linux-gnueabi/usr/include/optee/export-user_ta/lib/libutils.a(consttime_memcmp.o)

.debug_abbrev   0x0000000000000000     0x401c
 .debug_abbrev  0x0000000000000000      0x3a6 ./frank_ta.o
 .debug_abbrev  0x00000000000003a6      0x1e2 ./user_ta_header.o
 .debug_abbrev  0x0000000000000588       0x14 ./ta_entry_a32.o
 .debug_abbrev  0x000000000000059c       0xc3 /home/frank/TrustSQLite/stm32mp1-openstlinux-5.10-dunfell-mp1-21-11-17/SDK/sysroots/cortexa7t2hf-neon-vfpv4-ostl-linux-gnueabi/usr/include/optee/export-user_ta/lib/libutils.a(memcpy.o)
 .debug_abbrev  0x000000000000065f       0xa3 /home/frank/TrustSQLite/stm32mp1-openstlinux-5.10-dunfell-mp1-21-11-17/SDK/sysroots/cortexa7t2hf-neon-vfpv4-ostl-linux-gnueabi/usr/include/optee/export-user_ta/lib/libutils.a(memset.o)
 .debug_abbrev  0x0000000000000702       0x83 /home/frank/TrustSQLite/stm32mp1-openstlinux-5.10-dunfell-mp1-21-11-17/SDK/sysroots/cortexa7t2hf-neon-vfpv4-ostl-linux-gnueabi/usr/include/optee/export-user_ta/lib/libutils.a(strchr.o)