Archive member included to satisfy reference by file (symbol)

/home/frank/TrustSQLite/stm32mp1-openstlinux-5.10-dunfell-mp1-21-11-17/SDK/sysroots/cortexa7t2hf-neon-vfpv4-ostl-linux-gnueabi/usr/include/optee/export-user_ta/lib/libutils.a(bget_malloc.o)
                              ./sqlite3.o (malloc)
/home/frank/TrustSQLite/stm32mp1-openstlinux-5.10-dunfell-mp1-21-11-17/SDK/sysroots/cortexa7t2hf-neon-vfpv4-ostl-linux-gnueabi/usr/include/optee/export-user_ta/lib/libutils.a(memcmp.o)
                              ./sqlite3.o (memcmp)
/home/frank/TrustSQLite/stm32mp1-openstlinux-5.10-dunfell-mp1-21-11-17/SDK/sysroots/cortexa7t2hf-neon-vfpv4-ostl-linux-gnueabi/usr/include/optee/export-user_ta/lib/libutils.a(memcpy.o)
                              ./sqlite3.o (memcpy)
/home/frank/TrustSQLite/stm32mp1-openstlinux-5.10-dunfell-mp1-21-11-17/SDK/sysroots/cortexa7t2hf-neon-vfpv4-ostl-linux-gnueabi/usr/include/optee/export-user_ta/lib/libutils.a(memmove.o)
                              ./sqlite3.o (memmove)
/home/frank/TrustSQLite/stm32mp1-openstlinux-5.10-dunfell-mp1-21-11-17/SDK/sysroots/cortexa7t2hf-neon-vfpv4-ostl-linux-gnueabi/usr/include/optee/export-user_ta/lib/libutils.a(memset.o)
                              ./sqlite3.o (memset)
/home/frank/TrustSQLite/stm32mp1-openstlinux-5.10-dunfell-mp1-21-11-17/SDK/sysroots/cortexa7t2hf-neon-vfpv4-ostl-linux-gnueabi/usr/include/optee/export-user_ta/lib/libutils.a(strcmp.o)
                              ./sqlite3.o (strcmp)
/home/frank/TrustSQLite/stm32mp1-openstlinux-5.10-dunfell-mp1-21-11-17/SDK/sysroots/cortexa7t2hf-neon-vfpv4-ostl-linux-gnueabi/usr/include/optee/export-user_ta/lib/libutils.a(strlen.o)
                              ./sqlite3.o (strlen)
/home/frank/TrustSQLite/stm32mp1-openstlinux-5.10-dunfell-mp1-21-11-17/SDK/sysroots/cortexa7t2hf-neon-vfpv4-ostl-linux-gnueabi/usr/include/optee/export-user_ta/lib/libutils.a(strncmp.o)
                              ./sqlite3.o (strncmp)
/home/frank/TrustSQLite/stm32mp1-openstlinux-5.10-dunfell-mp1-21-11-17/SDK/sysroots/cortexa7t2hf-neon-vfpv4-ostl-linux-gnueabi/usr/include/optee/export-user_ta/lib/libutils.a(strrchr.o)
                              ./sqlite3.o (strrchr)
/home/frank/TrustSQLite/stm32mp1-openstlinux-5.10-dunfell-mp1-21-11-17/SDK/sysroots/cortexa7t2hf-neon-vfpv4-ostl-linux-gnueabi/usr/include/optee/export-user_ta/lib/libutils.a(arm32_aeabi_ldivmod_a32.o)
                              ./sqlite3.o (__aeabi_ldivmod)
/home/frank/TrustSQLite/stm32mp1-openstlinux-5.10-dunfell-mp1-21-11-17/SDK/sysroots/cortexa7t2hf-neon-vfpv4-ostl-linux-gnueabi/usr/include/optee/export-user_ta/lib/libutils.a(arm32_aeabi_ldivmod.o)
                              /home/frank/TrustSQLite/stm32mp1-openstlinux-5.10-dunfell-mp1-21-11-17/SDK/sysroots/cortexa7t2hf-neon-vfpv4-ostl-linux-gnueabi/usr/include/optee/export-user_ta/lib/libutils.a(arm32_aeabi_ldivmod_a32.o) (__ul_divmod)
/home/frank/TrustSQLite/stm32mp1-openstlinux-5.10-dunfell-mp1-21-11-17/SDK/sysroots/cortexa7t2hf-neon-vfpv4-ostl-linux-gnueabi/usr/include/optee/export-user_ta/lib/libutils.a(arm32_aeabi_softfloat.o)
                              ./sqlite3.o (__aeabi_d2lz)
/home/frank/TrustSQLite/stm32mp1-openstlinux-5.10-dunfell-mp1-21-11-17/SDK/sysroots/cortexa7t2hf-neon-vfpv4-ostl-linux-gnueabi/usr/include/optee/export-user_ta/lib/libutils.a(f32_add.o)
                              /home/frank/TrustSQLite/stm32mp1-openstlinux-5.10-dunfell-mp1-21-11-17/SDK/sysroots/cortexa7t2hf-neon-vfpv4-ostl-linux-gnueabi/usr/include/optee/export-user_ta/lib/libutils.a(arm32_aeabi_softfloat.o) (f32_add)
/home/frank/TrustSQLite/stm32mp1-openstlinux-5.10-dunfell-mp1-21-11-17/SDK/sysroots/cortexa7t2hf-neon-vfpv4-ostl-linux-gnueabi/usr/include/optee/export-user_ta/lib/libutils.a(f32_div.o)
                              /home/frank/TrustSQLite/stm32mp1-openstlinux-5.10-dunfell-mp1-21-11-17/SDK/sysroots/cortexa7t2hf-neon-vfpv4-ostl-linux-gnueabi/usr/include/optee/export-user_ta/lib/libutils.a(arm32_aeabi_softfloat.o) (f32_div)
/home/frank/TrustSQLite/stm32mp1-openstlinux-5.10-dunfell-mp1-21-11-17/SDK/sysroots/cortexa7t2hf-neon-vfpv4-ostl-linux-gnueabi/usr/include/optee/export-user_ta/lib/libutils.a(f32_eq.o)
                              /home/frank/TrustSQLite/stm32mp1-openstlinux-5.10-dunfell-mp1-21-11-17/SDK/sysroots/cortexa7t2hf-neon-vfpv4-ostl-linux-gnueabi/usr/include/optee/export-user_ta/lib/libutils.a(arm32_aeabi_softfloat.o) (f32_eq)
/home/frank/TrustSQLite/stm32mp1-openstlinux-5.10-dunfell-mp1-21-11-17/SDK/sysroots/cortexa7t2hf-neon-vfpv4-ostl-linux-gnueabi/usr/include/optee/export-user_ta/lib/libutils.a(f32_le.o)
                              /home/frank/TrustSQLite/stm32mp1-openstlinux-5.10-dunfell-mp1-21-11-17/SDK/sysroots/cortexa7t2hf-neon-vfpv4-ostl-linux-gnueabi/usr/include/optee/export-user_ta/lib/libutils.a(arm32_aeabi_softfloat.o) (f32_le)
[...]
Memory Configuration

Name             Origin             Length             Attributes
*default*        0x0000000000000000 0xffffffffffffffff

Linker script and memory map


.ta_head        0x0000000000000000       0x20
 *(SORT_BY_ALIGNMENT(.ta_head))
 .ta_head       0x0000000000000000       0x20 ./user_ta_header.o
                0x0000000000000000                ta_head

.text           0x0000000000000020    0x4d0d8
                0x0000000000000020                __text_start = .
 *(SORT_BY_ALIGNMENT(.text) SORT_BY_ALIGNMENT(.text.*))
 .text          0x0000000000000020    0x43cb4 ./sqlite3.o
                0x0000000000003274                sqlite3_free
                0x00000000000070ce                sqlite3_release_memory
                0x000000000000abba                sqlite3_memory_alarm
                0x000000000000abbe                sqlite3_msize
                0x000000000000abd8                sqlite3_db_status
                0x000000000000ae48                sqlite3_str_errcode
                0x000000000000ae52                sqlite3_str_length
                0x000000000000ae58                sqlite3_str_value
                0x000000000000ae6c                sqlite3_str_reset
                0x000000000000af54                sqlite3_str_finish
                0x000000000000af80                sqlite3_stricmp
                0x000000000000b1e6                sqlite3_strnicmp
                0x000000000000b37a                sqlite3_os_end
                0x000000000000b37e                sqlite3_enable_shared_cache
                0x000000000000b390                sqlite3_backup_remaining
                0x000000000000b394                sqlite3_backup_pagecount
                0x000000000000b398                sqlite3_expired
                0x000000000000b3ac                sqlite3_clear_bindings
                0x000000000000b3f4                sqlite3_value_double
                0x000000000000b3f8                sqlite3_value_int
                0x000000000000b400                sqlite3_value_int64
                0x000000000000b420                sqlite3_value_subtype
                0x000000000000b42e                sqlite3_value_pointer
                0x000000000000b45c                sqlite3_value_type
                0x000000000000b474                sqlite3_value_nochange
                0x000000000000b484                sqlite3_value_frombind
                0x000000000000b48c                sqlite3_value_free
                0x000000000000b490                sqlite3_result_double
                0x000000000000b4d4                sqlite3_result_int
                0x000000000000b4de                sqlite3_result_int64
                0x000000000000b4e4                sqlite3_result_null
                0x000000000000b4ea                sqlite3_result_pointer
                0x000000000000b520                sqlite3_result_subtype
                0x000000000000b532                sqlite3_result_zeroblob
                0x000000000000b556                sqlite3_result_zeroblob64
                0x000000000000b58e                sqlite3_result_error_nomem
                0x000000000000b5a8                sqlite3_user_data
                0x000000000000b5ae                sqlite3_context_db_handle
                0x000000000000b5b4                sqlite3_vtab_nochange
                0x000000000000b5ba                sqlite3_get_auxdata
                0x000000000000b5e0                sqlite3_set_auxdata
                0x000000000000b65a                sqlite3_aggregate_count
                0x000000000000b660                sqlite3_column_count
                0x000000000000b668                sqlite3_data_count
                0x000000000000b678                sqlite3_column_double
                0x000000000000b696                sqlite3_column_int
                0x000000000000b6ae                sqlite3_column_int64
                0x000000000000b6ca                sqlite3_column_value
                0x000000000000b6ee                sqlite3_column_type
                0x000000000000b706                sqlite3_bind_parameter_count
                0x000000000000b70e                sqlite3_bind_parameter_name
                0x000000000000b71a                sqlite3_bind_parameter_index
                0x000000000000b73e                sqlite3_transfer_bindings
                0x000000000000b77a                sqlite3_db_handle
                0x000000000000b780                sqlite3_stmt_readonly
                0x000000000000b790                sqlite3_stmt_isexplain
                0x000000000000b79c                sqlite3_stmt_busy
                0x000000000000b7b8                sqlite3_next_stmt
                0x000000000000b7c2                sqlite3_stmt_status
                0x000000000000b806                sqlite3_sql
                0x000000000000b80e                sqlite3_value_numeric_type
                0x000000000000b82e                sqlite3_blob_bytes
                0x000000000000b83c                sqlite3_set_authorizer
                0x000000000000b84e                sqlite3_strglob
                0x000000000000b9e6                sqlite3_strlike
                0x000000000000b9f8                sqlite3_cancel_auto_extension
                0x000000000000ba3c                sqlite3_free_table
                0x000000000000ba68                sqlite3_create_module
                0x000000000000ba76                sqlite3_create_module_v2
                0x000000000000ba7a                sqlite3_drop_modules
                0x000000000000bac6                sqlite3_vtab_on_conflict
                0x000000000000badc                sqlite3_keyword_name
                0x000000000000bb0c                sqlite3_keyword_count
                0x000000000000bb10                sqlite3_keyword_check
                0x000000000000bb30                sqlite3_complete
                0x000000000000bcec                sqlite3_libversion
                0x000000000000bd08                sqlite3_libversion_number
                0x000000000000bd10                sqlite3_threadsafe
                0x000000000000bd14                sqlite3_db_mutex
                0x000000000000bd18                sqlite3_db_release_memory
                0x000000000000bd54                sqlite3_db_config
                0x000000000000be20                sqlite3_last_insert_rowid
                0x000000000000be40                sqlite3_set_last_insert_rowid
                0x000000000000be46                sqlite3_changes
                0x000000000000be62                sqlite3_total_changes
                0x000000000000be7e                sqlite3_busy_handler
                0x000000000000be98                sqlite3_progress_handler
                0x000000000000beb6                sqlite3_busy_timeout
                0x000000000000bee4                sqlite3_interrupt
                0x000000000000beec                sqlite3_trace
                0x000000000000bf08                sqlite3_trace_v2
                0x000000000000bf20                sqlite3_profile
                0x000000000000bf40                sqlite3_commit_hook
                0x000000000000bf4c                sqlite3_update_hook
                0x000000000000bf58                sqlite3_rollback_hook
                0x000000000000bf64                sqlite3_wal_autocheckpoint
                0x000000000000bf68                sqlite3_wal_hook
                0x000000000000bf6c                sqlite3_wal_checkpoint_v2
                0x000000000000bf70                sqlite3_wal_checkpoint
                0x000000000000bf82                sqlite3_system_errno
                0x000000000000bf88                sqlite3_errstr
                0x000000000000bf8c                sqlite3_limit
                0x000000000000bfbc                sqlite3_collation_needed
                0x000000000000bfca                sqlite3_collation_needed16
                0x000000000000bfd8                sqlite3_global_recover
                0x000000000000bfdc                sqlite3_get_autocommit
                0x000000000000bfe2                sqlite3_thread_cleanup
                0x000000000000bfe4                sqlite3_extended_result_codes
                0x000000000000bff4                sqlite3_file_control
                0x000000000000c03e                sqlite3_uri_parameter
                0x000000000000c078                sqlite3_uri_boolean
                0x000000000000c092                sqlite3_uri_int64
                0x000000000000c0b6                sqlite3_db_filename
                0x000000000000c0d8                sqlite3_db_readonly
                0x000000000000c0f0                sqlite3_compileoption_used
                0x000000000000c158                sqlite3_compileoption_get
                0x000000000000c174                sqlite3_sourceid
                0x000000000000c1ac                sqlite3_status64
                0x000000000000c1e4                sqlite3_status
                0x000000000000c20e                sqlite3_memory_used
                0x000000000000c226                sqlite3_memory_highwater
                0x000000000000c23e                sqlite3_vtab_config
                0x000000000000c28c                sqlite3_config
                0x000000000000c4ec                sqlite3_initialize
                0x000000000000c74c                sqlite3_vfs_find
                0x000000000000c780                sqlite3_sleep
                0x000000000000c79e                sqlite3_vfs_register
                0x000000000000c7dc                sqlite3_os_init
                0x000000000000c814                sqlite3_vfs_unregister
                0x000000000000c82a                sqlite3_soft_heap_limit64
                0x000000000000c89c                sqlite3_soft_heap_limit
                0x000000000000c8a6                sqlite3_malloc
                0x000000000000ca56                sqlite3_malloc64
                0x000000000000ca72                sqlite3_str_new
                0x000000000000caac                sqlite3_realloc
                0x000000000000cacc                sqlite3_realloc64
                0x000000000000cc8e                sqlite3_aggregate_context
                0x000000000000d39c                sqlite3_result_error
                0x000000000000d628                sqlite3_result_error16
                0x000000000000d642                sqlite3_result_error_code
                0x000000000000d6a4                sqlite3_result_error_toobig
                0x000000000000d73a                sqlite3_result_blob
                0x000000000000d7b4                sqlite3_result_text
                0x000000000000d8c8                sqlite3_result_text16
                0x000000000000d8d8                sqlite3_result_text16le
                0x000000000000d8da                sqlite3_result_text16be
                0x000000000000d8ea                sqlite3_result_blob64
                0x000000000000d90c                sqlite3_result_text64
                0x000000000000df4e                sqlite3_value_dup
                0x000000000000e0fc                sqlite3_result_value
                0x000000000000f860                sqlite3_str_appendchar
                0x000000000000f8d0                sqlite3_str_append
                0x000000000000f8f2                sqlite3_str_appendall
                0x000000000000fa28                sqlite3_str_vappendf
                0x00000000000107fc                sqlite3_vsnprintf
                0x000000000001082a                sqlite3_snprintf
                0x0000000000010844                sqlite3_log
                0x00000000000110e8                sqlite3_str_appendf
                0x0000000000011264                sqlite3_value_bytes
                0x0000000000011268                sqlite3_column_bytes
                0x00000000000112da                sqlite3_value_bytes16
                0x00000000000112de                sqlite3_column_bytes16
                0x0000000000011316                sqlite3_value_text
                0x0000000000011334                sqlite3_value_blob
                0x0000000000011494                sqlite3_column_blob
                0x00000000000115e0                sqlite3_column_text
                0x0000000000012c7c                sqlite3_value_text16
                0x0000000000012c82                sqlite3_value_text16le
                0x0000000000012c84                sqlite3_column_text16
                0x0000000000012ce0                sqlite3_column_name
                0x0000000000012ce6                sqlite3_column_name16
                0x0000000000012cec                sqlite3_column_decltype
                0x0000000000012cf2                sqlite3_column_decltype16
                0x0000000000012cf8                sqlite3_value_text16be
                0x00000000000130f8                sqlite3_errmsg16
                0x00000000000156c4                sqlite3_vtab_collation
                0x0000000000019c58                sqlite3_expanded_sql
                0x000000000001a340                sqlite3_vmprintf
                0x000000000001a380                sqlite3_mprintf
                0x000000000001b8cc                sqlite3_randomness
                0x000000000001cdd4                sqlite3_db_cacheflush
                0x000000000001d844                sqlite3_test_control
                0x000000000001dbac                sqlite3_auto_extension
                0x000000000001dc08                sqlite3_reset_auto_extension
                0x000000000001dc2c                sqlite3_shutdown
                0x000000000001dce0                sqlite3_complete16
                0x000000000001de44                sqlite3_bind_blob
                0x000000000001de56                sqlite3_bind_blob64
                0x000000000001de82                sqlite3_bind_text
                0x000000000001de94                sqlite3_bind_text64
                0x000000000001dec8                sqlite3_bind_text16
                0x000000000001deda                sqlite3_bind_double
                0x000000000001df38                sqlite3_bind_int64
                0x000000000001df66                sqlite3_bind_int
                0x000000000001df6c                sqlite3_bind_null
                0x000000000001df6e                sqlite3_bind_pointer
                0x000000000001dfc8                sqlite3_bind_zeroblob
                0x000000000001e00c                sqlite3_bind_value
                0x000000000001e096                sqlite3_bind_zeroblob64
                0x000000000001e300                sqlite3_create_function
                0x000000000001e324                sqlite3_create_function_v2
                0x000000000001e34a                sqlite3_overload_function
                0x000000000001e3ac                sqlite3_create_window_function
                0x000000000001e3d4                sqlite3_create_function16
                0x000000000001e422                sqlite3_errmsg
                0x000000000001e468                sqlite3_errcode
                0x000000000001e498                sqlite3_extended_errcode
                0x000000000001e5b0                sqlite3_create_collation_v2
                0x000000000001e5d0                sqlite3_create_collation
                0x000000000001e5e2                sqlite3_create_collation16
                0x000000000001f7ec                sqlite3_backup_init
                0x000000000002ac2c                sqlite3_close
                0x000000000002afc4                sqlite3_open
                0x000000000002afca                sqlite3_open_v2
                0x000000000002afcc                sqlite3_open16
                0x000000000002b040                sqlite3_close_v2
                0x000000000002b2e0                sqlite3_backup_finish
                0x000000000002bed4                sqlite3_backup_step
                0x000000000002c9c4                sqlite3_finalize
                0x000000000002ca4a                sqlite3_blob_close
                0x000000000002caf0                sqlite3_blob_read
                0x000000000002cb04                sqlite3_blob_write
                0x000000000002cb72                sqlite3_reset
                0x00000000000354f0                sqlite3_step
                0x0000000000035c5a                sqlite3_exec
                0x0000000000040500                sqlite3_prepare
                0x0000000000040664                sqlite3_prepare_v2
                0x0000000000040c60                sqlite3_prepare_v3
                0x0000000000040d44                sqlite3_prepare16
                0x0000000000040d56                sqlite3_prepare16_v2
                0x0000000000040d68                sqlite3_prepare16_v3
                0x00000000000429f8                sqlite3_declare_vtab
                0x00000000000435cc                sqlite3_table_column_metadata
                0x000000000004376c                sqlite3_get_table
                0x0000000000043978                sqlite3_blob_open
                0x0000000000043c80                sqlite3_blob_reopen
 *fill*         0x0000000000043cd4        0x4 
 .text          0x0000000000043cd8      0x12c /home/frank/TrustSQLite/stm32mp1-openstlinux-5.10-dunfell-mp1-21-11-17/SDK/sysroots/cortexa7t2hf-neon-vfpv4-ostl-linux-gnueabi/usr/include/optee/export-user_ta/lib/libutils.a(f64_to_i32_r_minMag.o)
                0x0000000000043cd8                f64_to_i32_r_minMag
 .text          0x0000000000043e04      0x268 ./trustsqlite.o
                0x0000000000043e64                TA_CreateEntryPoint
                0x0000000000043e68                TA_DestroyEntryPoint
                0x0000000000043e6a                TA_OpenSessionEntryPoint
                0x0000000000043e6e                TA_CloseSessionEntryPoint
                0x0000000000043e70                TA_InvokeCommandEntryPoint
 .text          0x000000000004406c      0x760 ./tzvfs_teeuser.o
                0x000000000004406c                tzvfs_open
                0x00000000000440ec                tzvfs_close
                0x000000000004415c                tzvfs_getcwd
                0x00000000000441d4                tzvfs_lstat
                0x000000000004424c                tzvfs_stat
                0x00000000000442c4                tzvfs_fstat
                0x000000000004433c                tzvfs_fcntl
                0x00000000000443c8                tzvfs_read
                0x0000000000044448                tzvfs_getpid
                0x00000000000444b8                tzvfs_geteuid
                0x0000000000044528                tzvfs_lseek
                0x00000000000445a8                tzvfs_write
                0x00000000000445d0                tzvfs_unlink
                0x00000000000445f0                tzvfs_access
                0x0000000000044610                tzvfs_mmap
                0x0000000000044640                tzvfs_mremap
                0x0000000000044674                tzvfs_munmap
                0x0000000000044694                tzvfs_strcspn
                0x00000000000446b4                tzvfs_utimes
                0x00000000000446d4                tzvfs_fsync
                0x00000000000446f4                tzvfs_getenv
                0x0000000000044714                tzvfs_time
                0x0000000000044734                tzvfs_sleep
                0x0000000000044754                tzvfs_gettimeofday
                0x0000000000044774                tzvfs_fchown
                0x000000000004479c                tzvfs_ftruncate
                0x00000000000447a0                tzvfs_fchmod
                0x00000000000447a4                tzvfs_dlopen
                0x00000000000447a8                tzvfs_dlerror
                0x00000000000447ac                tzvfs_dlsym
                0x00000000000447b0                tzvfs_dlclose
                0x00000000000447b4                tzvfs_mkdir
                0x00000000000447b8                tzvfs_rmdir
                0x00000000000447bc                tzvfs_readlink
                0x00000000000447c0                tzvfs_sysconf
                0x00000000000447c6                tzvfs_localtime
 .text.__ta_entry
                0x00000000000447cc        0x4 ./ta_entry_a32.o
                0x00000000000447cc                __ta_entry
 .text          0x00000000000447d0      0x970 /home/frank/TrustSQLite/stm32mp1-openstlinux-5.10-dunfell-mp1-21-11-17/SDK/sysroots/cortexa7t2hf-neon-vfpv4-ostl-linux-gnueabi/usr/include/optee/export-user_ta/lib/libutils.a(bget_malloc.o)
                0x0000000000044800                bget
                0x0000000000044a08                bgetz
                0x0000000000044a68                brel
                0x0000000000044c70                bgetr
                0x0000000000044cf4                bpool
                0x0000000000044d90                bstats
                0x0000000000044df4                malloc_reset_stats
                0x0000000000044e08                malloc_get_stats
                0x0000000000044e24                malloc
                0x0000000000044e54                calloc
                0x0000000000044ea4                realloc
                0x0000000000044ed8                memalign
                0x0000000000044f18                free
                0x0000000000044f2c                free_wipe
                0x0000000000044f40                malloc_add_pool
                0x000000000004500c                malloc_buffer_is_within_alloced
                0x00000000000450ec                malloc_buffer_overlaps_heap
 .text          0x0000000000045140       0xb8 /home/frank/TrustSQLite/stm32mp1-openstlinux-5.10-dunfell-mp1-21-11-17/SDK/sysroots/cortexa7t2hf-neon-vfpv4-ostl-linux-gnueabi/usr/include/optee/export-user_ta/lib/libutils.a(memcpy.o)
                0x0000000000045140                memcpy
 .text.__aeabi_ldivmod
                0x00000000000451f8       0x18 /home/frank/TrustSQLite/stm32mp1-openstlinux-5.10-dunfell-mp1-21-11-17/SDK/sysroots/cortexa7t2hf-neon-vfpv4-ostl-linux-gnueabi/usr/include/optee/export-user_ta/lib/libutils.a(arm32_aeabi_ldivmod_a32.o)
                0x00000000000451f8                __aeabi_ldivmod
 .text.__aeabi_uldivmod
                0x0000000000045210       0x18 /home/frank/TrustSQLite/stm32mp1-openstlinux-5.10-dunfell-mp1-21-11-17/SDK/sysroots/cortexa7t2hf-neon-vfpv4-ostl-linux-gnueabi/usr/include/optee/export-user_ta/lib/libutils.a(arm32_aeabi_ldivmod_a32.o)
                0x0000000000045210                __aeabi_uldivmod
 .text          0x0000000000045228       0x2c /home/frank/TrustSQLite/stm32mp1-openstlinux-5.10-dunfell-mp1-21-11-17/SDK/sysroots/cortexa7t2hf-neon-vfpv4-ostl-linux-gnueabi/usr/include/optee/export-user_ta/lib/libutils.a(f32_add.o)
                0x0000000000045228                f32_add
 .text          0x0000000000045254       0xf8 /home/frank/TrustSQLite/stm32mp1-openstlinux-5.10-dunfell-mp1-21-11-17/SDK/sysroots/cortexa7t2hf-neon-vfpv4-ostl-linux-gnueabi/usr/include/optee/export-user_ta/lib/libutils.a(f32_div.o)
                0x0000000000045254                f32_div
 .text          0x000000000004534c       0x64 /home/frank/TrustSQLite/stm32mp1-openstlinux-5.10-dunfell-mp1-21-11-17/SDK/sysroots/cortexa7t2hf-neon-vfpv4-ostl-linux-gnueabi/usr/include/optee/export-user_ta/lib/libutils.a(f32_eq.o)
                0x000000000004534c                f32_eq
 .text          0x00000000000453b0       0xd0 /home/frank/TrustSQLite/stm32mp1-openstlinux-5.10-dunfell-mp1-21-11-17/SDK/sysroots/cortexa7t2hf-neon-vfpv4-ostl-linux-gnueabi/usr/include/optee/export-user_ta/lib/libutils.a(f32_mul.o)
                0x00000000000453b0                f32_mul
 .text          0x0000000000045480       0x2c /home/frank/TrustSQLite/stm32mp1-openstlinux-5.10-dunfell-mp1-21-11-17/SDK/sysroots/cortexa7t2hf-neon-vfpv4-ostl-linux-gnueabi/usr/include/optee/export-user_ta/lib/libutils.a(f32_sub.o)
                0x0000000000045480                f32_sub
 .text          0x00000000000454ac       0x84 /home/frank/TrustSQLite/stm32mp1-openstlinux-5.10-dunfell-mp1-21-11-17/SDK/sysroots/cortexa7t2hf-neon-vfpv4-ostl-linux-gnueabi/usr/include/optee/export-user_ta/lib/libutils.a(f32_to_f64.o)
                0x00000000000454ac                f32_to_f64
 .text          0x0000000000045530       0x88 /home/frank/TrustSQLite/stm32mp1-openstlinux-5.10-dunfell-mp1-21-11-17/SDK/sysroots/cortexa7t2hf-neon-vfpv4-ostl-linux-gnueabi/usr/include/optee/export-user_ta/lib/libutils.a(f32_to_i32_r_minMag.o)
                0x0000000000045530                f32_to_i32_r_minMag
 .text          0x00000000000455b8       0xc0 /home/frank/TrustSQLite/stm32mp1-openstlinux-5.10-dunfell-mp1-21-11-17/SDK/sysroots/cortexa7t2hf-neon-vfpv4-ostl-linux-gnueabi/usr/include/optee/export-user_ta/lib/libutils.a(f32_to_i64_r_minMag.o)
                0x00000000000455b8                f32_to_i64_r_minMag
 .text          0x0000000000045678       0x74 /home/frank/TrustSQLite/stm32mp1-openstlinux-5.10-dunfell-mp1-21-11-17/SDK/sysroots/cortexa7t2hf-neon-vfpv4-ostl-linux-gnueabi/usr/include/optee/export-user_ta/lib/libutils.a(f32_to_ui32_r_minMag.o)
                0x0000000000045678                f32_to_ui32_r_minMag
 .text          0x00000000000456ec       0x98 /home/frank/TrustSQLite/stm32mp1-openstlinux-5.10-dunfell-mp1-21-11-17/SDK/sysroots/cortexa7t2hf-neon-vfpv4-ostl-linux-gnueabi/usr/include/optee/export-user_ta/lib/libutils.a(f32_to_ui64_r_minMag.o)
                0x00000000000456ec                f32_to_ui64_r_minMag
 .text          0x0000000000045784       0x40 /home/frank/TrustSQLite/stm32mp1-openstlinux-5.10-dunfell-mp1-21-11-17/SDK/sysroots/cortexa7t2hf-neon-vfpv4-ostl-linux-gnueabi/usr/include/optee/export-user_ta/lib/libutils.a(f64_add.o)
                0x0000000000045784                f64_add
 .text          0x00000000000457c4      0x1fc /home/frank/TrustSQLite/stm32mp1-openstlinux-5.10-dunfell-mp1-21-11-17/SDK/sysroots/cortexa7t2hf-neon-vfpv4-ostl-linux-gnueabi/usr/include/optee/export-user_ta/lib/libutils.a(f64_div.o)
                0x00000000000457c4                f64_div
 .text          0x00000000000459c0       0xd0 /home/frank/TrustSQLite/stm32mp1-openstlinux-5.10-dunfell-mp1-21-11-17/SDK/sysroots/cortexa7t2hf-neon-vfpv4-ostl-linux-gnueabi/usr/include/optee/export-user_ta/lib/libutils.a(f64_eq.o)
                0x00000000000459c0                f64_eq
 .text          0x0000000000045a90       0x94 /home/frank/TrustSQLite/stm32mp1-openstlinux-5.10-dunfell-mp1-21-11-17/SDK/sysroots/cortexa7t2hf-neon-vfpv4-ostl-linux-gnueabi/usr/include/optee/export-user_ta/lib/libutils.a(f64_le.o)
                0x0000000000045a90                f64_le
 .text          0x0000000000045b24       0x94 /home/frank/TrustSQLite/stm32mp1-openstlinux-5.10-dunfell-mp1-21-11-17/SDK/sysroots/cortexa7t2hf-neon-vfpv4-ostl-linux-gnueabi/usr/include/optee/export-user_ta/lib/libutils.a(f64_lt.o)
                0x0000000000045b24                f64_lt
 .text          0x0000000000045bb8      0x15c /home/frank/TrustSQLite/stm32mp1-openstlinux-5.10-dunfell-mp1-21-11-17/SDK/sysroots/cortexa7t2hf-neon-vfpv4-ostl-linux-gnueabi/usr/include/optee/export-user_ta/lib/libutils.a(f64_mul.o)
                0x0000000000045bb8                f64_mul
 .text          0x0000000000045d14       0x40 /home/frank/TrustSQLite/stm32mp1-openstlinux-5.10-dunfell-mp1-21-11-17/SDK/sysroots/cortexa7t2hf-neon-vfpv4-ostl-linux-gnueabi/usr/include/optee/export-user_ta/lib/libutils.a(f64_sub.o)
                0x0000000000045d14                f64_sub
 .text          0x0000000000045d54       0x6c /home/frank/TrustSQLite/stm32mp1-openstlinux-5.10-dunfell-mp1-21-11-17/SDK/sysroots/cortexa7t2hf-neon-vfpv4-ostl-linux-gnueabi/usr/include/optee/export-user_ta/lib/libutils.a(f64_to_f32.o)
                0x0000000000045d54                f64_to_f32
 .text          0x0000000000045dc0      0x138 /home/frank/TrustSQLite/stm32mp1-openstlinux-5.10-dunfell-mp1-21-11-17/SDK/sysroots/cortexa7t2hf-neon-vfpv4-ostl-linux-gnueabi/usr/include/optee/export-user_ta/lib/libutils.a(f64_to_i64_r_minMag.o)
                0x0000000000045dc0                f64_to_i64_r_minMag
 .text          0x0000000000045ef8       0xc4 /home/frank/TrustSQLite/stm32mp1-openstlinux-5.10-dunfell-mp1-21-11-17/SDK/sysroots/cortexa7t2hf-neon-vfpv4-ostl-linux-gnueabi/usr/include/optee/export-user_ta/lib/libutils.a(f64_to_ui32_r_minMag.o)
                0x0000000000045ef8                f64_to_ui32_r_minMag
 .text          0x0000000000045fbc       0xf0 /home/frank/TrustSQLite/stm32mp1-openstlinux-5.10-dunfell-mp1-21-11-17/SDK/sysroots/cortexa7t2hf-neon-vfpv4-ostl-linux-gnueabi/usr/include/optee/export-user_ta/lib/libutils.a(f64_to_ui64_r_minMag.o)
                0x0000000000045fbc                f64_to_ui64_r_minMag
 .text          0x00000000000460ac       0x50 /home/frank/TrustSQLite/stm32mp1-openstlinux-5.10-dunfell-mp1-21-11-17/SDK/sysroots/cortexa7t2hf-neon-vfpv4-ostl-linux-gnueabi/usr/include/optee/export-user_ta/lib/libutils.a(i64_to_f64.o)
                0x00000000000460ac                i64_to_f64
 .text          0x00000000000460fc       0xf8 /home/frank/TrustSQLite/stm32mp1-openstlinux-5.10-dunfell-mp1-21-11-17/SDK/sysroots/cortexa7t2hf-neon-vfpv4-ostl-linux-gnueabi/usr/include/optee/export-user_ta/lib/libutils.a(s_subMagsF32.o)
                0x00000000000460fc                softfloat_subMagsF32
 .text          0x00000000000461f4      0x1c0 /home/frank/TrustSQLite/stm32mp1-openstlinux-5.10-dunfell-mp1-21-11-17/SDK/sysroots/cortexa7t2hf-neon-vfpv4-ostl-linux-gnueabi/usr/include/optee/export-user_ta/lib/libutils.a(s_subMagsF64.o)
                0x00000000000461f4                softfloat_subMagsF64
 .text          0x00000000000463b4       0xd8 /home/frank/TrustSQLite/stm32mp1-openstlinux-5.10-dunfell-mp1-21-11-17/SDK/sysroots/cortexa7t2hf-neon-vfpv4-ostl-linux-gnueabi/usr/include/optee/export-user_ta/lib/libutils.a(s_addMagsF32.o)
                0x00000000000463b4                softfloat_addMagsF32
 .text          0x000000000004648c      0x198 /home/frank/TrustSQLite/stm32mp1-openstlinux-5.10-dunfell-mp1-21-11-17/SDK/sysroots/cortexa7t2hf-neon-vfpv4-ostl-linux-gnueabi/usr/include/optee/export-user_ta/lib/libutils.a(s_addMagsF64.o)
                0x000000000004648c                softfloat_addMagsF64
 .text          0x0000000000046624       0xf0 /home/frank/TrustSQLite/stm32mp1-openstlinux-5.10-dunfell-mp1-21-11-17/SDK/sysroots/cortexa7t2hf-neon-vfpv4-ostl-linux-gnueabi/usr/include/optee/export-user_ta/lib/libutils.a(s_roundPackToF32.o)
                0x0000000000046624                softfloat_roundPackToF32
 .text          0x0000000000046714      0x178 /home/frank/TrustSQLite/stm32mp1-openstlinux-5.10-dunfell-mp1-21-11-17/SDK/sysroots/cortexa7t2hf-neon-vfpv4-ostl-linux-gnueabi/usr/include/optee/export-user_ta/lib/libutils.a(s_roundPackToF64.o)
                0x0000000000046714                softfloat_roundPackToF64
 .text          0x000000000004688c       0x38 /home/frank/TrustSQLite/stm32mp1-openstlinux-5.10-dunfell-mp1-21-11-17/SDK/sysroots/cortexa7t2hf-neon-vfpv4-ostl-linux-gnueabi/usr/include/optee/export-user_ta/lib/libutils.a(s_countLeadingZeros32.o)
                0x000000000004688c                softfloat_countLeadingZeros32
 .text          0x00000000000468c4       0x40 /home/frank/TrustSQLite/stm32mp1-openstlinux-5.10-dunfell-mp1-21-11-17/SDK/sysroots/cortexa7t2hf-neon-vfpv4-ostl-linux-gnueabi/usr/include/optee/export-user_ta/lib/libutils.a(s_countLeadingZeros64.o)
                0x00000000000468c4                softfloat_countLeadingZeros64
 .text          0x0000000000046904       0x18 /home/frank/TrustSQLite/stm32mp1-openstlinux-5.10-dunfell-mp1-21-11-17/SDK/sysroots/cortexa7t2hf-neon-vfpv4-ostl-linux-gnueabi/usr/include/optee/export-user_ta/lib/libutils.a(softfloat_raiseFlags.o)
                0x0000000000046904                softfloat_raiseFlags
 .text          0x000000000004691c       0x58 /home/frank/TrustSQLite/stm32mp1-openstlinux-5.10-dunfell-mp1-21-11-17/SDK/sysroots/cortexa7t2hf-neon-vfpv4-ostl-linux-gnueabi/usr/include/optee/export-user_ta/lib/libutils.a(s_propagateNaNF32UI.o)
                0x000000000004691c                softfloat_propagateNaNF32UI
 .text          0x0000000000046974       0x38 /home/frank/TrustSQLite/stm32mp1-openstlinux-5.10-dunfell-mp1-21-11-17/SDK/sysroots/cortexa7t2hf-neon-vfpv4-ostl-linux-gnueabi/usr/include/optee/export-user_ta/lib/libutils.a(s_f32UIToCommonNaN.o)
                0x0000000000046974                softfloat_f32UIToCommonNaN
 .text          0x00000000000469ac       0x24 /home/frank/TrustSQLite/stm32mp1-openstlinux-5.10-dunfell-mp1-21-11-17/SDK/sysroots/cortexa7t2hf-neon-vfpv4-ostl-linux-gnueabi/usr/include/optee/export-user_ta/lib/libutils.a(s_commonNaNToF64UI.o)
                0x00000000000469ac                softfloat_commonNaNToF64UI
 .text          0x00000000000469d0       0x58 /home/frank/TrustSQLite/stm32mp1-openstlinux-5.10-dunfell-mp1-21-11-17/SDK/sysroots/cortexa7t2hf-neon-vfpv4-ostl-linux-gnueabi/usr/include/optee/export-user_ta/lib/libutils.a(s_f64UIToCommonNaN.o)
                0x00000000000469d0                softfloat_f64UIToCommonNaN
 .text          0x0000000000046a28       0xa8 /home/frank/TrustSQLite/stm32mp1-openstlinux-5.10-dunfell-mp1-21-11-17/SDK/sysroots/cortexa7t2hf-neon-vfpv4-ostl-linux-gnueabi/usr/include/optee/export-user_ta/lib/libutils.a(s_propagateNaNF64UI.o)
                0x0000000000046a28                softfloat_propagateNaNF64UI
 .text          0x0000000000046ad0      0x188 /home/frank/TrustSQLite/stm32mp1-openstlinux-5.10-dunfell-mp1-21-11-17/SDK/sysroots/cortexa7t2hf-neon-vfpv4-ostl-linux-gnueabi/usr/include/optee/export-user_ta/lib/libutils.a(trace.o)
                0x0000000000046ad0                trace_set_level
                0x0000000000046aec                trace_get_level
                0x0000000000046b00                trace_vprintf
                0x0000000000046c3c                trace_printf
                0x0000000000046c54                dhex_dump
 .text          0x0000000000046c58      0x720 /home/frank/TrustSQLite/stm32mp1-openstlinux-5.10-dunfell-mp1-21-11-17/SDK/sysroots/cortexa7t2hf-neon-vfpv4-ostl-linux-gnueabi/usr/include/optee/export-user_ta/lib/libutils.a(snprintk.o)
                0x0000000000046c58                __vsnprintf
                0x0000000000046c88                vsnprintk
                0x0000000000046c96                snprintk
                0x0000000000047360                __vsprintf
 .text          0x0000000000047378       0x38 /home/frank/TrustSQLite/stm32mp1-openstlinux-5.10-dunfell-mp1-21-11-17/SDK/sysroots/cortexa7t2hf-neon-vfpv4-ostl-linux-gnueabi/usr/include/optee/export-user_ta/lib/libutee.a(assert.o)
                0x0000000000047378                _assert_log
                0x00000000000473a0                _assert_break
 .text          0x00000000000473b0       0x9c /home/frank/TrustSQLite/stm32mp1-openstlinux-5.10-dunfell-mp1-21-11-17/SDK/sysroots/cortexa7t2hf-neon-vfpv4-ostl-linux-gnueabi/usr/include/optee/export-user_ta/lib/libutee.a(trace_ext.o)
                0x00000000000473b0                trace_ext_puts
                0x00000000000473c4                trace_ext_get_thread_id
                0x00000000000473ca                printf
                0x0000000000047404                puts
                0x0000000000047428                putchar
 .text          0x000000000004744c      0x478 /home/frank/TrustSQLite/stm32mp1-openstlinux-5.10-dunfell-mp1-21-11-17/SDK/sysroots/cortexa7t2hf-neon-vfpv4-ostl-linux-gnueabi/usr/include/optee/export-user_ta/lib/libutee.a(tee_api.o)
                0x00000000000474aa                TEE_CloseTASession
                0x00000000000474be                TEE_GetCancellationFlag
                0x00000000000474da                TEE_UnmaskCancellation
                0x00000000000474f6                TEE_MaskCancellation
                0x0000000000047512                TEE_CheckMemoryAccessRights
                0x0000000000047644                TEE_OpenTASession
                0x00000000000476d8                TEE_InvokeTACommand
                0x000000000004778c                TEE_SetInstanceData
                0x0000000000047798                TEE_GetInstanceData
                0x00000000000477a4                TEE_MemMove
                0x00000000000477a8                TEE_MemCompare
                0x00000000000477ac                TEE_MemFill
                0x00000000000477b0                TEE_GetSystemTime
                0x00000000000477c6                TEE_Wait
                0x00000000000477e4                TEE_GetTAPersistentTime
                0x0000000000047820                TEE_SetTAPersistentTime
                0x0000000000047848                TEE_GetREETime
                0x000000000004785e                TEE_Malloc
                0x00000000000478a8                TEE_Realloc
                0x00000000000478ac                TEE_Free
                0x00000000000478b0                TEE_CacheClean
                0x00000000000478b6                TEE_CacheFlush
                0x00000000000478bc                TEE_CacheInvalidate
 .text          0x00000000000478c4       0xd8 /home/frank/TrustSQLite/stm32mp1-openstlinux-5.10-dunfell-mp1-21-11-17/SDK/sysroots/cortexa7t2hf-neon-vfpv4-ostl-linux-gnueabi/usr/include/optee/export-user_ta/lib/libutee.a(tee_api_panic.o)
                0x00000000000478e4                TEE_Panic
                0x00000000000478f2                __utee_check_outbuf_annotation
                0x0000000000047920                __utee_check_instring_annotation
                0x0000000000047938                __utee_check_outstring_annotation
                0x0000000000047964                __utee_check_out_annotation
                0x0000000000047976                __utee_check_attr_in_annotation
                0x000000000004798a                __utee_check_inout_annotation
 .text          0x000000000004799c       0xd8 /home/frank/TrustSQLite/stm32mp1-openstlinux-5.10-dunfell-mp1-21-11-17/SDK/sysroots/cortexa7t2hf-neon-vfpv4-ostl-linux-gnueabi/usr/include/optee/export-user_ta/lib/libutee.a(tee_system_pta.o)
                0x00000000000479ec                tee_map_zi
                0x0000000000047a26                tee_unmap
 .text          0x0000000000047a74        0x0 /home/frank/TrustSQLite/stm32mp1-openstlinux-5.10-dunfell-mp1-21-11-17/SDK/sysroots/cortexa7t2hf-neon-vfpv4-ostl-linux-gnueabi/usr/include/optee/export-user_ta/lib/libutee.a(utee_syscalls_a32.o)
 .text._utee_panic
                0x0000000000047a74       0x14 /home/frank/TrustSQLite/stm32mp1-openstlinux-5.10-dunfell-mp1-21-11-17/SDK/sysroots/cortexa7t2hf-neon-vfpv4-ostl-linux-gnueabi/usr/include/optee/export-user_ta/lib/libutee.a(utee_syscalls_a32.o)
                0x0000000000047a74                _utee_panic
 .text._utee_return
                0x0000000000047a88       0x14 /home/frank/TrustSQLite/stm32mp1-openstlinux-5.10-dunfell-mp1-21-11-17/SDK/sysroots/cortexa7t2hf-neon-vfpv4-ostl-linux-gnueabi/usr/include/optee/export-user_ta/lib/libutee.a(utee_syscalls_a32.o)
                0x0000000000047a88                _utee_return
 .text._utee_log
                0x0000000000047a9c       0x14 /home/frank/TrustSQLite/stm32mp1-openstlinux-5.10-dunfell-mp1-21-11-17/SDK/sysroots/cortexa7t2hf-neon-vfpv4-ostl-linux-gnueabi/usr/include/optee/export-user_ta/lib/libutee.a(utee_syscalls_a32.o)
                0x0000000000047a9c                _utee_log
 .text.__utee_panic
                0x0000000000047ab0       0x14 /home/frank/TrustSQLite/stm32mp1-openstlinux-5.10-dunfell-mp1-21-11-17/SDK/sysroots/cortexa7t2hf-neon-vfpv4-ostl-linux-gnueabi/usr/include/optee/export-user_ta/lib/libutee.a(utee_syscalls_a32.o)
                0x0000000000047ab0                __utee_panic
 .text._utee_get_property
                0x0000000000047ac4       0x18 /home/frank/TrustSQLite/stm32mp1-openstlinux-5.10-dunfell-mp1-21-11-17/SDK/sysroots/cortexa7t2hf-neon-vfpv4-ostl-linux-gnueabi/usr/include/optee/export-user_ta/lib/libutee.a(utee_syscalls_a32.o)
                0x0000000000047ac4                _utee_get_property
 .text._utee_get_property_name_to_index
                0x0000000000047adc       0x14 /home/frank/TrustSQLite/stm32mp1-openstlinux-5.10-dunfell-mp1-21-11-17/SDK/sysroots/cortexa7t2hf-neon-vfpv4-ostl-linux-gnueabi/usr/include/optee/export-user_ta/lib/libutee.a(utee_syscalls_a32.o)
                0x0000000000047adc                _utee_get_property_name_to_index
 .text._utee_open_ta_session
                0x0000000000047af0       0x18 /home/frank/TrustSQLite/stm32mp1-openstlinux-5.10-dunfell-mp1-21-11-17/SDK/sysroots/cortexa7t2hf-neon-vfpv4-ostl-linux-gnueabi/usr/include/optee/export-user_ta/lib/libutee.a(utee_syscalls_a32.o)
                0x0000000000047af0                _utee_open_ta_session
 .text._utee_close_ta_session
                0x0000000000047b08       0x14 /home/frank/TrustSQLite/stm32mp1-openstlinux-5.10-dunfell-mp1-21-11-17/SDK/sysroots/cortexa7t2hf-neon-vfpv4-ostl-linux-gnueabi/usr/include/optee/export-user_ta/lib/libutee.a(utee_syscalls_a32.o)
                0x0000000000047b08                _utee_close_ta_session
 .text._utee_invoke_ta_command
                0x0000000000047b1c       0x18 /home/frank/TrustSQLite/stm32mp1-openstlinux-5.10-dunfell-mp1-21-11-17/SDK/sysroots/cortexa7t2hf-neon-vfpv4-ostl-linux-gnueabi/usr/include/optee/export-user_ta/lib/libutee.a(utee_syscalls_a32.o)
                0x0000000000047b1c                _utee_invoke_ta_command
 .text._utee_get_cancellation_flag
                0x0000000000047b34       0x14 /home/frank/TrustSQLite/stm32mp1-openstlinux-5.10-dunfell-mp1-21-11-17/SDK/sysroots/cortexa7t2hf-neon-vfpv4-ostl-linux-gnueabi/usr/include/optee/export-user_ta/lib/libutee.a(utee_syscalls_a32.o)
                0x0000000000047b34                _utee_get_cancellation_flag
 .text._utee_check_access_rights
                0x0000000000047b48       0x14 /home/frank/TrustSQLite/stm32mp1-openstlinux-5.10-dunfell-mp1-21-11-17/SDK/sysroots/cortexa7t2hf-neon-vfpv4-ostl-linux-gnueabi/usr/include/optee/export-user_ta/lib/libutee.a(utee_syscalls_a32.o)
                0x0000000000047b48                _utee_check_access_rights
 .text._utee_unmask_cancellation
                0x0000000000047b5c       0x14 /home/frank/TrustSQLite/stm32mp1-openstlinux-5.10-dunfell-mp1-21-11-17/SDK/sysroots/cortexa7t2hf-neon-vfpv4-ostl-linux-gnueabi/usr/include/optee/export-user_ta/lib/libutee.a(utee_syscalls_a32.o)
                0x0000000000047b5c                _utee_unmask_cancellation
 .text._utee_mask_cancellation
                0x0000000000047b70       0x14 /home/frank/TrustSQLite/stm32mp1-openstlinux-5.10-dunfell-mp1-21-11-17/SDK/sysroots/cortexa7t2hf-neon-vfpv4-ostl-linux-gnueabi/usr/include/optee/export-user_ta/lib/libutee.a(utee_syscalls_a32.o)
                0x0000000000047b70                _utee_mask_cancellation
 .text._utee_wait
                0x0000000000047b84       0x14 /home/frank/TrustSQLite/stm32mp1-openstlinux-5.10-dunfell-mp1-21-11-17/SDK/sysroots/cortexa7t2hf-neon-vfpv4-ostl-linux-gnueabi/usr/include/optee/export-user_ta/lib/libutee.a(utee_syscalls_a32.o)
                0x0000000000047b84                _utee_wait
 .text._utee_get_time
                0x0000000000047b98       0x14 /home/frank/TrustSQLite/stm32mp1-openstlinux-5.10-dunfell-mp1-21-11-17/SDK/sysroots/cortexa7t2hf-neon-vfpv4-ostl-linux-gnueabi/usr/include/optee/export-user_ta/lib/libutee.a(utee_syscalls_a32.o)
                0x0000000000047b98                _utee_get_time
 .text._utee_set_ta_time
                0x0000000000047bac       0x14 /home/frank/TrustSQLite/stm32mp1-openstlinux-5.10-dunfell-mp1-21-11-17/SDK/sysroots/cortexa7t2hf-neon-vfpv4-ostl-linux-gnueabi/usr/include/optee/export-user_ta/lib/libutee.a(utee_syscalls_a32.o)
                0x0000000000047bac                _utee_set_ta_time
 .text._utee_cryp_state_alloc
                0x0000000000047bc0       0x18 /home/frank/TrustSQLite/stm32mp1-openstlinux-5.10-dunfell-mp1-21-11-17/SDK/sysroots/cortexa7t2hf-neon-vfpv4-ostl-linux-gnueabi/usr/include/optee/export-user_ta/lib/libutee.a(utee_syscalls_a32.o)
                0x0000000000047bc0                _utee_cryp_state_alloc
 .text._utee_cryp_state_copy
                0x0000000000047bd8       0x14 /home/frank/TrustSQLite/stm32mp1-openstlinux-5.10-dunfell-mp1-21-11-17/SDK/sysroots/cortexa7t2hf-neon-vfpv4-ostl-linux-gnueabi/usr/include/optee/export-user_ta/lib/libutee.a(utee_syscalls_a32.o)
                0x0000000000047bd8                _utee_cryp_state_copy
 .text._utee_cryp_state_free
                0x0000000000047bec       0x14 /home/frank/TrustSQLite/stm32mp1-openstlinux-5.10-dunfell-mp1-21-11-17/SDK/sysroots/cortexa7t2hf-neon-vfpv4-ostl-linux-gnueabi/usr/include/optee/export-user_ta/lib/libutee.a(utee_syscalls_a32.o)
                0x0000000000047bec                _utee_cryp_state_free
 .text._utee_hash_init
                0x0000000000047c00       0x14 /home/frank/TrustSQLite/stm32mp1-openstlinux-5.10-dunfell-mp1-21-11-17/SDK/sysroots/cortexa7t2hf-neon-vfpv4-ostl-linux-gnueabi/usr/include/optee/export-user_ta/lib/libutee.a(utee_syscalls_a32.o)
                0x0000000000047c00                _utee_hash_init
 .text._utee_hash_update
                0x0000000000047c14       0x14 /home/frank/TrustSQLite/stm32mp1-openstlinux-5.10-dunfell-mp1-21-11-17/SDK/sysroots/cortexa7t2hf-neon-vfpv4-ostl-linux-gnueabi/usr/include/optee/export-user_ta/lib/libutee.a(utee_syscalls_a32.o)
                0x0000000000047c14                _utee_hash_update
 .text._utee_hash_final
                0x0000000000047c28       0x18 /home/frank/TrustSQLite/stm32mp1-openstlinux-5.10-dunfell-mp1-21-11-17/SDK/sysroots/cortexa7t2hf-neon-vfpv4-ostl-linux-gnueabi/usr/include/optee/export-user_ta/lib/libutee.a(utee_syscalls_a32.o)
                0x0000000000047c28                _utee_hash_final
 .text._utee_cipher_init
                0x0000000000047c40       0x14 /home/frank/TrustSQLite/stm32mp1-openstlinux-5.10-dunfell-mp1-21-11-17/SDK/sysroots/cortexa7t2hf-neon-vfpv4-ostl-linux-gnueabi/usr/include/optee/export-user_ta/lib/libutee.a(utee_syscalls_a32.o)
                0x0000000000047c40                _utee_cipher_init
 .text._utee_cipher_update
                0x0000000000047c54       0x18 /home/frank/TrustSQLite/stm32mp1-openstlinux-5.10-dunfell-mp1-21-11-17/SDK/sysroots/cortexa7t2hf-neon-vfpv4-ostl-linux-gnueabi/usr/include/optee/export-user_ta/lib/libutee.a(utee_syscalls_a32.o)
                0x0000000000047c54                _utee_cipher_update
 .text._utee_cipher_final
                0x0000000000047c6c       0x18 /home/frank/TrustSQLite/stm32mp1-openstlinux-5.10-dunfell-mp1-21-11-17/SDK/sysroots/cortexa7t2hf-neon-vfpv4-ostl-linux-gnueabi/usr/include/optee/export-user_ta/lib/libutee.a(utee_syscalls_a32.o)
                0x0000000000047c6c                _utee_cipher_final
 .text._utee_cryp_obj_get_info
                0x0000000000047c84       0x14 /home/frank/TrustSQLite/stm32mp1-openstlinux-5.10-dunfell-mp1-21-11-17/SDK/sysroots/cortexa7t2hf-neon-vfpv4-ostl-linux-gnueabi/usr/include/optee/export-user_ta/lib/libutee.a(utee_syscalls_a32.o)
                0x0000000000047c84                _utee_cryp_obj_get_info
 .text._utee_cryp_obj_restrict_usage
                0x0000000000047c98       0x14 /home/frank/TrustSQLite/stm32mp1-openstlinux-5.10-dunfell-mp1-21-11-17/SDK/sysroots/cortexa7t2hf-neon-vfpv4-ostl-linux-gnueabi/usr/include/optee/export-user_ta/lib/libutee.a(utee_syscalls_a32.o)
                0x0000000000047c98                _utee_cryp_obj_restrict_usage
 .text._utee_cryp_obj_get_attr
                0x0000000000047cac       0x14 /home/frank/TrustSQLite/stm32mp1-openstlinux-5.10-dunfell-mp1-21-11-17/SDK/sysroots/cortexa7t2hf-neon-vfpv4-ostl-linux-gnueabi/usr/include/optee/export-user_ta/lib/libutee.a(utee_syscalls_a32.o)
                0x0000000000047cac                _utee_cryp_obj_get_attr
 .text._utee_cryp_obj_alloc
                0x0000000000047cc0       0x14 /home/frank/TrustSQLite/stm32mp1-openstlinux-5.10-dunfell-mp1-21-11-17/SDK/sysroots/cortexa7t2hf-neon-vfpv4-ostl-linux-gnueabi/usr/include/optee/export-user_ta/lib/libutee.a(utee_syscalls_a32.o)
                0x0000000000047cc0                _utee_cryp_obj_alloc
 .text._utee_cryp_obj_close
                0x0000000000047cd4       0x14 /home/frank/TrustSQLite/stm32mp1-openstlinux-5.10-dunfell-mp1-21-11-17/SDK/sysroots/cortexa7t2hf-neon-vfpv4-ostl-linux-gnueabi/usr/include/optee/export-user_ta/lib/libutee.a(utee_syscalls_a32.o)
                0x0000000000047cd4                _utee_cryp_obj_close
 .text._utee_cryp_obj_reset
                0x0000000000047ce8       0x14 /home/frank/TrustSQLite/stm32mp1-openstlinux-5.10-dunfell-mp1-21-11-17/SDK/sysroots/cortexa7t2hf-neon-vfpv4-ostl-linux-gnueabi/usr/include/optee/export-user_ta/lib/libutee.a(utee_syscalls_a32.o)
                0x0000000000047ce8                _utee_cryp_obj_reset
 .text._utee_cryp_obj_populate
                0x0000000000047cfc       0x14 /home/frank/TrustSQLite/stm32mp1-openstlinux-5.10-dunfell-mp1-21-11-17/SDK/sysroots/cortexa7t2hf-neon-vfpv4-ostl-linux-gnueabi/usr/include/optee/export-user_ta/lib/libutee.a(utee_syscalls_a32.o)
                0x0000000000047cfc                _utee_cryp_obj_populate
 .text._utee_cryp_obj_copy
                0x0000000000047d10       0x14 /home/frank/TrustSQLite/stm32mp1-openstlinux-5.10-dunfell-mp1-21-11-17/SDK/sysroots/cortexa7t2hf-neon-vfpv4-ostl-linux-gnueabi/usr/include/optee/export-user_ta/lib/libutee.a(utee_syscalls_a32.o)
                0x0000000000047d10                _utee_cryp_obj_copy
 .text._utee_cryp_derive_key
                0x0000000000047d24       0x14 /home/frank/TrustSQLite/stm32mp1-openstlinux-5.10-dunfell-mp1-21-11-17/SDK/sysroots/cortexa7t2hf-neon-vfpv4-ostl-linux-gnueabi/usr/include/optee/export-user_ta/lib/libutee.a(utee_syscalls_a32.o)
                0x0000000000047d24                _utee_cryp_derive_key
 .text._utee_cryp_random_number_generate
                0x0000000000047d38       0x14 /home/frank/TrustSQLite/stm32mp1-openstlinux-5.10-dunfell-mp1-21-11-17/SDK/sysroots/cortexa7t2hf-neon-vfpv4-ostl-linux-gnueabi/usr/include/optee/export-user_ta/lib/libutee.a(utee_syscalls_a32.o)
                0x0000000000047d38                _utee_cryp_random_number_generate
 .text._utee_authenc_init
                0x0000000000047d4c       0x18 /home/frank/TrustSQLite/stm32mp1-openstlinux-5.10-dunfell-mp1-21-11-17/SDK/sysroots/cortexa7t2hf-neon-vfpv4-ostl-linux-gnueabi/usr/include/optee/export-user_ta/lib/libutee.a(utee_syscalls_a32.o)
                0x0000000000047d4c                _utee_authenc_init
 .text._utee_authenc_update_aad
                0x0000000000047d64       0x14 /home/frank/TrustSQLite/stm32mp1-openstlinux-5.10-dunfell-mp1-21-11-17/SDK/sysroots/cortexa7t2hf-neon-vfpv4-ostl-linux-gnueabi/usr/include/optee/export-user_ta/lib/libutee.a(utee_syscalls_a32.o)
                0x0000000000047d64                _utee_authenc_update_aad
 .text._utee_authenc_update_payload
                0x0000000000047d78       0x18 /home/frank/TrustSQLite/stm32mp1-openstlinux-5.10-dunfell-mp1-21-11-17/SDK/sysroots/cortexa7t2hf-neon-vfpv4-ostl-linux-gnueabi/usr/include/optee/export-user_ta/lib/libutee.a(utee_syscalls_a32.o)
                0x0000000000047d78                _utee_authenc_update_payload
 .text._utee_authenc_enc_final
                0x0000000000047d90       0x18 /home/frank/TrustSQLite/stm32mp1-openstlinux-5.10-dunfell-mp1-21-11-17/SDK/sysroots/cortexa7t2hf-neon-vfpv4-ostl-linux-gnueabi/usr/include/optee/export-user_ta/lib/libutee.a(utee_syscalls_a32.o)
                0x0000000000047d90                _utee_authenc_enc_final
 .text._utee_authenc_dec_final
                0x0000000000047da8       0x18 /home/frank/TrustSQLite/stm32mp1-openstlinux-5.10-dunfell-mp1-21-11-17/SDK/sysroots/cortexa7t2hf-neon-vfpv4-ostl-linux-gnueabi/usr/include/optee/export-user_ta/lib/libutee.a(utee_syscalls_a32.o)
                0x0000000000047da8                _utee_authenc_dec_final
 .text._utee_asymm_operate
                0x0000000000047dc0       0x18 /home/frank/TrustSQLite/stm32mp1-openstlinux-5.10-dunfell-mp1-21-11-17/SDK/sysroots/cortexa7t2hf-neon-vfpv4-ostl-linux-gnueabi/usr/include/optee/export-user_ta/lib/libutee.a(utee_syscalls_a32.o)
                0x0000000000047dc0                _utee_asymm_operate
 .text._utee_asymm_verify
                0x0000000000047dd8       0x18 /home/frank/TrustSQLite/stm32mp1-openstlinux-5.10-dunfell-mp1-21-11-17/SDK/sysroots/cortexa7t2hf-neon-vfpv4-ostl-linux-gnueabi/usr/include/optee/export-user_ta/lib/libutee.a(utee_syscalls_a32.o)
                0x0000000000047dd8                _utee_asymm_verify
 .text._utee_storage_obj_open
                0x0000000000047df0       0x18 /home/frank/TrustSQLite/stm32mp1-openstlinux-5.10-dunfell-mp1-21-11-17/SDK/sysroots/cortexa7t2hf-neon-vfpv4-ostl-linux-gnueabi/usr/include/optee/export-user_ta/lib/libutee.a(utee_syscalls_a32.o)
                0x0000000000047df0                _utee_storage_obj_open
 .text._utee_storage_obj_create
                0x0000000000047e08       0x18 /home/frank/TrustSQLite/stm32mp1-openstlinux-5.10-dunfell-mp1-21-11-17/SDK/sysroots/cortexa7t2hf-neon-vfpv4-ostl-linux-gnueabi/usr/include/optee/export-user_ta/lib/libutee.a(utee_syscalls_a32.o)
                0x0000000000047e08                _utee_storage_obj_create
 .text._utee_storage_obj_del
                0x0000000000047e20       0x14 /home/frank/TrustSQLite/stm32mp1-openstlinux-5.10-dunfell-mp1-21-11-17/SDK/sysroots/cortexa7t2hf-neon-vfpv4-ostl-linux-gnueabi/usr/include/optee/export-user_ta/lib/libutee.a(utee_syscalls_a32.o)
                0x0000000000047e20                _utee_storage_obj_del
 .text._utee_storage_obj_rename
                0x0000000000047e34       0x14 /home/frank/TrustSQLite/stm32mp1-openstlinux-5.10-dunfell-mp1-21-11-17/SDK/sysroots/cortexa7t2hf-neon-vfpv4-ostl-linux-gnueabi/usr/include/optee/export-user_ta/lib/libutee.a(utee_syscalls_a32.o)
                0x0000000000047e34                _utee_storage_obj_rename
 .text._utee_storage_alloc_enum
                0x0000000000047e48       0x14 /home/frank/TrustSQLite/stm32mp1-openstlinux-5.10-dunfell-mp1-21-11-17/SDK/sysroots/cortexa7t2hf-neon-vfpv4-ostl-linux-gnueabi/usr/include/optee/export-user_ta/lib/libutee.a(utee_syscalls_a32.o)
                0x0000000000047e48                _utee_storage_alloc_enum
 .text._utee_storage_free_enum
                0x0000000000047e5c       0x14 /home/frank/TrustSQLite/stm32mp1-openstlinux-5.10-dunfell-mp1-21-11-17/SDK/sysroots/cortexa7t2hf-neon-vfpv4-ostl-linux-gnueabi/usr/include/optee/export-user_ta/lib/libutee.a(utee_syscalls_a32.o)
                0x0000000000047e5c                _utee_storage_free_enum
 .text._utee_storage_reset_enum
                0x0000000000047e70       0x14 /home/frank/TrustSQLite/stm32mp1-openstlinux-5.10-dunfell-mp1-21-11-17/SDK/sysroots/cortexa7t2hf-neon-vfpv4-ostl-linux-gnueabi/usr/include/optee/export-user_ta/lib/libutee.a(utee_syscalls_a32.o)
                0x0000000000047e70                _utee_storage_reset_enum
 .text._utee_storage_start_enum
                0x0000000000047e84       0x14 /home/frank/TrustSQLite/stm32mp1-openstlinux-5.10-dunfell-mp1-21-11-17/SDK/sysroots/cortexa7t2hf-neon-vfpv4-ostl-linux-gnueabi/usr/include/optee/export-user_ta/lib/libutee.a(utee_syscalls_a32.o)
                0x0000000000047e84                _utee_storage_start_enum
 .text._utee_storage_next_enum
                0x0000000000047e98       0x14 /home/frank/TrustSQLite/stm32mp1-openstlinux-5.10-dunfell-mp1-21-11-17/SDK/sysroots/cortexa7t2hf-neon-vfpv4-ostl-linux-gnueabi/usr/include/optee/export-user_ta/lib/libutee.a(utee_syscalls_a32.o)
                0x0000000000047e98                _utee_storage_next_enum
 .text._utee_storage_obj_read
                0x0000000000047eac       0x14 /home/frank/TrustSQLite/stm32mp1-openstlinux-5.10-dunfell-mp1-21-11-17/SDK/sysroots/cortexa7t2hf-neon-vfpv4-ostl-linux-gnueabi/usr/include/optee/export-user_ta/lib/libutee.a(utee_syscalls_a32.o)
                0x0000000000047eac                _utee_storage_obj_read
 .text._utee_storage_obj_write
                0x0000000000047ec0       0x14 /home/frank/TrustSQLite/stm32mp1-openstlinux-5.10-dunfell-mp1-21-11-17/SDK/sysroots/cortexa7t2hf-neon-vfpv4-ostl-linux-gnueabi/usr/include/optee/export-user_ta/lib/libutee.a(utee_syscalls_a32.o)
                0x0000000000047ec0                _utee_storage_obj_write
 .text._utee_storage_obj_trunc
                0x0000000000047ed4       0x14 /home/frank/TrustSQLite/stm32mp1-openstlinux-5.10-dunfell-mp1-21-11-17/SDK/sysroots/cortexa7t2hf-neon-vfpv4-ostl-linux-gnueabi/usr/include/optee/export-user_ta/lib/libutee.a(utee_syscalls_a32.o)
                0x0000000000047ed4                _utee_storage_obj_trunc
 .text._utee_storage_obj_seek
                0x0000000000047ee8       0x14 /home/frank/TrustSQLite/stm32mp1-openstlinux-5.10-dunfell-mp1-21-11-17/SDK/sysroots/cortexa7t2hf-neon-vfpv4-ostl-linux-gnueabi/usr/include/optee/export-user_ta/lib/libutee.a(utee_syscalls_a32.o)
                0x0000000000047ee8                _utee_storage_obj_seek
 .text._utee_cryp_obj_generate_key
                0x0000000000047efc       0x14 /home/frank/TrustSQLite/stm32mp1-openstlinux-5.10-dunfell-mp1-21-11-17/SDK/sysroots/cortexa7t2hf-neon-vfpv4-ostl-linux-gnueabi/usr/include/optee/export-user_ta/lib/libutee.a(utee_syscalls_a32.o)
                0x0000000000047efc                _utee_cryp_obj_generate_key
 .text._utee_cache_operation
                0x0000000000047f10       0x14 /home/frank/TrustSQLite/stm32mp1-openstlinux-5.10-dunfell-mp1-21-11-17/SDK/sysroots/cortexa7t2hf-neon-vfpv4-ostl-linux-gnueabi/usr/include/optee/export-user_ta/lib/libutee.a(utee_syscalls_a32.o)
                0x0000000000047f10                _utee_cache_operation
 .text.utee_tpm_get_version
                0x0000000000047f24       0x14 /home/frank/TrustSQLite/stm32mp1-openstlinux-5.10-dunfell-mp1-21-11-17/SDK/sysroots/cortexa7t2hf-neon-vfpv4-ostl-linux-gnueabi/usr/include/optee/export-user_ta/lib/libutee.a(utee_syscalls_a32.o)
                0x0000000000047f24                utee_tpm_get_version
 .text.utee_sqlite_exec
                0x0000000000047f38       0x14 /home/frank/TrustSQLite/stm32mp1-openstlinux-5.10-dunfell-mp1-21-11-17/SDK/sysroots/cortexa7t2hf-neon-vfpv4-ostl-linux-gnueabi/usr/include/optee/export-user_ta/lib/libutee.a(utee_syscalls_a32.o)
                0x0000000000047f38                utee_sqlite_exec
 .text.utee_tzvfs_open
                0x0000000000047f4c       0x14 /home/frank/TrustSQLite/stm32mp1-openstlinux-5.10-dunfell-mp1-21-11-17/SDK/sysroots/cortexa7t2hf-neon-vfpv4-ostl-linux-gnueabi/usr/include/optee/export-user_ta/lib/libutee.a(utee_syscalls_a32.o)
                0x0000000000047f4c                utee_tzvfs_open
 .text.utee_tzvfs_close
                0x0000000000047f60       0x14 /home/frank/TrustSQLite/stm32mp1-openstlinux-5.10-dunfell-mp1-21-11-17/SDK/sysroots/cortexa7t2hf-neon-vfpv4-ostl-linux-gnueabi/usr/include/optee/export-user_ta/lib/libutee.a(utee_syscalls_a32.o)
                0x0000000000047f60                utee_tzvfs_close
 .text.utee_tzvfs_getcwd
                0x0000000000047f74       0x14 /home/frank/TrustSQLite/stm32mp1-openstlinux-5.10-dunfell-mp1-21-11-17/SDK/sysroots/cortexa7t2hf-neon-vfpv4-ostl-linux-gnueabi/usr/include/optee/export-user_ta/lib/libutee.a(utee_syscalls_a32.o)
                0x0000000000047f74                utee_tzvfs_getcwd
 .text.utee_tzvfs_lstat
                0x0000000000047f88       0x14 /home/frank/TrustSQLite/stm32mp1-openstlinux-5.10-dunfell-mp1-21-11-17/SDK/sysroots/cortexa7t2hf-neon-vfpv4-ostl-linux-gnueabi/usr/include/optee/export-user_ta/lib/libutee.a(utee_syscalls_a32.o)
                0x0000000000047f88                utee_tzvfs_lstat
 .text.utee_tzvfs_stat
                0x0000000000047f9c       0x14 /home/frank/TrustSQLite/stm32mp1-openstlinux-5.10-dunfell-mp1-21-11-17/SDK/sysroots/cortexa7t2hf-neon-vfpv4-ostl-linux-gnueabi/usr/include/optee/export-user_ta/lib/libutee.a(utee_syscalls_a32.o)
                0x0000000000047f9c                utee_tzvfs_stat
 .text.utee_tzvfs_fstat
                0x0000000000047fb0       0x14 /home/frank/TrustSQLite/stm32mp1-openstlinux-5.10-dunfell-mp1-21-11-17/SDK/sysroots/cortexa7t2hf-neon-vfpv4-ostl-linux-gnueabi/usr/include/optee/export-user_ta/lib/libutee.a(utee_syscalls_a32.o)
                0x0000000000047fb0                utee_tzvfs_fstat
 .text.utee_tzvfs_fcntl
                0x0000000000047fc4       0x14 /home/frank/TrustSQLite/stm32mp1-openstlinux-5.10-dunfell-mp1-21-11-17/SDK/sysroots/cortexa7t2hf-neon-vfpv4-ostl-linux-gnueabi/usr/include/optee/export-user_ta/lib/libutee.a(utee_syscalls_a32.o)
                0x0000000000047fc4                utee_tzvfs_fcntl
 .text.utee_tzvfs_read
                0x0000000000047fd8       0x14 /home/frank/TrustSQLite/stm32mp1-openstlinux-5.10-dunfell-mp1-21-11-17/SDK/sysroots/cortexa7t2hf-neon-vfpv4-ostl-linux-gnueabi/usr/include/optee/export-user_ta/lib/libutee.a(utee_syscalls_a32.o)
                0x0000000000047fd8                utee_tzvfs_read
 .text.utee_tzvfs_write
                0x0000000000047fec       0x14 /home/frank/TrustSQLite/stm32mp1-openstlinux-5.10-dunfell-mp1-21-11-17/SDK/sysroots/cortexa7t2hf-neon-vfpv4-ostl-linux-gnueabi/usr/include/optee/export-user_ta/lib/libutee.a(utee_syscalls_a32.o)
                0x0000000000047fec                utee_tzvfs_write
 .text.utee_tzvfs_geteuid
                0x0000000000048000       0x14 /home/frank/TrustSQLite/stm32mp1-openstlinux-5.10-dunfell-mp1-21-11-17/SDK/sysroots/cortexa7t2hf-neon-vfpv4-ostl-linux-gnueabi/usr/include/optee/export-user_ta/lib/libutee.a(utee_syscalls_a32.o)
                0x0000000000048000                utee_tzvfs_geteuid
 .text.utee_tzvfs_unlink
                0x0000000000048014       0x14 /home/frank/TrustSQLite/stm32mp1-openstlinux-5.10-dunfell-mp1-21-11-17/SDK/sysroots/cortexa7t2hf-neon-vfpv4-ostl-linux-gnueabi/usr/include/optee/export-user_ta/lib/libutee.a(utee_syscalls_a32.o)
                0x0000000000048014                utee_tzvfs_unlink
 .text.utee_tzvfs_access
                0x0000000000048028       0x14 /home/frank/TrustSQLite/stm32mp1-openstlinux-5.10-dunfell-mp1-21-11-17/SDK/sysroots/cortexa7t2hf-neon-vfpv4-ostl-linux-gnueabi/usr/include/optee/export-user_ta/lib/libutee.a(utee_syscalls_a32.o)
                0x0000000000048028                utee_tzvfs_access
 .text.utee_tzvfs_mmap
                0x000000000004803c       0x18 /home/frank/TrustSQLite/stm32mp1-openstlinux-5.10-dunfell-mp1-21-11-17/SDK/sysroots/cortexa7t2hf-neon-vfpv4-ostl-linux-gnueabi/usr/include/optee/export-user_ta/lib/libutee.a(utee_syscalls_a32.o)
                0x000000000004803c                utee_tzvfs_mmap
 .text.utee_tzvfs_mremap
                0x0000000000048054       0x18 /home/frank/TrustSQLite/stm32mp1-openstlinux-5.10-dunfell-mp1-21-11-17/SDK/sysroots/cortexa7t2hf-neon-vfpv4-ostl-linux-gnueabi/usr/include/optee/export-user_ta/lib/libutee.a(utee_syscalls_a32.o)
                0x0000000000048054                utee_tzvfs_mremap
 .text.utee_tzvfs_munmap
                0x000000000004806c       0x14 /home/frank/TrustSQLite/stm32mp1-openstlinux-5.10-dunfell-mp1-21-11-17/SDK/sysroots/cortexa7t2hf-neon-vfpv4-ostl-linux-gnueabi/usr/include/optee/export-user_ta/lib/libutee.a(utee_syscalls_a32.o)
                0x000000000004806c                utee_tzvfs_munmap
 .text.utee_tzvfs_strcspn
                0x0000000000048080       0x14 /home/frank/TrustSQLite/stm32mp1-openstlinux-5.10-dunfell-mp1-21-11-17/SDK/sysroots/cortexa7t2hf-neon-vfpv4-ostl-linux-gnueabi/usr/include/optee/export-user_ta/lib/libutee.a(utee_syscalls_a32.o)
                0x0000000000048080                utee_tzvfs_strcspn
 .text.utee_tzvfs_utimes
                0x0000000000048094       0x14 /home/frank/TrustSQLite/stm32mp1-openstlinux-5.10-dunfell-mp1-21-11-17/SDK/sysroots/cortexa7t2hf-neon-vfpv4-ostl-linux-gnueabi/usr/include/optee/export-user_ta/lib/libutee.a(utee_syscalls_a32.o)
                0x0000000000048094                utee_tzvfs_utimes
 .text.utee_tzvfs_lseek
                0x00000000000480a8       0x14 /home/frank/TrustSQLite/stm32mp1-openstlinux-5.10-dunfell-mp1-21-11-17/SDK/sysroots/cortexa7t2hf-neon-vfpv4-ostl-linux-gnueabi/usr/include/optee/export-user_ta/lib/libutee.a(utee_syscalls_a32.o)
                0x00000000000480a8                utee_tzvfs_lseek
 .text.utee_tzvfs_fsync
                0x00000000000480bc       0x14 /home/frank/TrustSQLite/stm32mp1-openstlinux-5.10-dunfell-mp1-21-11-17/SDK/sysroots/cortexa7t2hf-neon-vfpv4-ostl-linux-gnueabi/usr/include/optee/export-user_ta/lib/libutee.a(utee_syscalls_a32.o)
                0x00000000000480bc                utee_tzvfs_fsync
 .text.utee_tzvfs_getenv
                0x00000000000480d0       0x14 /home/frank/TrustSQLite/stm32mp1-openstlinux-5.10-dunfell-mp1-21-11-17/SDK/sysroots/cortexa7t2hf-neon-vfpv4-ostl-linux-gnueabi/usr/include/optee/export-user_ta/lib/libutee.a(utee_syscalls_a32.o)
                0x00000000000480d0                utee_tzvfs_getenv
 .text.utee_tzvfs_getpid
                0x00000000000480e4       0x14 /home/frank/TrustSQLite/stm32mp1-openstlinux-5.10-dunfell-mp1-21-11-17/SDK/sysroots/cortexa7t2hf-neon-vfpv4-ostl-linux-gnueabi/usr/include/optee/export-user_ta/lib/libutee.a(utee_syscalls_a32.o)
                0x00000000000480e4                utee_tzvfs_getpid
 .text.utee_tzvfs_time
                0x00000000000480f8       0x14 /home/frank/TrustSQLite/stm32mp1-openstlinux-5.10-dunfell-mp1-21-11-17/SDK/sysroots/cortexa7t2hf-neon-vfpv4-ostl-linux-gnueabi/usr/include/optee/export-user_ta/lib/libutee.a(utee_syscalls_a32.o)
                0x00000000000480f8                utee_tzvfs_time
 .text.utee_tzvfs_sleep
                0x000000000004810c       0x14 /home/frank/TrustSQLite/stm32mp1-openstlinux-5.10-dunfell-mp1-21-11-17/SDK/sysroots/cortexa7t2hf-neon-vfpv4-ostl-linux-gnueabi/usr/include/optee/export-user_ta/lib/libutee.a(utee_syscalls_a32.o)
                0x000000000004810c                utee_tzvfs_sleep
 .text.utee_tzvfs_gettimeofday
                0x0000000000048120       0x14 /home/frank/TrustSQLite/stm32mp1-openstlinux-5.10-dunfell-mp1-21-11-17/SDK/sysroots/cortexa7t2hf-neon-vfpv4-ostl-linux-gnueabi/usr/include/optee/export-user_ta/lib/libutee.a(utee_syscalls_a32.o)
                0x0000000000048120                utee_tzvfs_gettimeofday
 .text.utee_tzvfs_fchown
                0x0000000000048134       0x14 /home/frank/TrustSQLite/stm32mp1-openstlinux-5.10-dunfell-mp1-21-11-17/SDK/sysroots/cortexa7t2hf-neon-vfpv4-ostl-linux-gnueabi/usr/include/optee/export-user_ta/lib/libutee.a(utee_syscalls_a32.o)
                0x0000000000048134                utee_tzvfs_fchown
 .text          0x0000000000048148      0x4ac /home/frank/TrustSQLite/stm32mp1-openstlinux-5.10-dunfell-mp1-21-11-17/SDK/sysroots/cortexa7t2hf-neon-vfpv4-ostl-linux-gnueabi/usr/include/optee/export-user_ta/lib/libutee.a(user_ta_entry.o)
                0x0000000000048318                __utee_call_elf_init_fn
                0x00000000000483d0                __utee_call_elf_fini_fn
                0x000000000004844c                __utee_entry
 .text.unlikely
                0x00000000000485f4       0x18 /home/frank/TrustSQLite/stm32mp1-openstlinux-5.10-dunfell-mp1-21-11-17/SDK/sysroots/cortexa7t2hf-neon-vfpv4-ostl-linux-gnueabi/usr/include/optee/export-user_ta/lib/libutee.a(abort.o)
                0x00000000000485f4                abort
 .text          0x000000000004860c     0x11d4 /home/frank/TrustSQLite/stm32mp1-openstlinux-5.10-dunfell-mp1-21-11-17/SDK/sysroots/cortexa7t2hf-neon-vfpv4-ostl-linux-gnueabi/usr/include/optee/export-user_ta/lib/libutee.a(tee_api_arith_mpi.o)
                0x0000000000048c04                _TEE_MathAPI_Init
                0x0000000000048c48                TEE_BigIntInit
                0x0000000000048c80                TEE_BigIntConvertFromOctetString
                0x0000000000048cd8                TEE_BigIntConvertToOctetString
                0x0000000000048d30                TEE_BigIntConvertFromS32
                0x0000000000048d80                TEE_BigIntConvertToS32
                0x0000000000048ddc                TEE_BigIntCmp
                0x0000000000048e12                TEE_BigIntCmpS32
                0x0000000000048f3c                TEE_BigIntShiftRight
                0x000000000004904c                TEE_BigIntGetBit
                0x0000000000049076                TEE_BigIntGetBitCount
                0x0000000000049098                TEE_BigIntAdd
                0x00000000000490b8                TEE_BigIntSub
                0x00000000000490d8                TEE_BigIntNeg
                0x000000000004914c                TEE_BigIntMul
                0x00000000000491f4                TEE_BigIntSquare
                0x00000000000491fa                TEE_BigIntDiv
                0x00000000000492e8                TEE_BigIntMod
                0x0000000000049338                TEE_BigIntAddMod
                0x0000000000049354                TEE_BigIntSubMod
                0x0000000000049370                TEE_BigIntMulMod
                0x000000000004938c                TEE_BigIntSquareMod
                0x0000000000049394                TEE_BigIntInvMod
                0x0000000000049454                TEE_BigIntRelativePrime
                0x00000000000494d0                TEE_BigIntComputeExtendedGcd
                0x0000000000049674                TEE_BigIntIsProbablePrime
                0x00000000000496a4                TEE_BigIntInitFMM
                0x00000000000496a8                TEE_BigIntInitFMMContext
                0x00000000000496aa                TEE_BigIntFMMSizeInU32
                0x00000000000496b2                TEE_BigIntFMMContextSizeInU32
                0x00000000000496b6                TEE_BigIntConvertToFMM
                0x00000000000496ba                TEE_BigIntConvertFromFMM
                0x0000000000049720                TEE_BigIntComputeFMM
 .text          0x00000000000497e0      0x240 /home/frank/TrustSQLite/stm32mp1-openstlinux-5.10-dunfell-mp1-21-11-17/SDK/sysroots/cortexa7t2hf-neon-vfpv4-ostl-linux-gnueabi/usr/include/optee/export-user_ta/lib/libutee.a(tcb.o)
                0x00000000000497e0                __utee_tcb_init
                0x0000000000049960                __tls_get_addr
                0x0000000000049978                dl_iterate_phdr
 .text          0x0000000000049a20     0x2a20 /home/frank/TrustSQLite/stm32mp1-openstlinux-5.10-dunfell-mp1-21-11-17/SDK/sysroots/cortexa7t2hf-neon-vfpv4-ostl-linux-gnueabi/usr/include/optee/export-user_ta/lib/libmbedtls.a(bignum.o)
                0x000000000004a026                mbedtls_mpi_init
                0x000000000004a032                mbedtls_mpi_init_mempool
                0x000000000004a058                mbedtls_mpi_free
                0x000000000004a09c                mbedtls_mpi_grow
                0x000000000004a134                mbedtls_mpi_shrink
                0x000000000004a1e8                mbedtls_mpi_copy
                0x000000000004a242                mbedtls_mpi_swap
                0x000000000004a270                mbedtls_mpi_safe_cond_assign
                0x000000000004a2d8                mbedtls_mpi_safe_cond_swap
                0x000000000004a362                mbedtls_mpi_lset
                0x000000000004a39a                mbedtls_mpi_get_bit
                0x000000000004a3bc                mbedtls_mpi_set_bit
                0x000000000004a40e                mbedtls_mpi_lsb
                0x000000000004a442                mbedtls_mpi_bitlen
                0x000000000004a478                mbedtls_mpi_size
                0x000000000004a484                mbedtls_mpi_read_binary_le
                0x000000000004a4e8                mbedtls_mpi_read_binary
                0x000000000004a55e                mbedtls_mpi_write_binary_le
                0x000000000004a5cc                mbedtls_mpi_write_binary
                0x000000000004a63a                mbedtls_mpi_shift_l
                0x000000000004a6dc                mbedtls_mpi_shift_r
                0x000000000004a754                mbedtls_mpi_cmp_abs
                0x000000000004a7b6                mbedtls_mpi_cmp_mpi
                0x000000000004a840                mbedtls_mpi_lt_mpi_ct
                0x000000000004a8e8                mbedtls_mpi_cmp_int
                0x000000000004a916                mbedtls_mpi_add_abs
                0x000000000004a9c8                mbedtls_mpi_sub_abs
                0x000000000004aa44                mbedtls_mpi_add_mpi
                0x000000000004aa8c                mbedtls_mpi_sub_mpi
                0x000000000004aad6                mbedtls_mpi_add_int
                0x000000000004ab04                mbedtls_mpi_sub_int
                0x000000000004ab32                mbedtls_mpi_mul_mpi
                0x000000000004ac00                mbedtls_mpi_mul_int
                0x000000000004ac1c                mbedtls_mpi_read_string
                0x000000000004ad44                mbedtls_mpi_div_mpi
                0x000000000004b0ba                mbedtls_mpi_div_int
                0x000000000004b0e8                mbedtls_mpi_mod_mpi
                0x000000000004b14c                mbedtls_mpi_mod_int
                0x000000000004b1ba                mbedtls_mpi_write_string
                0x000000000004b36c                mbedtls_mpi_montg_init
                0x000000000004b394                mbedtls_mpi_montmul
                0x000000000004b45c                mbedtls_mpi_montred
                0x000000000004b47e                mbedtls_mpi_exp_mod
                0x000000000004b8c8                mbedtls_mpi_gcd
                0x000000000004b9d0                mbedtls_mpi_fill_random
                0x000000000004bbc8                mbedtls_mpi_inv_mod
                0x000000000004bec6                mbedtls_mpi_is_prime_ext
                0x000000000004bf2a                mbedtls_mpi_is_prime
                0x000000000004bf34                mbedtls_mpi_gen_prime
                0x000000000004c144                mbedtls_mpi_self_test
 .text          0x000000000004c440       0x14 /home/frank/TrustSQLite/stm32mp1-openstlinux-5.10-dunfell-mp1-21-11-17/SDK/sysroots/cortexa7t2hf-neon-vfpv4-ostl-linux-gnueabi/usr/include/optee/export-user_ta/lib/libmbedtls.a(platform_util.o)
                0x000000000004c440                mbedtls_platform_zeroize
 .text          0x000000000004c454      0x104 /home/frank/TrustSQLite/stm32mp1-openstlinux-5.10-dunfell-mp1-21-11-17/SDK/sysroots/cortexa7t2hf-neon-vfpv4-ostl-linux-gnueabi/usr/include/optee/export-user_ta/lib/libutils.a(mempool.o)
                0x000000000004c454                mempool_alloc_pool
                0x000000000004c498                mempool_alloc
                0x000000000004c504                mempool_calloc
                0x000000000004c528                mempool_free
 .text          0x000000000004c558        0xe ./user_ta_header.o
                0x000000000004c558                __ta_entry_c
                0x000000000004c562                tahead_get_trace_level
 .text          0x000000000004c566       0x1c /home/frank/TrustSQLite/stm32mp1-openstlinux-5.10-dunfell-mp1-21-11-17/SDK/sysroots/cortexa7t2hf-neon-vfpv4-ostl-linux-gnueabi/usr/include/optee/export-user_ta/lib/libutils.a(memcmp.o)
                0x000000000004c566                memcmp
 .text          0x000000000004c582       0x34 /home/frank/TrustSQLite/stm32mp1-openstlinux-5.10-dunfell-mp1-21-11-17/SDK/sysroots/cortexa7t2hf-neon-vfpv4-ostl-linux-gnueabi/usr/include/optee/export-user_ta/lib/libutils.a(memmove.o)
                0x000000000004c582                memmove
 .text          0x000000000004c5b6       0x10 /home/frank/TrustSQLite/stm32mp1-openstlinux-5.10-dunfell-mp1-21-11-17/SDK/sysroots/cortexa7t2hf-neon-vfpv4-ostl-linux-gnueabi/usr/include/optee/export-user_ta/lib/libutils.a(memset.o)
                0x000000000004c5b6                memset
 .text          0x000000000004c5c6       0x16 /home/frank/TrustSQLite/stm32mp1-openstlinux-5.10-dunfell-mp1-21-11-17/SDK/sysroots/cortexa7t2hf-neon-vfpv4-ostl-linux-gnueabi/usr/include/optee/export-user_ta/lib/libutils.a(strcmp.o)
                0x000000000004c5c6                strcmp
 .text          0x000000000004c5dc       0x10 /home/frank/TrustSQLite/stm32mp1-openstlinux-5.10-dunfell-mp1-21-11-17/SDK/sysroots/cortexa7t2hf-neon-vfpv4-ostl-linux-gnueabi/usr/include/optee/export-user_ta/lib/libutils.a(strlen.o)
                0x000000000004c5dc                strlen
 .text          0x000000000004c5ec       0x24 /home/frank/TrustSQLite/stm32mp1-openstlinux-5.10-dunfell-mp1-21-11-17/SDK/sysroots/cortexa7t2hf-neon-vfpv4-ostl-linux-gnueabi/usr/include/optee/export-user_ta/lib/libutils.a(strncmp.o)
                0x000000000004c5ec                strncmp
 .text          0x000000000004c610       0x28 /home/frank/TrustSQLite/stm32mp1-openstlinux-5.10-dunfell-mp1-21-11-17/SDK/sysroots/cortexa7t2hf-neon-vfpv4-ostl-linux-gnueabi/usr/include/optee/export-user_ta/lib/libutils.a(strrchr.o)
                0x000000000004c610                strrchr
 .text          0x000000000004c638      0x17c /home/frank/TrustSQLite/stm32mp1-openstlinux-5.10-dunfell-mp1-21-11-17/SDK/sysroots/cortexa7t2hf-neon-vfpv4-ostl-linux-gnueabi/usr/include/optee/export-user_ta/lib/libutils.a(arm32_aeabi_ldivmod.o)
                0x000000000004c638                __ul_divmod
                0x000000000004c6b4                __l_divmod
 .text          0x000000000004c7b4      0x1e0 /home/frank/TrustSQLite/stm32mp1-openstlinux-5.10-dunfell-mp1-21-11-17/SDK/sysroots/cortexa7t2hf-neon-vfpv4-ostl-linux-gnueabi/usr/include/optee/export-user_ta/lib/libutils.a(arm32_aeabi_softfloat.o)
                0x000000000004c7b4                __aeabi_dadd
                0x000000000004c7ce                __aeabi_ddiv
                0x000000000004c7e8                __aeabi_dmul
                0x000000000004c802                __aeabi_drsub
                0x000000000004c818                __aeabi_dsub
                0x000000000004c832                __aeabi_dcmpeq
                0x000000000004c83a                __aeabi_dcmplt
                0x000000000004c842                __aeabi_dcmple
                0x000000000004c84a                __aeabi_dcmpge
                0x000000000004c85e                __aeabi_dcmpgt
                0x000000000004c872                __aeabi_fadd
                0x000000000004c87a                __aeabi_fdiv
                0x000000000004c882                __aeabi_fmul
                0x000000000004c88a                __aeabi_frsub
                0x000000000004c898                __aeabi_fsub
                0x000000000004c8a0                __aeabi_fcmpeq
                0x000000000004c8a8                __aeabi_fcmplt
                0x000000000004c8b0                __aeabi_fcmple
                0x000000000004c8b8                __aeabi_fcmpge
                0x000000000004c8c6                __aeabi_fcmpgt
                0x000000000004c8d4                __aeabi_d2iz
                0x000000000004c8da                __aeabi_d2uiz
                0x000000000004c8e0                __aeabi_d2lz
                0x000000000004c8e6                __aeabi_d2ulz
                0x000000000004c8ec                __aeabi_f2iz
                0x000000000004c8f2                __aeabi_f2uiz
                0x000000000004c8f8                __aeabi_f2lz
                0x000000000004c8fe                __aeabi_f2ulz
                0x000000000004c904                __aeabi_d2f
                0x000000000004c90c                __aeabi_f2d
                0x000000000004c920                __aeabi_i2d
                0x000000000004c934                __aeabi_ui2d
                0x000000000004c948                __aeabi_l2d
                0x000000000004c95e                __aeabi_ul2d
                0x000000000004c974                __aeabi_i2f
                0x000000000004c97c                __aeabi_ui2f
                0x000000000004c984                __aeabi_l2f
                0x000000000004c98c                __aeabi_ul2f
 .text          0x000000000004c994       0x5a /home/frank/TrustSQLite/stm32mp1-openstlinux-5.10-dunfell-mp1-21-11-17/SDK/sysroots/cortexa7t2hf-neon-vfpv4-ostl-linux-gnueabi/usr/include/optee/export-user_ta/lib/libutils.a(f32_le.o)
                0x000000000004c994                f32_le
 .text          0x000000000004c9ee       0x5a /home/frank/TrustSQLite/stm32mp1-openstlinux-5.10-dunfell-mp1-21-11-17/SDK/sysroots/cortexa7t2hf-neon-vfpv4-ostl-linux-gnueabi/usr/include/optee/export-user_ta/lib/libutils.a(f32_lt.o)
                0x000000000004c9ee                f32_lt
 .text          0x000000000004ca48       0x22 /home/frank/TrustSQLite/stm32mp1-openstlinux-5.10-dunfell-mp1-21-11-17/SDK/sysroots/cortexa7t2hf-neon-vfpv4-ostl-linux-gnueabi/usr/include/optee/export-user_ta/lib/libutils.a(i32_to_f32.o)
                0x000000000004ca48                i32_to_f32
 .text          0x000000000004ca6a       0x6c /home/frank/TrustSQLite/stm32mp1-openstlinux-5.10-dunfell-mp1-21-11-17/SDK/sysroots/cortexa7t2hf-neon-vfpv4-ostl-linux-gnueabi/usr/include/optee/export-user_ta/lib/libutils.a(i32_to_f64.o)
                0x000000000004ca6a                i32_to_f64
 .text          0x000000000004cad6       0x7c /home/frank/TrustSQLite/stm32mp1-openstlinux-5.10-dunfell-mp1-21-11-17/SDK/sysroots/cortexa7t2hf-neon-vfpv4-ostl-linux-gnueabi/usr/include/optee/export-user_ta/lib/libutils.a(i64_to_f32.o)
                0x000000000004cad6                i64_to_f32
 .text          0x000000000004cb52       0x20 /home/frank/TrustSQLite/stm32mp1-openstlinux-5.10-dunfell-mp1-21-11-17/SDK/sysroots/cortexa7t2hf-neon-vfpv4-ostl-linux-gnueabi/usr/include/optee/export-user_ta/lib/libutils.a(ui32_to_f32.o)
                0x000000000004cb52                ui32_to_f32
 .text          0x000000000004cb72       0x52 /home/frank/TrustSQLite/stm32mp1-openstlinux-5.10-dunfell-mp1-21-11-17/SDK/sysroots/cortexa7t2hf-neon-vfpv4-ostl-linux-gnueabi/usr/include/optee/export-user_ta/lib/libutils.a(ui32_to_f64.o)
                0x000000000004cb72                ui32_to_f64
 .text          0x000000000004cbc4       0x56 /home/frank/TrustSQLite/stm32mp1-openstlinux-5.10-dunfell-mp1-21-11-17/SDK/sysroots/cortexa7t2hf-neon-vfpv4-ostl-linux-gnueabi/usr/include/optee/export-user_ta/lib/libutils.a(ui64_to_f32.o)
                0x000000000004cbc4                ui64_to_f32
 .text          0x000000000004cc1a       0x4c /home/frank/TrustSQLite/stm32mp1-openstlinux-5.10-dunfell-mp1-21-11-17/SDK/sysroots/cortexa7t2hf-neon-vfpv4-ostl-linux-gnueabi/usr/include/optee/export-user_ta/lib/libutils.a(ui64_to_f64.o)
                0x000000000004cc1a                ui64_to_f64
 .text          0x000000000004cc66       0x3c /home/frank/TrustSQLite/stm32mp1-openstlinux-5.10-dunfell-mp1-21-11-17/SDK/sysroots/cortexa7t2hf-neon-vfpv4-ostl-linux-gnueabi/usr/include/optee/export-user_ta/lib/libutils.a(s_normSubnormalF64Sig.o)
                0x000000000004cc66                softfloat_normSubnormalF64Sig
 .text          0x000000000004cca2       0x20 /home/frank/TrustSQLite/stm32mp1-openstlinux-5.10-dunfell-mp1-21-11-17/SDK/sysroots/cortexa7t2hf-neon-vfpv4-ostl-linux-gnueabi/usr/include/optee/export-user_ta/lib/libutils.a(s_normSubnormalF32Sig.o)
                0x000000000004cca2                softfloat_normSubnormalF32Sig
 .text          0x000000000004ccc2       0x5a /home/frank/TrustSQLite/stm32mp1-openstlinux-5.10-dunfell-mp1-21-11-17/SDK/sysroots/cortexa7t2hf-neon-vfpv4-ostl-linux-gnueabi/usr/include/optee/export-user_ta/lib/libutils.a(s_shortShiftRightJam64.o)
                0x000000000004ccc2                softfloat_shortShiftRightJam64
 .text          0x000000000004cd1c       0x22 /home/frank/TrustSQLite/stm32mp1-openstlinux-5.10-dunfell-mp1-21-11-17/SDK/sysroots/cortexa7t2hf-neon-vfpv4-ostl-linux-gnueabi/usr/include/optee/export-user_ta/lib/libutils.a(s_shiftRightJam32.o)
                0x000000000004cd1c                softfloat_shiftRightJam32
 .text          0x000000000004cd3e       0x44 /home/frank/TrustSQLite/stm32mp1-openstlinux-5.10-dunfell-mp1-21-11-17/SDK/sysroots/cortexa7t2hf-neon-vfpv4-ostl-linux-gnueabi/usr/include/optee/export-user_ta/lib/libutils.a(s_normRoundPackToF32.o)
                0x000000000004cd3e                softfloat_normRoundPackToF32
 .text          0x000000000004cd82       0xaa /home/frank/TrustSQLite/stm32mp1-openstlinux-5.10-dunfell-mp1-21-11-17/SDK/sysroots/cortexa7t2hf-neon-vfpv4-ostl-linux-gnueabi/usr/include/optee/export-user_ta/lib/libutils.a(s_normRoundPackToF64.o)
                0x000000000004cd82                softfloat_normRoundPackToF64
 .text          0x000000000004ce2c       0x68 /home/frank/TrustSQLite/stm32mp1-openstlinux-5.10-dunfell-mp1-21-11-17/SDK/sysroots/cortexa7t2hf-neon-vfpv4-ostl-linux-gnueabi/usr/include/optee/export-user_ta/lib/libutils.a(s_shiftRightJam64.o)
                0x000000000004ce2c                softfloat_shiftRightJam64
 .text          0x000000000004ce94       0xa0 /home/frank/TrustSQLite/stm32mp1-openstlinux-5.10-dunfell-mp1-21-11-17/SDK/sysroots/cortexa7t2hf-neon-vfpv4-ostl-linux-gnueabi/usr/include/optee/export-user_ta/lib/libutils.a(s_mul64To128.o)
                0x000000000004ce94                softfloat_mul64To128
 .text          0x000000000004cf34       0x14 /home/frank/TrustSQLite/stm32mp1-openstlinux-5.10-dunfell-mp1-21-11-17/SDK/sysroots/cortexa7t2hf-neon-vfpv4-ostl-linux-gnueabi/usr/include/optee/export-user_ta/lib/libutils.a(s_commonNaNToF32UI.o)
                0x000000000004cf34                softfloat_commonNaNToF32UI
 .text          0x000000000004cf48       0x1a /home/frank/TrustSQLite/stm32mp1-openstlinux-5.10-dunfell-mp1-21-11-17/SDK/sysroots/cortexa7t2hf-neon-vfpv4-ostl-linux-gnueabi/usr/include/optee/export-user_ta/lib/libutils.a(strchr.o)
                0x000000000004cf48                strchr
 .text          0x000000000004cf62       0x1c /home/frank/TrustSQLite/stm32mp1-openstlinux-5.10-dunfell-mp1-21-11-17/SDK/sysroots/cortexa7t2hf-neon-vfpv4-ostl-linux-gnueabi/usr/include/optee/export-user_ta/lib/libutils.a(memchr.o)
                0x000000000004cf62                memchr
 .text          0x000000000004cf7e       0x2c /home/frank/TrustSQLite/stm32mp1-openstlinux-5.10-dunfell-mp1-21-11-17/SDK/sysroots/cortexa7t2hf-neon-vfpv4-ostl-linux-gnueabi/usr/include/optee/export-user_ta/lib/libutils.a(snprintf.o)
                0x000000000004cf7e                snprintf
                0x000000000004cf9c                vsnprintf
 .text          0x000000000004cfaa       0x48 /home/frank/TrustSQLite/stm32mp1-openstlinux-5.10-dunfell-mp1-21-11-17/SDK/sysroots/cortexa7t2hf-neon-vfpv4-ostl-linux-gnueabi/usr/include/optee/export-user_ta/lib/libutils.a(consttime_memcmp.o)
                0x000000000004cfaa                consttime_memcmp
 .text          0x000000000004cff2        0x0 ./ta_entry_a32.o
 .text          0x000000000004cff2        0x0 /home/frank/TrustSQLite/stm32mp1-openstlinux-5.10-dunfell-mp1-21-11-17/SDK/sysroots/cortexa7t2hf-neon-vfpv4-ostl-linux-gnueabi/usr/include/optee/export-user_ta/lib/libutils.a(arm32_aeabi_ldivmod_a32.o)
 .text          0x000000000004cff2        0x0 /home/frank/TrustSQLite/stm32mp1-openstlinux-5.10-dunfell-mp1-21-11-17/SDK/sysroots/cortexa7t2hf-neon-vfpv4-ostl-linux-gnueabi/usr/include/optee/export-user_ta/lib/libutils.a(softfloat_state.o)
 .text          0x000000000004cff2        0x0 /home/frank/TrustSQLite/stm32mp1-openstlinux-5.10-dunfell-mp1-21-11-17/SDK/sysroots/cortexa7t2hf-neon-vfpv4-ostl-linux-gnueabi/usr/include/optee/export-user_ta/lib/libutils.a(s_countLeadingZeros8.o)
 .text          0x000000000004cff2        0x0 /home/frank/TrustSQLite/stm32mp1-openstlinux-5.10-dunfell-mp1-21-11-17/SDK/sysroots/cortexa7t2hf-neon-vfpv4-ostl-linux-gnueabi/usr/include/optee/export-user_ta/lib/libutee.a(abort.o)
 *fill*         0x000000000004cff2        0x6 
 .text.__stub   0x000000000004cff8      0x100 linker stubs
 *(SORT_BY_ALIGNMENT(.stub))
 *(SORT_BY_ALIGNMENT(.glue_7))
 .glue_7        0x000000000004d0f8        0x0 linker stubs
 *(SORT_BY_ALIGNMENT(.glue_7t))
 .glue_7t       0x000000000004d0f8        0x0 linker stubs
 *(SORT_BY_ALIGNMENT(.gnu.linkonce.t.*))
 *(SORT_BY_ALIGNMENT(.vfp11_veneer))
 .vfp11_veneer  0x000000000004d0f8        0x0 linker stubs
                0x000000000004d0f8                __text_end = .

.v4_bx          0x000000000004d0f8        0x0
 .v4_bx         0x000000000004d0f8        0x0 linker stubs

.iplt           0x000000000004d0f8        0x0
 .iplt          0x000000000004d0f8        0x0 ./trustsqlite.o

.plt            0x000000000004d0f8        0x0
 *(SORT_BY_ALIGNMENT(.plt))
 .plt           0x000000000004d0f8        0x0 ./trustsqlite.o

.eh_frame_hdr
 *(SORT_BY_ALIGNMENT(.eh_frame_hdr))
 *(SORT_BY_ALIGNMENT(.eh_frame_entry) SORT_BY_ALIGNMENT(.eh_frame_entry.*))

.eh_frame
 *(SORT_BY_ALIGNMENT(.eh_frame))
 *(SORT_BY_ALIGNMENT(.eh_frame.*))

.gcc_except_table
 *(SORT_BY_ALIGNMENT(.gcc_except_table) SORT_BY_ALIGNMENT(.gcc_except_table.*))

.rodata         0x000000000004d0f8     0x9df9
 *(SORT_BY_ALIGNMENT(.gnu.linkonce.r.*))
 *(SORT_BY_ALIGNMENT(.rodata) SORT_BY_ALIGNMENT(.rodata.*))
 .rodata.sqlite3.c
                0x000000000004d0f8     0x405a ./sqlite3.o
                0x000000000005114b                sqlite3_version
 *fill*         0x0000000000051152        0x2 
 .rodata.user_ta_header.c
                0x0000000000051154       0x1b ./user_ta_header.o
                0x0000000000051154                ta_num_props
                0x0000000000051168                ta_heap_size
                0x000000000005116c                trace_ext_prefix
 *fill*         0x000000000005116f        0x1 
 .rodata.lib/libutee/tee_system_pta.c
                0x0000000000051170       0x1a /home/frank/TrustSQLite/stm32mp1-openstlinux-5.10-dunfell-mp1-21-11-17/SDK/sysroots/cortexa7t2hf-neon-vfpv4-ostl-linux-gnueabi/usr/include/optee/export-user_ta/lib/libutee.a(tee_system_pta.o)
 *fill*         0x000000000005118a        0x2 
 .rodata.lib/libmbedtls/mbedtls/library/bignum.c
                0x000000000005118c      0x2c4 /home/frank/TrustSQLite/stm32mp1-openstlinux-5.10-dunfell-mp1-21-11-17/SDK/sysroots/cortexa7t2hf-neon-vfpv4-ostl-linux-gnueabi/usr/include/optee/export-user_ta/lib/libmbedtls.a(bignum.o)
 .rodata.str1.1.trustsqlite.c
                0x0000000000051450       0xe9 ./trustsqlite.o
                                         0xee (size before relaxing)
 .rodata.trustsqlite.c
                0x0000000000051539       0x38 ./trustsqlite.o
 .rodata.str1.1.sqlite3.c
                0x0000000000051571     0x4b05 ./sqlite3.o
                                       0x4dd8 (size before relaxing)
 .rodata.str1.1.tzvfs_teeuser.c
                0x0000000000056076     0x4b05 ./tzvfs_teeuser.o
                                          0xc (size before relaxing)
 .rodata.tzvfs_teeuser.c
                0x0000000000056076       0x85 ./tzvfs_teeuser.o
 .rodata.str1.1.user_ta_header.c
                0x00000000000560fb      0x124 ./user_ta_header.o
                                        0x128 (size before relaxing)
 .rodata.str1.1.lib/libutils/isoc/bget_malloc.c
                0x000000000005621f      0x2c3 /home/frank/TrustSQLite/stm32mp1-openstlinux-5.10-dunfell-mp1-21-11-17/SDK/sysroots/cortexa7t2hf-neon-vfpv4-ostl-linux-gnueabi/usr/include/optee/export-user_ta/lib/libutils.a(bget_malloc.o)
                                        0x2ce (size before relaxing)
 .rodata.lib/libutils/isoc/bget_malloc.c
                0x00000000000564e2       0x58 /home/frank/TrustSQLite/stm32mp1-openstlinux-5.10-dunfell-mp1-21-11-17/SDK/sysroots/cortexa7t2hf-neon-vfpv4-ostl-linux-gnueabi/usr/include/optee/export-user_ta/lib/libutils.a(bget_malloc.o)
 .rodata.str1.1.lib/libutils/ext/trace.c
                0x000000000005653a       0x1a /home/frank/TrustSQLite/stm32mp1-openstlinux-5.10-dunfell-mp1-21-11-17/SDK/sysroots/cortexa7t2hf-neon-vfpv4-ostl-linux-gnueabi/usr/include/optee/export-user_ta/lib/libutils.a(trace.o)
                                         0x1b (size before relaxing)
 .rodata.lib/libutils/ext/trace.c
                0x0000000000056554        0x5 /home/frank/TrustSQLite/stm32mp1-openstlinux-5.10-dunfell-mp1-21-11-17/SDK/sysroots/cortexa7t2hf-neon-vfpv4-ostl-linux-gnueabi/usr/include/optee/export-user_ta/lib/libutils.a(trace.o)
 .rodata.lib/libutils/isoc/arch/arm/softfloat/source/s_countLeadingZeros8.c
                0x0000000000056559      0x100 /home/frank/TrustSQLite/stm32mp1-openstlinux-5.10-dunfell-mp1-21-11-17/SDK/sysroots/cortexa7t2hf-neon-vfpv4-ostl-linux-gnueabi/usr/include/optee/export-user_ta/lib/libutils.a(s_countLeadingZeros8.o)
                0x0000000000056559                softfloat_countLeadingZeros8
 .rodata.str1.1.lib/libutils/ext/snprintk.c
                0x0000000000056659       0x38 /home/frank/TrustSQLite/stm32mp1-openstlinux-5.10-dunfell-mp1-21-11-17/SDK/sysroots/cortexa7t2hf-neon-vfpv4-ostl-linux-gnueabi/usr/include/optee/export-user_ta/lib/libutils.a(snprintk.o)
 .rodata.lib/libutils/ext/snprintk.c
                0x0000000000056691       0x22 /home/frank/TrustSQLite/stm32mp1-openstlinux-5.10-dunfell-mp1-21-11-17/SDK/sysroots/cortexa7t2hf-neon-vfpv4-ostl-linux-gnueabi/usr/include/optee/export-user_ta/lib/libutils.a(snprintk.o)
 .rodata.str1.1.lib/libutee/assert.c
                0x00000000000566b3       0x27 /home/frank/TrustSQLite/stm32mp1-openstlinux-5.10-dunfell-mp1-21-11-17/SDK/sysroots/cortexa7t2hf-neon-vfpv4-ostl-linux-gnueabi/usr/include/optee/export-user_ta/lib/libutee.a(assert.o)
 .rodata.str1.1.lib/libutee/trace_ext.c
                0x00000000000566da        0x2 /home/frank/TrustSQLite/stm32mp1-openstlinux-5.10-dunfell-mp1-21-11-17/SDK/sysroots/cortexa7t2hf-neon-vfpv4-ostl-linux-gnueabi/usr/include/optee/export-user_ta/lib/libutee.a(trace_ext.o)
 .rodata.str1.1.lib/libutee/tee_api.c