Archive member included to satisfy reference by file (symbol)

/home/frank/TrustSQLite/stm32mp1-openstlinux-5.10-dunfell-mp1-21-11-17/SDK/sysroots/cortexa7t2hf-neon-vfpv4-ostl-linux-gnueabi/usr/include/optee/export-user_ta/lib/libutils.a(memcpy.o)
                              ./my_test_ta.o (memcpy)
/home/frank/TrustSQLite/stm32mp1-openstlinux-5.10-dunfell-mp1-21-11-17/SDK/sysroots/cortexa7t2hf-neon-vfpv4-ostl-linux-gnueabi/usr/include/optee/export-user_ta/lib/libutils.a(memset.o)
                              ./my_test_ta.o (memset)
/home/frank/TrustSQLite/stm32mp1-openstlinux-5.10-dunfell-mp1-21-11-17/SDK/sysroots/cortexa7t2hf-neon-vfpv4-ostl-linux-gnueabi/usr/include/optee/export-user_ta/lib/libutils.a(trace.o)
                              ./my_test_ta.o (trace_printf)
/home/frank/TrustSQLite/stm32mp1-openstlinux-5.10-dunfell-mp1-21-11-17/SDK/sysroots/cortexa7t2hf-neon-vfpv4-ostl-linux-gnueabi/usr/include/optee/export-user_ta/lib/libutils.a(snprintk.o)
                              /home/frank/TrustSQLite/stm32mp1-openstlinux-5.10-dunfell-mp1-21-11-17/SDK/sysroots/cortexa7t2hf-neon-vfpv4-ostl-linux-gnueabi/usr/include/optee/export-user_ta/lib/libutils.a(trace.o) (vsnprintk)
/home/frank/TrustSQLite/stm32mp1-openstlinux-5.10-dunfell-mp1-21-11-17/SDK/sysroots/cortexa7t2hf-neon-vfpv4-ostl-linux-gnueabi/usr/include/optee/export-user_ta/lib/libutils.a(memchr.o)
                              /home/frank/TrustSQLite/stm32mp1-openstlinux-5.10-dunfell-mp1-21-11-17/SDK/sysroots/cortexa7t2hf-neon-vfpv4-ostl-linux-gnueabi/usr/include/optee/export-user_ta/lib/libutils.a(snprintk.o) (memchr)
/home/frank/TrustSQLite/stm32mp1-openstlinux-5.10-dunfell-mp1-21-11-17/SDK/sysroots/cortexa7t2hf-neon-vfpv4-ostl-linux-gnueabi/usr/include/optee/export-user_ta/lib/libutils.a(strlen.o)
                              /home/frank/TrustSQLite/stm32mp1-openstlinux-5.10-dunfell-mp1-21-11-17/SDK/sysroots/cortexa7t2hf-neon-vfpv4-ostl-linux-gnueabi/usr/include/optee/export-user_ta/lib/libutils.a(snprintk.o) (strlen)
/home/frank/TrustSQLite/stm32mp1-openstlinux-5.10-dunfell-mp1-21-11-17/SDK/sysroots/cortexa7t2hf-neon-vfpv4-ostl-linux-gnueabi/usr/include/optee/export-user_ta/lib/libutils.a(arm32_aeabi_ldivmod_a32.o)
                              /home/frank/TrustSQLite/stm32mp1-openstlinux-5.10-dunfell-mp1-21-11-17/SDK/sysroots/cortexa7t2hf-neon-vfpv4-ostl-linux-gnueabi/usr/include/optee/export-user_ta/lib/libutils.a(snprintk.o) (__aeabi_uldivmod)
/home/frank/TrustSQLite/stm32mp1-openstlinux-5.10-dunfell-mp1-21-11-17/SDK/sysroots/cortexa7t2hf-neon-vfpv4-ostl-linux-gnueabi/usr/include/optee/export-user_ta/lib/libutils.a(arm32_aeabi_ldivmod.o)
                              /home/frank/TrustSQLite/stm32mp1-openstlinux-5.10-dunfell-mp1-21-11-17/SDK/sysroots/cortexa7t2hf-neon-vfpv4-ostl-linux-gnueabi/usr/include/optee/export-user_ta/lib/libutils.a(arm32_aeabi_ldivmod_a32.o) (__ul_divmod)
/home/frank/TrustSQLite/stm32mp1-openstlinux-5.10-dunfell-mp1-21-11-17/SDK/sysroots/cortexa7t2hf-neon-vfpv4-ostl-linux-gnueabi/usr/include/optee/export-user_ta/lib/libutee.a(trace_ext.o)
                              /home/frank/TrustSQLite/stm32mp1-openstlinux-5.10-dunfell-mp1-21-11-17/SDK/sysroots/cortexa7t2hf-neon-vfpv4-ostl-linux-gnueabi/usr/include/optee/export-user_ta/lib/libutils.a(trace.o) (trace_ext_puts)
/home/frank/TrustSQLite/stm32mp1-openstlinux-5.10-dunfell-mp1-21-11-17/SDK/sysroots/cortexa7t2hf-neon-vfpv4-ostl-linux-gnueabi/usr/include/optee/export-user_ta/lib/libutee.a(tee_api.o)
                              ./my_test_ta.o (TEE_MemMove)
/home/frank/TrustSQLite/stm32mp1-openstlinux-5.10-dunfell-mp1-21-11-17/SDK/sysroots/cortexa7t2hf-neon-vfpv4-ostl-linux-gnueabi/usr/include/optee/export-user_ta/lib/libutee.a(tee_api_objects.o)
                              ./my_test_ta.o (TEE_GetObjectInfo1)
/home/frank/TrustSQLite/stm32mp1-openstlinux-5.10-dunfell-mp1-21-11-17/SDK/sysroots/cortexa7t2hf-neon-vfpv4-ostl-linux-gnueabi/usr/include/optee/export-user_ta/lib/libutee.a(tee_api_operations.o)
                              ./my_test_ta.o (TEE_FreeOperation)
/home/frank/TrustSQLite/stm32mp1-openstlinux-5.10-dunfell-mp1-21-11-17/SDK/sysroots/cortexa7t2hf-neon-vfpv4-ostl-linux-gnueabi/usr/include/optee/export-user_ta/lib/libutee.a(tee_api_panic.o)
                              /home/frank/TrustSQLite/stm32mp1-openstlinux-5.10-dunfell-mp1-21-11-17/SDK/sysroots/cortexa7t2hf-neon-vfpv4-ostl-linux-gnueabi/usr/include/optee/export-user_ta/lib/libutee.a(tee_api.o) (TEE_Panic)
/home/frank/TrustSQLite/stm32mp1-openstlinux-5.10-dunfell-mp1-21-11-17/SDK/sysroots/cortexa7t2hf-neon-vfpv4-ostl-linux-gnueabi/usr/include/optee/export-user_ta/lib/libutee.a(tee_system_pta.o)
                              /home/frank/TrustSQLite/stm32mp1-openstlinux-5.10-dunfell-mp1-21-11-17/SDK/sysroots/cortexa7t2hf-neon-vfpv4-ostl-linux-gnueabi/usr/include/optee/export-user_ta/lib/libutee.a(tee_api.o) (tee_map_zi)
[...]
Memory Configuration

Name             Origin             Length             Attributes
*default*        0x0000000000000000 0xffffffffffffffff

Linker script and memory map


.ta_head        0x0000000000000000       0x20
 *(SORT_BY_ALIGNMENT(.ta_head))
 .ta_head       0x0000000000000000       0x20 ./user_ta_header.o
                0x0000000000000000                ta_head

.text           0x0000000000000020     0x8ef8
                0x0000000000000020                __text_start = .
 *(SORT_BY_ALIGNMENT(.text) SORT_BY_ALIGNMENT(.text.*))
 .text          0x0000000000000020      0x47c ./my_test_ta.o
                0x0000000000000020                TA_CreateEntryPoint
                0x0000000000000048                TA_DestroyEntryPoint
                0x0000000000000070                TA_OpenSessionEntryPoint
                0x00000000000000bc                TA_CloseSessionEntryPoint
                0x00000000000000e4                TA_InvokeCommandEntryPoint
 .text.__ta_entry
                0x000000000000049c        0x4 ./ta_entry_a32.o
                0x000000000000049c                __ta_entry
 .text          0x00000000000004a0       0xb8 /home/frank/TrustSQLite/stm32mp1-openstlinux-5.10-dunfell-mp1-21-11-17/SDK/sysroots/cortexa7t2hf-neon-vfpv4-ostl-linux-gnueabi/usr/include/optee/export-user_ta/lib/libutils.a(memcpy.o)
                0x00000000000004a0                memcpy
 .text          0x0000000000000558      0x188 /home/frank/TrustSQLite/stm32mp1-openstlinux-5.10-dunfell-mp1-21-11-17/SDK/sysroots/cortexa7t2hf-neon-vfpv4-ostl-linux-gnueabi/usr/include/optee/export-user_ta/lib/libutils.a(trace.o)
                0x0000000000000558                trace_set_level
                0x0000000000000574                trace_get_level
                0x0000000000000588                trace_vprintf
                0x00000000000006c4                trace_printf
                0x00000000000006dc                dhex_dump
 .text          0x00000000000006e0      0x720 /home/frank/TrustSQLite/stm32mp1-openstlinux-5.10-dunfell-mp1-21-11-17/SDK/sysroots/cortexa7t2hf-neon-vfpv4-ostl-linux-gnueabi/usr/include/optee/export-user_ta/lib/libutils.a(snprintk.o)
                0x00000000000006e0                __vsnprintf
                0x0000000000000710                vsnprintk
                0x000000000000071e                snprintk
                0x0000000000000de8                __vsprintf
 .text.__aeabi_ldivmod
                0x0000000000000e00       0x18 /home/frank/TrustSQLite/stm32mp1-openstlinux-5.10-dunfell-mp1-21-11-17/SDK/sysroots/cortexa7t2hf-neon-vfpv4-ostl-linux-gnueabi/usr/include/optee/export-user_ta/lib/libutils.a(arm32_aeabi_ldivmod_a32.o)
                0x0000000000000e00                __aeabi_ldivmod
 .text.__aeabi_uldivmod
                0x0000000000000e18       0x18 /home/frank/TrustSQLite/stm32mp1-openstlinux-5.10-dunfell-mp1-21-11-17/SDK/sysroots/cortexa7t2hf-neon-vfpv4-ostl-linux-gnueabi/usr/include/optee/export-user_ta/lib/libutils.a(arm32_aeabi_ldivmod_a32.o)
                0x0000000000000e18                __aeabi_uldivmod
 .text          0x0000000000000e30       0x9c /home/frank/TrustSQLite/stm32mp1-openstlinux-5.10-dunfell-mp1-21-11-17/SDK/sysroots/cortexa7t2hf-neon-vfpv4-ostl-linux-gnueabi/usr/include/optee/export-user_ta/lib/libutee.a(trace_ext.o)
                0x0000000000000e30                trace_ext_puts
                0x0000000000000e44                trace_ext_get_thread_id
                0x0000000000000e4a                printf
                0x0000000000000e84                puts
                0x0000000000000ea8                putchar
 .text          0x0000000000000ecc      0x478 /home/frank/TrustSQLite/stm32mp1-openstlinux-5.10-dunfell-mp1-21-11-17/SDK/sysroots/cortexa7t2hf-neon-vfpv4-ostl-linux-gnueabi/usr/include/optee/export-user_ta/lib/libutee.a(tee_api.o)
                0x0000000000000f2a                TEE_CloseTASession
                0x0000000000000f3e                TEE_GetCancellationFlag
                0x0000000000000f5a                TEE_UnmaskCancellation
                0x0000000000000f76                TEE_MaskCancellation
                0x0000000000000f92                TEE_CheckMemoryAccessRights
                0x00000000000010c4                TEE_OpenTASession
                0x0000000000001158                TEE_InvokeTACommand
                0x000000000000120c                TEE_SetInstanceData
                0x0000000000001218                TEE_GetInstanceData
                0x0000000000001224                TEE_MemMove
                0x0000000000001228                TEE_MemCompare
                0x000000000000122c                TEE_MemFill
                0x0000000000001230                TEE_GetSystemTime
                0x0000000000001246                TEE_Wait
                0x0000000000001264                TEE_GetTAPersistentTime
                0x00000000000012a0                TEE_SetTAPersistentTime
                0x00000000000012c8                TEE_GetREETime
                0x00000000000012de                TEE_Malloc
                0x0000000000001328                TEE_Realloc
                0x000000000000132c                TEE_Free
                0x0000000000001330                TEE_CacheClean
                0x0000000000001336                TEE_CacheFlush
                0x000000000000133c                TEE_CacheInvalidate
 .text          0x0000000000001344      0x7d4 /home/frank/TrustSQLite/stm32mp1-openstlinux-5.10-dunfell-mp1-21-11-17/SDK/sysroots/cortexa7t2hf-neon-vfpv4-ostl-linux-gnueabi/usr/include/optee/export-user_ta/lib/libutee.a(tee_api_objects.o)
                0x0000000000001344                __utee_from_attr
                0x0000000000001382                TEE_GetObjectInfo
                0x00000000000013ac                TEE_GetObjectInfo1
                0x00000000000013cc                TEE_RestrictObjectUsage1
                0x00000000000013ec                TEE_RestrictObjectUsage
                0x0000000000001418                TEE_GetObjectBufferAttribute
                0x0000000000001490                TEE_GetObjectValueAttribute
                0x000000000000152c                TEE_CloseObject
                0x0000000000001540                TEE_AllocateTransientObject
                0x0000000000001580                TEE_FreeTransientObject
                0x00000000000015b0                TEE_ResetTransientObject
                0x00000000000015e0                TEE_PopulateTransientObject
                0x0000000000001658                TEE_InitRefAttribute
                0x000000000000167a                TEE_InitValueAttribute
                0x000000000000169c                TEE_CopyObjectAttributes1
                0x0000000000001704                TEE_CopyObjectAttributes
                0x0000000000001734                TEE_GenerateKey
                0x0000000000001788                TEE_OpenPersistentObject
                0x00000000000017dc                TEE_CreatePersistentObject
                0x0000000000001864                TEE_CloseAndDeletePersistentObject1
                0x0000000000001888                TEE_CloseAndDeletePersistentObject
                0x000000000000189e                TEE_RenamePersistentObject
                0x00000000000018d8                TEE_AllocatePersistentObjectEnumerator
                0x000000000000190c                TEE_FreePersistentObjectEnumerator
                0x0000000000001920                TEE_ResetPersistentObjectEnumerator
                0x0000000000001934                TEE_StartPersistentObjectEnumerator
                0x0000000000001960                TEE_GetNextPersistentObject
                0x00000000000019d0                TEE_ReadObjectData
                0x0000000000001a24                TEE_WriteObjectData
                0x0000000000001a64                TEE_TruncateObjectData
                0x0000000000001a9c                TEE_SeekObjectData
 .text          0x0000000000001b18     0x1b14 /home/frank/TrustSQLite/stm32mp1-openstlinux-5.10-dunfell-mp1-21-11-17/SDK/sysroots/cortexa7t2hf-neon-vfpv4-ostl-linux-gnueabi/usr/include/optee/export-user_ta/lib/libutee.a(tee_api_operations.o)
                0x0000000000001c74                TEE_FreeOperation
                0x0000000000001c9a                TEE_AllocateOperation
                0x00000000000023f8                TEE_GetOperationInfo
                0x0000000000002428                TEE_GetOperationInfoMultiple
                0x00000000000024fc                TEE_ResetOperation
                0x000000000000253c                TEE_SetOperationKey
                0x00000000000025d4                TEE_SetOperationKey2
                0x00000000000026cc                TEE_CopyOperation
                0x0000000000002780                TEE_DigestUpdate
                0x00000000000027b0                TEE_DigestDoFinal
                0x0000000000002834                TEE_CipherInit
                0x000000000000288a                TEE_CipherUpdate
                0x0000000000002978                TEE_CipherDoFinal
                0x0000000000002ac0                TEE_MACInit
                0x0000000000002b16                TEE_MACUpdate
                0x0000000000002b64                TEE_MACComputeFinal
                0x0000000000002be0                TEE_MACCompareFinal
                0x0000000000002c48                TEE_AEInit
                0x0000000000002cb8                TEE_AEUpdateAAD
                0x0000000000002cfe                TEE_AEUpdate
                0x0000000000002df0                TEE_AEEncryptFinal
                0x0000000000002f10                TEE_AEDecryptFinal
                0x0000000000003010                TEE_AsymmetricEncrypt
                0x00000000000030d0                TEE_AsymmetricDecrypt
                0x0000000000003190                TEE_AsymmetricSignDigest
                0x000000000000324c                TEE_AsymmetricVerifyDigest
                0x00000000000032f4                TEE_DeriveKey
                0x00000000000033c4                TEE_GenerateRandom
                0x00000000000033d6                rand
                0x00000000000033ee                TEE_IsAlgorithmSupported
 .text          0x000000000000362c       0xd8 /home/frank/TrustSQLite/stm32mp1-openstlinux-5.10-dunfell-mp1-21-11-17/SDK/sysroots/cortexa7t2hf-neon-vfpv4-ostl-linux-gnueabi/usr/include/optee/export-user_ta/lib/libutee.a(tee_api_panic.o)
                0x000000000000364c                TEE_Panic
                0x000000000000365a                __utee_check_outbuf_annotation
                0x0000000000003688                __utee_check_instring_annotation
                0x00000000000036a0                __utee_check_outstring_annotation
                0x00000000000036cc                __utee_check_out_annotation
                0x00000000000036de                __utee_check_attr_in_annotation
                0x00000000000036f2                __utee_check_inout_annotation
 .text          0x0000000000003704       0xd8 /home/frank/TrustSQLite/stm32mp1-openstlinux-5.10-dunfell-mp1-21-11-17/SDK/sysroots/cortexa7t2hf-neon-vfpv4-ostl-linux-gnueabi/usr/include/optee/export-user_ta/lib/libutee.a(tee_system_pta.o)
                0x0000000000003754                tee_map_zi
                0x000000000000378e                tee_unmap
 .text          0x00000000000037dc        0x0 /home/frank/TrustSQLite/stm32mp1-openstlinux-5.10-dunfell-mp1-21-11-17/SDK/sysroots/cortexa7t2hf-neon-vfpv4-ostl-linux-gnueabi/usr/include/optee/export-user_ta/lib/libutee.a(utee_syscalls_a32.o)
 .text._utee_panic
                0x00000000000037dc       0x14 /home/frank/TrustSQLite/stm32mp1-openstlinux-5.10-dunfell-mp1-21-11-17/SDK/sysroots/cortexa7t2hf-neon-vfpv4-ostl-linux-gnueabi/usr/include/optee/export-user_ta/lib/libutee.a(utee_syscalls_a32.o)
                0x00000000000037dc                _utee_panic
 .text._utee_return
                0x00000000000037f0       0x14 /home/frank/TrustSQLite/stm32mp1-openstlinux-5.10-dunfell-mp1-21-11-17/SDK/sysroots/cortexa7t2hf-neon-vfpv4-ostl-linux-gnueabi/usr/include/optee/export-user_ta/lib/libutee.a(utee_syscalls_a32.o)
                0x00000000000037f0                _utee_return
 .text._utee_log
                0x0000000000003804       0x14 /home/frank/TrustSQLite/stm32mp1-openstlinux-5.10-dunfell-mp1-21-11-17/SDK/sysroots/cortexa7t2hf-neon-vfpv4-ostl-linux-gnueabi/usr/include/optee/export-user_ta/lib/libutee.a(utee_syscalls_a32.o)
                0x0000000000003804                _utee_log
 .text.__utee_panic
                0x0000000000003818       0x14 /home/frank/TrustSQLite/stm32mp1-openstlinux-5.10-dunfell-mp1-21-11-17/SDK/sysroots/cortexa7t2hf-neon-vfpv4-ostl-linux-gnueabi/usr/include/optee/export-user_ta/lib/libutee.a(utee_syscalls_a32.o)
                0x0000000000003818                __utee_panic
 .text._utee_get_property
                0x000000000000382c       0x18 /home/frank/TrustSQLite/stm32mp1-openstlinux-5.10-dunfell-mp1-21-11-17/SDK/sysroots/cortexa7t2hf-neon-vfpv4-ostl-linux-gnueabi/usr/include/optee/export-user_ta/lib/libutee.a(utee_syscalls_a32.o)
                0x000000000000382c                _utee_get_property
 .text._utee_get_property_name_to_index
                0x0000000000003844       0x14 /home/frank/TrustSQLite/stm32mp1-openstlinux-5.10-dunfell-mp1-21-11-17/SDK/sysroots/cortexa7t2hf-neon-vfpv4-ostl-linux-gnueabi/usr/include/optee/export-user_ta/lib/libutee.a(utee_syscalls_a32.o)
                0x0000000000003844                _utee_get_property_name_to_index
 .text._utee_open_ta_session
                0x0000000000003858       0x18 /home/frank/TrustSQLite/stm32mp1-openstlinux-5.10-dunfell-mp1-21-11-17/SDK/sysroots/cortexa7t2hf-neon-vfpv4-ostl-linux-gnueabi/usr/include/optee/export-user_ta/lib/libutee.a(utee_syscalls_a32.o)
                0x0000000000003858                _utee_open_ta_session
 .text._utee_close_ta_session
                0x0000000000003870       0x14 /home/frank/TrustSQLite/stm32mp1-openstlinux-5.10-dunfell-mp1-21-11-17/SDK/sysroots/cortexa7t2hf-neon-vfpv4-ostl-linux-gnueabi/usr/include/optee/export-user_ta/lib/libutee.a(utee_syscalls_a32.o)
                0x0000000000003870                _utee_close_ta_session
 .text._utee_invoke_ta_command
                0x0000000000003884       0x18 /home/frank/TrustSQLite/stm32mp1-openstlinux-5.10-dunfell-mp1-21-11-17/SDK/sysroots/cortexa7t2hf-neon-vfpv4-ostl-linux-gnueabi/usr/include/optee/export-user_ta/lib/libutee.a(utee_syscalls_a32.o)
                0x0000000000003884                _utee_invoke_ta_command
 .text._utee_get_cancellation_flag
                0x000000000000389c       0x14 /home/frank/TrustSQLite/stm32mp1-openstlinux-5.10-dunfell-mp1-21-11-17/SDK/sysroots/cortexa7t2hf-neon-vfpv4-ostl-linux-gnueabi/usr/include/optee/export-user_ta/lib/libutee.a(utee_syscalls_a32.o)
                0x000000000000389c                _utee_get_cancellation_flag
 .text._utee_check_access_rights
                0x00000000000038b0       0x14 /home/frank/TrustSQLite/stm32mp1-openstlinux-5.10-dunfell-mp1-21-11-17/SDK/sysroots/cortexa7t2hf-neon-vfpv4-ostl-linux-gnueabi/usr/include/optee/export-user_ta/lib/libutee.a(utee_syscalls_a32.o)
                0x00000000000038b0                _utee_check_access_rights
 .text._utee_unmask_cancellation
                0x00000000000038c4       0x14 /home/frank/TrustSQLite/stm32mp1-openstlinux-5.10-dunfell-mp1-21-11-17/SDK/sysroots/cortexa7t2hf-neon-vfpv4-ostl-linux-gnueabi/usr/include/optee/export-user_ta/lib/libutee.a(utee_syscalls_a32.o)
                0x00000000000038c4                _utee_unmask_cancellation
 .text._utee_mask_cancellation
                0x00000000000038d8       0x14 /home/frank/TrustSQLite/stm32mp1-openstlinux-5.10-dunfell-mp1-21-11-17/SDK/sysroots/cortexa7t2hf-neon-vfpv4-ostl-linux-gnueabi/usr/include/optee/export-user_ta/lib/libutee.a(utee_syscalls_a32.o)
                0x00000000000038d8                _utee_mask_cancellation
 .text._utee_wait
                0x00000000000038ec       0x14 /home/frank/TrustSQLite/stm32mp1-openstlinux-5.10-dunfell-mp1-21-11-17/SDK/sysroots/cortexa7t2hf-neon-vfpv4-ostl-linux-gnueabi/usr/include/optee/export-user_ta/lib/libutee.a(utee_syscalls_a32.o)
                0x00000000000038ec                _utee_wait
 .text._utee_get_time
                0x0000000000003900       0x14 /home/frank/TrustSQLite/stm32mp1-openstlinux-5.10-dunfell-mp1-21-11-17/SDK/sysroots/cortexa7t2hf-neon-vfpv4-ostl-linux-gnueabi/usr/include/optee/export-user_ta/lib/libutee.a(utee_syscalls_a32.o)
                0x0000000000003900                _utee_get_time
 .text._utee_set_ta_time
                0x0000000000003914       0x14 /home/frank/TrustSQLite/stm32mp1-openstlinux-5.10-dunfell-mp1-21-11-17/SDK/sysroots/cortexa7t2hf-neon-vfpv4-ostl-linux-gnueabi/usr/include/optee/export-user_ta/lib/libutee.a(utee_syscalls_a32.o)
                0x0000000000003914                _utee_set_ta_time
 .text._utee_cryp_state_alloc
                0x0000000000003928       0x18 /home/frank/TrustSQLite/stm32mp1-openstlinux-5.10-dunfell-mp1-21-11-17/SDK/sysroots/cortexa7t2hf-neon-vfpv4-ostl-linux-gnueabi/usr/include/optee/export-user_ta/lib/libutee.a(utee_syscalls_a32.o)
                0x0000000000003928                _utee_cryp_state_alloc
 .text._utee_cryp_state_copy
                0x0000000000003940       0x14 /home/frank/TrustSQLite/stm32mp1-openstlinux-5.10-dunfell-mp1-21-11-17/SDK/sysroots/cortexa7t2hf-neon-vfpv4-ostl-linux-gnueabi/usr/include/optee/export-user_ta/lib/libutee.a(utee_syscalls_a32.o)
                0x0000000000003940                _utee_cryp_state_copy
 .text._utee_cryp_state_free
                0x0000000000003954       0x14 /home/frank/TrustSQLite/stm32mp1-openstlinux-5.10-dunfell-mp1-21-11-17/SDK/sysroots/cortexa7t2hf-neon-vfpv4-ostl-linux-gnueabi/usr/include/optee/export-user_ta/lib/libutee.a(utee_syscalls_a32.o)
                0x0000000000003954                _utee_cryp_state_free
 .text._utee_hash_init
                0x0000000000003968       0x14 /home/frank/TrustSQLite/stm32mp1-openstlinux-5.10-dunfell-mp1-21-11-17/SDK/sysroots/cortexa7t2hf-neon-vfpv4-ostl-linux-gnueabi/usr/include/optee/export-user_ta/lib/libutee.a(utee_syscalls_a32.o)
                0x0000000000003968                _utee_hash_init
 .text._utee_hash_update
                0x000000000000397c       0x14 /home/frank/TrustSQLite/stm32mp1-openstlinux-5.10-dunfell-mp1-21-11-17/SDK/sysroots/cortexa7t2hf-neon-vfpv4-ostl-linux-gnueabi/usr/include/optee/export-user_ta/lib/libutee.a(utee_syscalls_a32.o)
                0x000000000000397c                _utee_hash_update
 .text._utee_hash_final
                0x0000000000003990       0x18 /home/frank/TrustSQLite/stm32mp1-openstlinux-5.10-dunfell-mp1-21-11-17/SDK/sysroots/cortexa7t2hf-neon-vfpv4-ostl-linux-gnueabi/usr/include/optee/export-user_ta/lib/libutee.a(utee_syscalls_a32.o)
                0x0000000000003990                _utee_hash_final
 .text._utee_cipher_init
                0x00000000000039a8       0x14 /home/frank/TrustSQLite/stm32mp1-openstlinux-5.10-dunfell-mp1-21-11-17/SDK/sysroots/cortexa7t2hf-neon-vfpv4-ostl-linux-gnueabi/usr/include/optee/export-user_ta/lib/libutee.a(utee_syscalls_a32.o)
                0x00000000000039a8                _utee_cipher_init
 .text._utee_cipher_update
                0x00000000000039bc       0x18 /home/frank/TrustSQLite/stm32mp1-openstlinux-5.10-dunfell-mp1-21-11-17/SDK/sysroots/cortexa7t2hf-neon-vfpv4-ostl-linux-gnueabi/usr/include/optee/export-user_ta/lib/libutee.a(utee_syscalls_a32.o)
                0x00000000000039bc                _utee_cipher_update
 .text._utee_cipher_final
                0x00000000000039d4       0x18 /home/frank/TrustSQLite/stm32mp1-openstlinux-5.10-dunfell-mp1-21-11-17/SDK/sysroots/cortexa7t2hf-neon-vfpv4-ostl-linux-gnueabi/usr/include/optee/export-user_ta/lib/libutee.a(utee_syscalls_a32.o)
                0x00000000000039d4                _utee_cipher_final
 .text._utee_cryp_obj_get_info
                0x00000000000039ec       0x14 /home/frank/TrustSQLite/stm32mp1-openstlinux-5.10-dunfell-mp1-21-11-17/SDK/sysroots/cortexa7t2hf-neon-vfpv4-ostl-linux-gnueabi/usr/include/optee/export-user_ta/lib/libutee.a(utee_syscalls_a32.o)
                0x00000000000039ec                _utee_cryp_obj_get_info
 .text._utee_cryp_obj_restrict_usage
                0x0000000000003a00       0x14 /home/frank/TrustSQLite/stm32mp1-openstlinux-5.10-dunfell-mp1-21-11-17/SDK/sysroots/cortexa7t2hf-neon-vfpv4-ostl-linux-gnueabi/usr/include/optee/export-user_ta/lib/libutee.a(utee_syscalls_a32.o)
                0x0000000000003a00                _utee_cryp_obj_restrict_usage
 .text._utee_cryp_obj_get_attr
                0x0000000000003a14       0x14 /home/frank/TrustSQLite/stm32mp1-openstlinux-5.10-dunfell-mp1-21-11-17/SDK/sysroots/cortexa7t2hf-neon-vfpv4-ostl-linux-gnueabi/usr/include/optee/export-user_ta/lib/libutee.a(utee_syscalls_a32.o)
                0x0000000000003a14                _utee_cryp_obj_get_attr
 .text._utee_cryp_obj_alloc
                0x0000000000003a28       0x14 /home/frank/TrustSQLite/stm32mp1-openstlinux-5.10-dunfell-mp1-21-11-17/SDK/sysroots/cortexa7t2hf-neon-vfpv4-ostl-linux-gnueabi/usr/include/optee/export-user_ta/lib/libutee.a(utee_syscalls_a32.o)
                0x0000000000003a28                _utee_cryp_obj_alloc
 .text._utee_cryp_obj_close
                0x0000000000003a3c       0x14 /home/frank/TrustSQLite/stm32mp1-openstlinux-5.10-dunfell-mp1-21-11-17/SDK/sysroots/cortexa7t2hf-neon-vfpv4-ostl-linux-gnueabi/usr/include/optee/export-user_ta/lib/libutee.a(utee_syscalls_a32.o)
                0x0000000000003a3c                _utee_cryp_obj_close
 .text._utee_cryp_obj_reset
                0x0000000000003a50       0x14 /home/frank/TrustSQLite/stm32mp1-openstlinux-5.10-dunfell-mp1-21-11-17/SDK/sysroots/cortexa7t2hf-neon-vfpv4-ostl-linux-gnueabi/usr/include/optee/export-user_ta/lib/libutee.a(utee_syscalls_a32.o)
                0x0000000000003a50                _utee_cryp_obj_reset
 .text._utee_cryp_obj_populate
                0x0000000000003a64       0x14 /home/frank/TrustSQLite/stm32mp1-openstlinux-5.10-dunfell-mp1-21-11-17/SDK/sysroots/cortexa7t2hf-neon-vfpv4-ostl-linux-gnueabi/usr/include/optee/export-user_ta/lib/libutee.a(utee_syscalls_a32.o)
                0x0000000000003a64                _utee_cryp_obj_populate
 .text._utee_cryp_obj_copy
                0x0000000000003a78       0x14 /home/frank/TrustSQLite/stm32mp1-openstlinux-5.10-dunfell-mp1-21-11-17/SDK/sysroots/cortexa7t2hf-neon-vfpv4-ostl-linux-gnueabi/usr/include/optee/export-user_ta/lib/libutee.a(utee_syscalls_a32.o)
                0x0000000000003a78                _utee_cryp_obj_copy
 .text._utee_cryp_derive_key
                0x0000000000003a8c       0x14 /home/frank/TrustSQLite/stm32mp1-openstlinux-5.10-dunfell-mp1-21-11-17/SDK/sysroots/cortexa7t2hf-neon-vfpv4-ostl-linux-gnueabi/usr/include/optee/export-user_ta/lib/libutee.a(utee_syscalls_a32.o)
                0x0000000000003a8c                _utee_cryp_derive_key
 .text._utee_cryp_random_number_generate
                0x0000000000003aa0       0x14 /home/frank/TrustSQLite/stm32mp1-openstlinux-5.10-dunfell-mp1-21-11-17/SDK/sysroots/cortexa7t2hf-neon-vfpv4-ostl-linux-gnueabi/usr/include/optee/export-user_ta/lib/libutee.a(utee_syscalls_a32.o)
                0x0000000000003aa0                _utee_cryp_random_number_generate
 .text._utee_authenc_init
                0x0000000000003ab4       0x18 /home/frank/TrustSQLite/stm32mp1-openstlinux-5.10-dunfell-mp1-21-11-17/SDK/sysroots/cortexa7t2hf-neon-vfpv4-ostl-linux-gnueabi/usr/include/optee/export-user_ta/lib/libutee.a(utee_syscalls_a32.o)
                0x0000000000003ab4                _utee_authenc_init
 .text._utee_authenc_update_aad
                0x0000000000003acc       0x14 /home/frank/TrustSQLite/stm32mp1-openstlinux-5.10-dunfell-mp1-21-11-17/SDK/sysroots/cortexa7t2hf-neon-vfpv4-ostl-linux-gnueabi/usr/include/optee/export-user_ta/lib/libutee.a(utee_syscalls_a32.o)
                0x0000000000003acc                _utee_authenc_update_aad
 .text._utee_authenc_update_payload
                0x0000000000003ae0       0x18 /home/frank/TrustSQLite/stm32mp1-openstlinux-5.10-dunfell-mp1-21-11-17/SDK/sysroots/cortexa7t2hf-neon-vfpv4-ostl-linux-gnueabi/usr/include/optee/export-user_ta/lib/libutee.a(utee_syscalls_a32.o)
                0x0000000000003ae0                _utee_authenc_update_payload
 .text._utee_authenc_enc_final
                0x0000000000003af8       0x18 /home/frank/TrustSQLite/stm32mp1-openstlinux-5.10-dunfell-mp1-21-11-17/SDK/sysroots/cortexa7t2hf-neon-vfpv4-ostl-linux-gnueabi/usr/include/optee/export-user_ta/lib/libutee.a(utee_syscalls_a32.o)
                0x0000000000003af8                _utee_authenc_enc_final
 .text._utee_authenc_dec_final
                0x0000000000003b10       0x18 /home/frank/TrustSQLite/stm32mp1-openstlinux-5.10-dunfell-mp1-21-11-17/SDK/sysroots/cortexa7t2hf-neon-vfpv4-ostl-linux-gnueabi/usr/include/optee/export-user_ta/lib/libutee.a(utee_syscalls_a32.o)
                0x0000000000003b10                _utee_authenc_dec_final
 .text._utee_asymm_operate
                0x0000000000003b28       0x18 /home/frank/TrustSQLite/stm32mp1-openstlinux-5.10-dunfell-mp1-21-11-17/SDK/sysroots/cortexa7t2hf-neon-vfpv4-ostl-linux-gnueabi/usr/include/optee/export-user_ta/lib/libutee.a(utee_syscalls_a32.o)
                0x0000000000003b28                _utee_asymm_operate
 .text._utee_asymm_verify
                0x0000000000003b40       0x18 /home/frank/TrustSQLite/stm32mp1-openstlinux-5.10-dunfell-mp1-21-11-17/SDK/sysroots/cortexa7t2hf-neon-vfpv4-ostl-linux-gnueabi/usr/include/optee/export-user_ta/lib/libutee.a(utee_syscalls_a32.o)
                0x0000000000003b40                _utee_asymm_verify
 .text._utee_storage_obj_open
                0x0000000000003b58       0x18 /home/frank/TrustSQLite/stm32mp1-openstlinux-5.10-dunfell-mp1-21-11-17/SDK/sysroots/cortexa7t2hf-neon-vfpv4-ostl-linux-gnueabi/usr/include/optee/export-user_ta/lib/libutee.a(utee_syscalls_a32.o)
                0x0000000000003b58                _utee_storage_obj_open
 .text._utee_storage_obj_create
                0x0000000000003b70       0x18 /home/frank/TrustSQLite/stm32mp1-openstlinux-5.10-dunfell-mp1-21-11-17/SDK/sysroots/cortexa7t2hf-neon-vfpv4-ostl-linux-gnueabi/usr/include/optee/export-user_ta/lib/libutee.a(utee_syscalls_a32.o)
                0x0000000000003b70                _utee_storage_obj_create
 .text._utee_storage_obj_del
                0x0000000000003b88       0x14 /home/frank/TrustSQLite/stm32mp1-openstlinux-5.10-dunfell-mp1-21-11-17/SDK/sysroots/cortexa7t2hf-neon-vfpv4-ostl-linux-gnueabi/usr/include/optee/export-user_ta/lib/libutee.a(utee_syscalls_a32.o)
                0x0000000000003b88                _utee_storage_obj_del
 .text._utee_storage_obj_rename
                0x0000000000003b9c       0x14 /home/frank/TrustSQLite/stm32mp1-openstlinux-5.10-dunfell-mp1-21-11-17/SDK/sysroots/cortexa7t2hf-neon-vfpv4-ostl-linux-gnueabi/usr/include/optee/export-user_ta/lib/libutee.a(utee_syscalls_a32.o)
                0x0000000000003b9c                _utee_storage_obj_rename
 .text._utee_storage_alloc_enum
                0x0000000000003bb0       0x14 /home/frank/TrustSQLite/stm32mp1-openstlinux-5.10-dunfell-mp1-21-11-17/SDK/sysroots/cortexa7t2hf-neon-vfpv4-ostl-linux-gnueabi/usr/include/optee/export-user_ta/lib/libutee.a(utee_syscalls_a32.o)
                0x0000000000003bb0                _utee_storage_alloc_enum
 .text._utee_storage_free_enum
                0x0000000000003bc4       0x14 /home/frank/TrustSQLite/stm32mp1-openstlinux-5.10-dunfell-mp1-21-11-17/SDK/sysroots/cortexa7t2hf-neon-vfpv4-ostl-linux-gnueabi/usr/include/optee/export-user_ta/lib/libutee.a(utee_syscalls_a32.o)
                0x0000000000003bc4                _utee_storage_free_enum
 .text._utee_storage_reset_enum
                0x0000000000003bd8       0x14 /home/frank/TrustSQLite/stm32mp1-openstlinux-5.10-dunfell-mp1-21-11-17/SDK/sysroots/cortexa7t2hf-neon-vfpv4-ostl-linux-gnueabi/usr/include/optee/export-user_ta/lib/libutee.a(utee_syscalls_a32.o)
                0x0000000000003bd8                _utee_storage_reset_enum
 .text._utee_storage_start_enum
                0x0000000000003bec       0x14 /home/frank/TrustSQLite/stm32mp1-openstlinux-5.10-dunfell-mp1-21-11-17/SDK/sysroots/cortexa7t2hf-neon-vfpv4-ostl-linux-gnueabi/usr/include/optee/export-user_ta/lib/libutee.a(utee_syscalls_a32.o)
                0x0000000000003bec                _utee_storage_start_enum
 .text._utee_storage_next_enum
                0x0000000000003c00       0x14 /home/frank/TrustSQLite/stm32mp1-openstlinux-5.10-dunfell-mp1-21-11-17/SDK/sysroots/cortexa7t2hf-neon-vfpv4-ostl-linux-gnueabi/usr/include/optee/export-user_ta/lib/libutee.a(utee_syscalls_a32.o)
                0x0000000000003c00                _utee_storage_next_enum
 .text._utee_storage_obj_read
                0x0000000000003c14       0x14 /home/frank/TrustSQLite/stm32mp1-openstlinux-5.10-dunfell-mp1-21-11-17/SDK/sysroots/cortexa7t2hf-neon-vfpv4-ostl-linux-gnueabi/usr/include/optee/export-user_ta/lib/libutee.a(utee_syscalls_a32.o)
                0x0000000000003c14                _utee_storage_obj_read
 .text._utee_storage_obj_write
                0x0000000000003c28       0x14 /home/frank/TrustSQLite/stm32mp1-openstlinux-5.10-dunfell-mp1-21-11-17/SDK/sysroots/cortexa7t2hf-neon-vfpv4-ostl-linux-gnueabi/usr/include/optee/export-user_ta/lib/libutee.a(utee_syscalls_a32.o)
                0x0000000000003c28                _utee_storage_obj_write
 .text._utee_storage_obj_trunc
                0x0000000000003c3c       0x14 /home/frank/TrustSQLite/stm32mp1-openstlinux-5.10-dunfell-mp1-21-11-17/SDK/sysroots/cortexa7t2hf-neon-vfpv4-ostl-linux-gnueabi/usr/include/optee/export-user_ta/lib/libutee.a(utee_syscalls_a32.o)
                0x0000000000003c3c                _utee_storage_obj_trunc
 .text._utee_storage_obj_seek
                0x0000000000003c50       0x14 /home/frank/TrustSQLite/stm32mp1-openstlinux-5.10-dunfell-mp1-21-11-17/SDK/sysroots/cortexa7t2hf-neon-vfpv4-ostl-linux-gnueabi/usr/include/optee/export-user_ta/lib/libutee.a(utee_syscalls_a32.o)
                0x0000000000003c50                _utee_storage_obj_seek
 .text._utee_cryp_obj_generate_key
                0x0000000000003c64       0x14 /home/frank/TrustSQLite/stm32mp1-openstlinux-5.10-dunfell-mp1-21-11-17/SDK/sysroots/cortexa7t2hf-neon-vfpv4-ostl-linux-gnueabi/usr/include/optee/export-user_ta/lib/libutee.a(utee_syscalls_a32.o)
                0x0000000000003c64                _utee_cryp_obj_generate_key
 .text._utee_cache_operation
                0x0000000000003c78       0x14 /home/frank/TrustSQLite/stm32mp1-openstlinux-5.10-dunfell-mp1-21-11-17/SDK/sysroots/cortexa7t2hf-neon-vfpv4-ostl-linux-gnueabi/usr/include/optee/export-user_ta/lib/libutee.a(utee_syscalls_a32.o)
                0x0000000000003c78                _utee_cache_operation
 .text.utee_tpm_get_version
                0x0000000000003c8c       0x14 /home/frank/TrustSQLite/stm32mp1-openstlinux-5.10-dunfell-mp1-21-11-17/SDK/sysroots/cortexa7t2hf-neon-vfpv4-ostl-linux-gnueabi/usr/include/optee/export-user_ta/lib/libutee.a(utee_syscalls_a32.o)
                0x0000000000003c8c                utee_tpm_get_version
 .text.utee_sqlite_exec
                0x0000000000003ca0       0x14 /home/frank/TrustSQLite/stm32mp1-openstlinux-5.10-dunfell-mp1-21-11-17/SDK/sysroots/cortexa7t2hf-neon-vfpv4-ostl-linux-gnueabi/usr/include/optee/export-user_ta/lib/libutee.a(utee_syscalls_a32.o)
                0x0000000000003ca0                utee_sqlite_exec
 .text.utee_tzvfs_open
                0x0000000000003cb4       0x14 /home/frank/TrustSQLite/stm32mp1-openstlinux-5.10-dunfell-mp1-21-11-17/SDK/sysroots/cortexa7t2hf-neon-vfpv4-ostl-linux-gnueabi/usr/include/optee/export-user_ta/lib/libutee.a(utee_syscalls_a32.o)
                0x0000000000003cb4                utee_tzvfs_open
 .text.utee_tzvfs_close
                0x0000000000003cc8       0x14 /home/frank/TrustSQLite/stm32mp1-openstlinux-5.10-dunfell-mp1-21-11-17/SDK/sysroots/cortexa7t2hf-neon-vfpv4-ostl-linux-gnueabi/usr/include/optee/export-user_ta/lib/libutee.a(utee_syscalls_a32.o)
                0x0000000000003cc8                utee_tzvfs_close
 .text.utee_tzvfs_getcwd
                0x0000000000003cdc       0x14 /home/frank/TrustSQLite/stm32mp1-openstlinux-5.10-dunfell-mp1-21-11-17/SDK/sysroots/cortexa7t2hf-neon-vfpv4-ostl-linux-gnueabi/usr/include/optee/export-user_ta/lib/libutee.a(utee_syscalls_a32.o)
                0x0000000000003cdc                utee_tzvfs_getcwd
 .text.utee_tzvfs_lstat
                0x0000000000003cf0       0x14 /home/frank/TrustSQLite/stm32mp1-openstlinux-5.10-dunfell-mp1-21-11-17/SDK/sysroots/cortexa7t2hf-neon-vfpv4-ostl-linux-gnueabi/usr/include/optee/export-user_ta/lib/libutee.a(utee_syscalls_a32.o)
                0x0000000000003cf0                utee_tzvfs_lstat
 .text.utee_tzvfs_stat
                0x0000000000003d04       0x14 /home/frank/TrustSQLite/stm32mp1-openstlinux-5.10-dunfell-mp1-21-11-17/SDK/sysroots/cortexa7t2hf-neon-vfpv4-ostl-linux-gnueabi/usr/include/optee/export-user_ta/lib/libutee.a(utee_syscalls_a32.o)
                0x0000000000003d04                utee_tzvfs_stat
 .text.utee_tzvfs_fstat
                0x0000000000003d18       0x14 /home/frank/TrustSQLite/stm32mp1-openstlinux-5.10-dunfell-mp1-21-11-17/SDK/sysroots/cortexa7t2hf-neon-vfpv4-ostl-linux-gnueabi/usr/include/optee/export-user_ta/lib/libutee.a(utee_syscalls_a32.o)
                0x0000000000003d18                utee_tzvfs_fstat
 .text.utee_tzvfs_fcntl
                0x0000000000003d2c       0x14 /home/frank/TrustSQLite/stm32mp1-openstlinux-5.10-dunfell-mp1-21-11-17/SDK/sysroots/cortexa7t2hf-neon-vfpv4-ostl-linux-gnueabi/usr/include/optee/export-user_ta/lib/libutee.a(utee_syscalls_a32.o)
                0x0000000000003d2c                utee_tzvfs_fcntl
 .text.utee_tzvfs_read
                0x0000000000003d40       0x14 /home/frank/TrustSQLite/stm32mp1-openstlinux-5.10-dunfell-mp1-21-11-17/SDK/sysroots/cortexa7t2hf-neon-vfpv4-ostl-linux-gnueabi/usr/include/optee/export-user_ta/lib/libutee.a(utee_syscalls_a32.o)
                0x0000000000003d40                utee_tzvfs_read
 .text.utee_tzvfs_write
                0x0000000000003d54       0x14 /home/frank/TrustSQLite/stm32mp1-openstlinux-5.10-dunfell-mp1-21-11-17/SDK/sysroots/cortexa7t2hf-neon-vfpv4-ostl-linux-gnueabi/usr/include/optee/export-user_ta/lib/libutee.a(utee_syscalls_a32.o)
                0x0000000000003d54                utee_tzvfs_write
 .text.utee_tzvfs_geteuid
                0x0000000000003d68       0x14 /home/frank/TrustSQLite/stm32mp1-openstlinux-5.10-dunfell-mp1-21-11-17/SDK/sysroots/cortexa7t2hf-neon-vfpv4-ostl-linux-gnueabi/usr/include/optee/export-user_ta/lib/libutee.a(utee_syscalls_a32.o)
                0x0000000000003d68                utee_tzvfs_geteuid
 .text.utee_tzvfs_unlink
                0x0000000000003d7c       0x14 /home/frank/TrustSQLite/stm32mp1-openstlinux-5.10-dunfell-mp1-21-11-17/SDK/sysroots/cortexa7t2hf-neon-vfpv4-ostl-linux-gnueabi/usr/include/optee/export-user_ta/lib/libutee.a(utee_syscalls_a32.o)
                0x0000000000003d7c                utee_tzvfs_unlink
 .text.utee_tzvfs_access
                0x0000000000003d90       0x14 /home/frank/TrustSQLite/stm32mp1-openstlinux-5.10-dunfell-mp1-21-11-17/SDK/sysroots/cortexa7t2hf-neon-vfpv4-ostl-linux-gnueabi/usr/include/optee/export-user_ta/lib/libutee.a(utee_syscalls_a32.o)
                0x0000000000003d90                utee_tzvfs_access
 .text.utee_tzvfs_mmap
                0x0000000000003da4       0x18 /home/frank/TrustSQLite/stm32mp1-openstlinux-5.10-dunfell-mp1-21-11-17/SDK/sysroots/cortexa7t2hf-neon-vfpv4-ostl-linux-gnueabi/usr/include/optee/export-user_ta/lib/libutee.a(utee_syscalls_a32.o)
                0x0000000000003da4                utee_tzvfs_mmap
 .text.utee_tzvfs_mremap
                0x0000000000003dbc       0x18 /home/frank/TrustSQLite/stm32mp1-openstlinux-5.10-dunfell-mp1-21-11-17/SDK/sysroots/cortexa7t2hf-neon-vfpv4-ostl-linux-gnueabi/usr/include/optee/export-user_ta/lib/libutee.a(utee_syscalls_a32.o)
                0x0000000000003dbc                utee_tzvfs_mremap
 .text.utee_tzvfs_munmap
                0x0000000000003dd4       0x14 /home/frank/TrustSQLite/stm32mp1-openstlinux-5.10-dunfell-mp1-21-11-17/SDK/sysroots/cortexa7t2hf-neon-vfpv4-ostl-linux-gnueabi/usr/include/optee/export-user_ta/lib/libutee.a(utee_syscalls_a32.o)
                0x0000000000003dd4                utee_tzvfs_munmap
 .text.utee_tzvfs_strcspn
                0x0000000000003de8       0x14 /home/frank/TrustSQLite/stm32mp1-openstlinux-5.10-dunfell-mp1-21-11-17/SDK/sysroots/cortexa7t2hf-neon-vfpv4-ostl-linux-gnueabi/usr/include/optee/export-user_ta/lib/libutee.a(utee_syscalls_a32.o)
                0x0000000000003de8                utee_tzvfs_strcspn
 .text.utee_tzvfs_utimes
                0x0000000000003dfc       0x14 /home/frank/TrustSQLite/stm32mp1-openstlinux-5.10-dunfell-mp1-21-11-17/SDK/sysroots/cortexa7t2hf-neon-vfpv4-ostl-linux-gnueabi/usr/include/optee/export-user_ta/lib/libutee.a(utee_syscalls_a32.o)
                0x0000000000003dfc                utee_tzvfs_utimes
 .text.utee_tzvfs_lseek
                0x0000000000003e10       0x14 /home/frank/TrustSQLite/stm32mp1-openstlinux-5.10-dunfell-mp1-21-11-17/SDK/sysroots/cortexa7t2hf-neon-vfpv4-ostl-linux-gnueabi/usr/include/optee/export-user_ta/lib/libutee.a(utee_syscalls_a32.o)
                0x0000000000003e10                utee_tzvfs_lseek
 .text.utee_tzvfs_fsync
                0x0000000000003e24       0x14 /home/frank/TrustSQLite/stm32mp1-openstlinux-5.10-dunfell-mp1-21-11-17/SDK/sysroots/cortexa7t2hf-neon-vfpv4-ostl-linux-gnueabi/usr/include/optee/export-user_ta/lib/libutee.a(utee_syscalls_a32.o)
                0x0000000000003e24                utee_tzvfs_fsync
 .text.utee_tzvfs_getenv
                0x0000000000003e38       0x14 /home/frank/TrustSQLite/stm32mp1-openstlinux-5.10-dunfell-mp1-21-11-17/SDK/sysroots/cortexa7t2hf-neon-vfpv4-ostl-linux-gnueabi/usr/include/optee/export-user_ta/lib/libutee.a(utee_syscalls_a32.o)
                0x0000000000003e38                utee_tzvfs_getenv
 .text.utee_tzvfs_getpid
                0x0000000000003e4c       0x14 /home/frank/TrustSQLite/stm32mp1-openstlinux-5.10-dunfell-mp1-21-11-17/SDK/sysroots/cortexa7t2hf-neon-vfpv4-ostl-linux-gnueabi/usr/include/optee/export-user_ta/lib/libutee.a(utee_syscalls_a32.o)
                0x0000000000003e4c                utee_tzvfs_getpid
 .text.utee_tzvfs_time
                0x0000000000003e60       0x14 /home/frank/TrustSQLite/stm32mp1-openstlinux-5.10-dunfell-mp1-21-11-17/SDK/sysroots/cortexa7t2hf-neon-vfpv4-ostl-linux-gnueabi/usr/include/optee/export-user_ta/lib/libutee.a(utee_syscalls_a32.o)
                0x0000000000003e60                utee_tzvfs_time
 .text.utee_tzvfs_sleep
                0x0000000000003e74       0x14 /home/frank/TrustSQLite/stm32mp1-openstlinux-5.10-dunfell-mp1-21-11-17/SDK/sysroots/cortexa7t2hf-neon-vfpv4-ostl-linux-gnueabi/usr/include/optee/export-user_ta/lib/libutee.a(utee_syscalls_a32.o)
                0x0000000000003e74                utee_tzvfs_sleep
 .text.utee_tzvfs_gettimeofday
                0x0000000000003e88       0x14 /home/frank/TrustSQLite/stm32mp1-openstlinux-5.10-dunfell-mp1-21-11-17/SDK/sysroots/cortexa7t2hf-neon-vfpv4-ostl-linux-gnueabi/usr/include/optee/export-user_ta/lib/libutee.a(utee_syscalls_a32.o)
                0x0000000000003e88                utee_tzvfs_gettimeofday
 .text.utee_tzvfs_fchown
                0x0000000000003e9c       0x14 /home/frank/TrustSQLite/stm32mp1-openstlinux-5.10-dunfell-mp1-21-11-17/SDK/sysroots/cortexa7t2hf-neon-vfpv4-ostl-linux-gnueabi/usr/include/optee/export-user_ta/lib/libutee.a(utee_syscalls_a32.o)
                0x0000000000003e9c                utee_tzvfs_fchown
 .text          0x0000000000003eb0      0x4ac /home/frank/TrustSQLite/stm32mp1-openstlinux-5.10-dunfell-mp1-21-11-17/SDK/sysroots/cortexa7t2hf-neon-vfpv4-ostl-linux-gnueabi/usr/include/optee/export-user_ta/lib/libutee.a(user_ta_entry.o)
                0x0000000000004080                __utee_call_elf_init_fn
                0x0000000000004138                __utee_call_elf_fini_fn
                0x00000000000041b4                __utee_entry
 .text.unlikely
                0x000000000000435c       0x18 /home/frank/TrustSQLite/stm32mp1-openstlinux-5.10-dunfell-mp1-21-11-17/SDK/sysroots/cortexa7t2hf-neon-vfpv4-ostl-linux-gnueabi/usr/include/optee/export-user_ta/lib/libutee.a(abort.o)
                0x000000000000435c                abort
 .text          0x0000000000004374     0x11d4 /home/frank/TrustSQLite/stm32mp1-openstlinux-5.10-dunfell-mp1-21-11-17/SDK/sysroots/cortexa7t2hf-neon-vfpv4-ostl-linux-gnueabi/usr/include/optee/export-user_ta/lib/libutee.a(tee_api_arith_mpi.o)
                0x000000000000496c                _TEE_MathAPI_Init
                0x00000000000049b0                TEE_BigIntInit
                0x00000000000049e8                TEE_BigIntConvertFromOctetString
                0x0000000000004a40                TEE_BigIntConvertToOctetString
                0x0000000000004a98                TEE_BigIntConvertFromS32
                0x0000000000004ae8                TEE_BigIntConvertToS32
                0x0000000000004b44                TEE_BigIntCmp
                0x0000000000004b7a                TEE_BigIntCmpS32
                0x0000000000004ca4                TEE_BigIntShiftRight
                0x0000000000004db4                TEE_BigIntGetBit
                0x0000000000004dde                TEE_BigIntGetBitCount
                0x0000000000004e00                TEE_BigIntAdd
                0x0000000000004e20                TEE_BigIntSub
                0x0000000000004e40                TEE_BigIntNeg
                0x0000000000004eb4                TEE_BigIntMul
                0x0000000000004f5c                TEE_BigIntSquare
                0x0000000000004f62                TEE_BigIntDiv
                0x0000000000005050                TEE_BigIntMod
                0x00000000000050a0                TEE_BigIntAddMod
                0x00000000000050bc                TEE_BigIntSubMod
                0x00000000000050d8                TEE_BigIntMulMod
                0x00000000000050f4                TEE_BigIntSquareMod
                0x00000000000050fc                TEE_BigIntInvMod
                0x00000000000051bc                TEE_BigIntRelativePrime
                0x0000000000005238                TEE_BigIntComputeExtendedGcd
                0x00000000000053dc                TEE_BigIntIsProbablePrime
                0x000000000000540c                TEE_BigIntInitFMM
                0x0000000000005410                TEE_BigIntInitFMMContext
                0x0000000000005412                TEE_BigIntFMMSizeInU32
                0x000000000000541a                TEE_BigIntFMMContextSizeInU32
                0x000000000000541e                TEE_BigIntConvertToFMM
                0x0000000000005422                TEE_BigIntConvertFromFMM
                0x0000000000005488                TEE_BigIntComputeFMM
 .text          0x0000000000005548      0x240 /home/frank/TrustSQLite/stm32mp1-openstlinux-5.10-dunfell-mp1-21-11-17/SDK/sysroots/cortexa7t2hf-neon-vfpv4-ostl-linux-gnueabi/usr/include/optee/export-user_ta/lib/libutee.a(tcb.o)
                0x0000000000005548                __utee_tcb_init
                0x00000000000056c8                __tls_get_addr
                0x00000000000056e0                dl_iterate_phdr
 .text          0x0000000000005788       0x38 /home/frank/TrustSQLite/stm32mp1-openstlinux-5.10-dunfell-mp1-21-11-17/SDK/sysroots/cortexa7t2hf-neon-vfpv4-ostl-linux-gnueabi/usr/include/optee/export-user_ta/lib/libutee.a(assert.o)
                0x0000000000005788                _assert_log
                0x00000000000057b0                _assert_break
 .text          0x00000000000057c0     0x2a20 /home/frank/TrustSQLite/stm32mp1-openstlinux-5.10-dunfell-mp1-21-11-17/SDK/sysroots/cortexa7t2hf-neon-vfpv4-ostl-linux-gnueabi/usr/include/optee/export-user_ta/lib/libmbedtls.a(bignum.o)
                0x0000000000005dc6                mbedtls_mpi_init
                0x0000000000005dd2                mbedtls_mpi_init_mempool
                0x0000000000005df8                mbedtls_mpi_free
                0x0000000000005e3c                mbedtls_mpi_grow
                0x0000000000005ed4                mbedtls_mpi_shrink
                0x0000000000005f88                mbedtls_mpi_copy
                0x0000000000005fe2                mbedtls_mpi_swap
                0x0000000000006010                mbedtls_mpi_safe_cond_assign
                0x0000000000006078                mbedtls_mpi_safe_cond_swap
                0x0000000000006102                mbedtls_mpi_lset
                0x000000000000613a                mbedtls_mpi_get_bit
                0x000000000000615c                mbedtls_mpi_set_bit
                0x00000000000061ae                mbedtls_mpi_lsb
                0x00000000000061e2                mbedtls_mpi_bitlen
                0x0000000000006218                mbedtls_mpi_size
                0x0000000000006224                mbedtls_mpi_read_binary_le
                0x0000000000006288                mbedtls_mpi_read_binary
                0x00000000000062fe                mbedtls_mpi_write_binary_le
                0x000000000000636c                mbedtls_mpi_write_binary
                0x00000000000063da                mbedtls_mpi_shift_l
                0x000000000000647c                mbedtls_mpi_shift_r
                0x00000000000064f4                mbedtls_mpi_cmp_abs
                0x0000000000006556                mbedtls_mpi_cmp_mpi
                0x00000000000065e0                mbedtls_mpi_lt_mpi_ct
                0x0000000000006688                mbedtls_mpi_cmp_int
                0x00000000000066b6                mbedtls_mpi_add_abs
                0x0000000000006768                mbedtls_mpi_sub_abs
                0x00000000000067e4                mbedtls_mpi_add_mpi
                0x000000000000682c                mbedtls_mpi_sub_mpi
                0x0000000000006876                mbedtls_mpi_add_int
                0x00000000000068a4                mbedtls_mpi_sub_int
                0x00000000000068d2                mbedtls_mpi_mul_mpi
                0x00000000000069a0                mbedtls_mpi_mul_int
                0x00000000000069bc                mbedtls_mpi_read_string
                0x0000000000006ae4                mbedtls_mpi_div_mpi
                0x0000000000006e5a                mbedtls_mpi_div_int
                0x0000000000006e88                mbedtls_mpi_mod_mpi
                0x0000000000006eec                mbedtls_mpi_mod_int
                0x0000000000006f5a                mbedtls_mpi_write_string
                0x000000000000710c                mbedtls_mpi_montg_init
                0x0000000000007134                mbedtls_mpi_montmul
                0x00000000000071fc                mbedtls_mpi_montred
                0x000000000000721e                mbedtls_mpi_exp_mod
                0x0000000000007668                mbedtls_mpi_gcd
                0x0000000000007770                mbedtls_mpi_fill_random
                0x0000000000007968                mbedtls_mpi_inv_mod
                0x0000000000007c66                mbedtls_mpi_is_prime_ext
                0x0000000000007cca                mbedtls_mpi_is_prime
                0x0000000000007cd4                mbedtls_mpi_gen_prime
                0x0000000000007ee4                mbedtls_mpi_self_test
 .text          0x00000000000081e0       0x14 /home/frank/TrustSQLite/stm32mp1-openstlinux-5.10-dunfell-mp1-21-11-17/SDK/sysroots/cortexa7t2hf-neon-vfpv4-ostl-linux-gnueabi/usr/include/optee/export-user_ta/lib/libmbedtls.a(platform_util.o)
                0x00000000000081e0                mbedtls_platform_zeroize
 .text          0x00000000000081f4      0x970 /home/frank/TrustSQLite/stm32mp1-openstlinux-5.10-dunfell-mp1-21-11-17/SDK/sysroots/cortexa7t2hf-neon-vfpv4-ostl-linux-gnueabi/usr/include/optee/export-user_ta/lib/libutils.a(bget_malloc.o)
                0x0000000000008224                bget
                0x000000000000842c                bgetz
                0x000000000000848c                brel
                0x0000000000008694                bgetr
                0x0000000000008718                bpool
                0x00000000000087b4                bstats
                0x0000000000008818                malloc_reset_stats
                0x000000000000882c                malloc_get_stats
                0x0000000000008848                malloc
                0x0000000000008878                calloc
                0x00000000000088c8                realloc
                0x00000000000088fc                memalign
                0x000000000000893c                free
                0x0000000000008950                free_wipe
                0x0000000000008964                malloc_add_pool
                0x0000000000008a30                malloc_buffer_is_within_alloced
                0x0000000000008b10                malloc_buffer_overlaps_heap
 .text          0x0000000000008b64      0x104 /home/frank/TrustSQLite/stm32mp1-openstlinux-5.10-dunfell-mp1-21-11-17/SDK/sysroots/cortexa7t2hf-neon-vfpv4-ostl-linux-gnueabi/usr/include/optee/export-user_ta/lib/libutils.a(mempool.o)
                0x0000000000008b64                mempool_alloc_pool
                0x0000000000008ba8                mempool_alloc
                0x0000000000008c14                mempool_calloc
                0x0000000000008c38                mempool_free
 .text          0x0000000000008c68        0xe ./user_ta_header.o
                0x0000000000008c68                __ta_entry_c
                0x0000000000008c72                tahead_get_trace_level
 .text          0x0000000000008c76       0x10 /home/frank/TrustSQLite/stm32mp1-openstlinux-5.10-dunfell-mp1-21-11-17/SDK/sysroots/cortexa7t2hf-neon-vfpv4-ostl-linux-gnueabi/usr/include/optee/export-user_ta/lib/libutils.a(memset.o)
                0x0000000000008c76                memset
 .text          0x0000000000008c86       0x1c /home/frank/TrustSQLite/stm32mp1-openstlinux-5.10-dunfell-mp1-21-11-17/SDK/sysroots/cortexa7t2hf-neon-vfpv4-ostl-linux-gnueabi/usr/include/optee/export-user_ta/lib/libutils.a(memchr.o)
                0x0000000000008c86                memchr
 .text          0x0000000000008ca2       0x10 /home/frank/TrustSQLite/stm32mp1-openstlinux-5.10-dunfell-mp1-21-11-17/SDK/sysroots/cortexa7t2hf-neon-vfpv4-ostl-linux-gnueabi/usr/include/optee/export-user_ta/lib/libutils.a(strlen.o)
                0x0000000000008ca2                strlen
 .text          0x0000000000008cb2      0x17c /home/frank/TrustSQLite/stm32mp1-openstlinux-5.10-dunfell-mp1-21-11-17/SDK/sysroots/cortexa7t2hf-neon-vfpv4-ostl-linux-gnueabi/usr/include/optee/export-user_ta/lib/libutils.a(arm32_aeabi_ldivmod.o)
                0x0000000000008cb2                __ul_divmod
                0x0000000000008d2e                __l_divmod
 .text          0x0000000000008e2e       0x2c /home/frank/TrustSQLite/stm32mp1-openstlinux-5.10-dunfell-mp1-21-11-17/SDK/sysroots/cortexa7t2hf-neon-vfpv4-ostl-linux-gnueabi/usr/include/optee/export-user_ta/lib/libutils.a(snprintf.o)
                0x0000000000008e2e                snprintf
                0x0000000000008e4c                vsnprintf
 .text          0x0000000000008e5a       0x34 /home/frank/TrustSQLite/stm32mp1-openstlinux-5.10-dunfell-mp1-21-11-17/SDK/sysroots/cortexa7t2hf-neon-vfpv4-ostl-linux-gnueabi/usr/include/optee/export-user_ta/lib/libutils.a(memmove.o)
                0x0000000000008e5a                memmove
 .text          0x0000000000008e8e       0x48 /home/frank/TrustSQLite/stm32mp1-openstlinux-5.10-dunfell-mp1-21-11-17/SDK/sysroots/cortexa7t2hf-neon-vfpv4-ostl-linux-gnueabi/usr/include/optee/export-user_ta/lib/libutils.a(consttime_memcmp.o)
                0x0000000000008e8e                consttime_memcmp
 .text          0x0000000000008ed6        0x0 ./ta_entry_a32.o
 .text          0x0000000000008ed6        0x0 /home/frank/TrustSQLite/stm32mp1-openstlinux-5.10-dunfell-mp1-21-11-17/SDK/sysroots/cortexa7t2hf-neon-vfpv4-ostl-linux-gnueabi/usr/include/optee/export-user_ta/lib/libutils.a(arm32_aeabi_ldivmod_a32.o)
 .text          0x0000000000008ed6        0x0 /home/frank/TrustSQLite/stm32mp1-openstlinux-5.10-dunfell-mp1-21-11-17/SDK/sysroots/cortexa7t2hf-neon-vfpv4-ostl-linux-gnueabi/usr/include/optee/export-user_ta/lib/libutee.a(abort.o)
 *fill*         0x0000000000008ed6        0x2 
 .text.__stub   0x0000000000008ed8       0x40 linker stubs
 *(SORT_BY_ALIGNMENT(.stub))
 *(SORT_BY_ALIGNMENT(.glue_7))
 .glue_7        0x0000000000008f18        0x0 linker stubs
 *(SORT_BY_ALIGNMENT(.glue_7t))
 .glue_7t       0x0000000000008f18        0x0 linker stubs
 *(SORT_BY_ALIGNMENT(.gnu.linkonce.t.*))
 *(SORT_BY_ALIGNMENT(.vfp11_veneer))
 .vfp11_veneer  0x0000000000008f18        0x0 linker stubs
                0x0000000000008f18                __text_end = .

.v4_bx          0x0000000000008f18        0x0
 .v4_bx         0x0000000000008f18        0x0 linker stubs

.iplt           0x0000000000008f18        0x0
 .iplt          0x0000000000008f18        0x0 ./my_test_ta.o

.plt            0x0000000000008f18        0x0
 *(SORT_BY_ALIGNMENT(.plt))
 .plt           0x0000000000008f18        0x0 ./my_test_ta.o

.eh_frame_hdr
 *(SORT_BY_ALIGNMENT(.eh_frame_hdr))
 *(SORT_BY_ALIGNMENT(.eh_frame_entry) SORT_BY_ALIGNMENT(.eh_frame_entry.*))

.eh_frame
 *(SORT_BY_ALIGNMENT(.eh_frame))
 *(SORT_BY_ALIGNMENT(.eh_frame.*))

.gcc_except_table
 *(SORT_BY_ALIGNMENT(.gcc_except_table) SORT_BY_ALIGNMENT(.gcc_except_table.*))

.rodata         0x0000000000008f18     0x122e
 *(SORT_BY_ALIGNMENT(.gnu.linkonce.r.*))
 *(SORT_BY_ALIGNMENT(.rodata) SORT_BY_ALIGNMENT(.rodata.*))
 .rodata.user_ta_header.c
                0x0000000000008f18       0x1b ./user_ta_header.o
                0x0000000000008f18                ta_num_props
                0x0000000000008f2c                ta_heap_size
                0x0000000000008f30                trace_ext_prefix
 *fill*         0x0000000000008f33        0x1 
 .rodata.lib/libutee/tee_system_pta.c
                0x0000000000008f34       0x1a /home/frank/TrustSQLite/stm32mp1-openstlinux-5.10-dunfell-mp1-21-11-17/SDK/sysroots/cortexa7t2hf-neon-vfpv4-ostl-linux-gnueabi/usr/include/optee/export-user_ta/lib/libutee.a(tee_system_pta.o)
 *fill*         0x0000000000008f4e        0x2 
 .rodata.lib/libmbedtls/mbedtls/library/bignum.c
                0x0000000000008f50      0x2c4 /home/frank/TrustSQLite/stm32mp1-openstlinux-5.10-dunfell-mp1-21-11-17/SDK/sysroots/cortexa7t2hf-neon-vfpv4-ostl-linux-gnueabi/usr/include/optee/export-user_ta/lib/libmbedtls.a(bignum.o)
 .rodata.str1.1.my_test_ta.c
                0x0000000000009214      0x1bb ./my_test_ta.o
                                        0x1d0 (size before relaxing)
 .rodata.my_test_ta.c
                0x00000000000093cf       0x83 ./my_test_ta.o
 .rodata.str1.1.user_ta_header.c
                0x0000000000009452      0x120 ./user_ta_header.o
 .rodata.str1.1.lib/libutils/ext/trace.c
                0x0000000000009572       0x1a /home/frank/TrustSQLite/stm32mp1-openstlinux-5.10-dunfell-mp1-21-11-17/SDK/sysroots/cortexa7t2hf-neon-vfpv4-ostl-linux-gnueabi/usr/include/optee/export-user_ta/lib/libutils.a(trace.o)
                                         0x1b (size before relaxing)
 .rodata.lib/libutils/ext/trace.c
                0x000000000000958c        0x5 /home/frank/TrustSQLite/stm32mp1-openstlinux-5.10-dunfell-mp1-21-11-17/SDK/sysroots/cortexa7t2hf-neon-vfpv4-ostl-linux-gnueabi/usr/include/optee/export-user_ta/lib/libutils.a(trace.o)
 .rodata.str1.1.lib/libutils/ext/snprintk.c
                0x0000000000009591       0x38 /home/frank/TrustSQLite/stm32mp1-openstlinux-5.10-dunfell-mp1-21-11-17/SDK/sysroots/cortexa7t2hf-neon-vfpv4-ostl-linux-gnueabi/usr/include/optee/export-user_ta/lib/libutils.a(snprintk.o)
 .rodata.lib/libutils/ext/snprintk.c
                0x00000000000095c9       0x22 /home/frank/TrustSQLite/stm32mp1-openstlinux-5.10-dunfell-mp1-21-11-17/SDK/sysroots/cortexa7t2hf-neon-vfpv4-ostl-linux-gnueabi/usr/include/optee/export-user_ta/lib/libutils.a(snprintk.o)
 .rodata.str1.1.lib/libutee/trace_ext.c
                0x00000000000095eb       0x38 /home/frank/TrustSQLite/stm32mp1-openstlinux-5.10-dunfell-mp1-21-11-17/SDK/sysroots/cortexa7t2hf-neon-vfpv4-ostl-linux-gnueabi/usr/include/optee/export-user_ta/lib/libutee.a(trace_ext.o)
                                          0x2 (size before relaxing)
 .rodata.str1.1.lib/libutee/tee_api.c
                0x00000000000095eb       0x11 /home/frank/TrustSQLite/stm32mp1-openstlinux-5.10-dunfell-mp1-21-11-17/SDK/sysroots/cortexa7t2hf-neon-vfpv4-ostl-linux-gnueabi/usr/include/optee/export-user_ta/lib/libutee.a(tee_api.o)
 .rodata.lib/libutee/tee_api.c
                0x00000000000095fc        0xb /home/frank/TrustSQLite/stm32mp1-openstlinux-5.10-dunfell-mp1-21-11-17/SDK/sysroots/cortexa7t2hf-neon-vfpv4-ostl-linux-gnueabi/usr/include/optee/export-user_ta/lib/libutee.a(tee_api.o)
 .rodata.str1.1.lib/libutee/tee_system_pta.c
                0x0000000000009607       0x2a /home/frank/TrustSQLite/stm32mp1-openstlinux-5.10-dunfell-mp1-21-11-17/SDK/sysroots/cortexa7t2hf-neon-vfpv4-ostl-linux-gnueabi/usr/include/optee/export-user_ta/lib/libutee.a(tee_system_pta.o)
 .rodata.str1.1.lib/libutee/arch/arm/user_ta_entry.c
                0x0000000000009631       0x19 /home/frank/TrustSQLite/stm32mp1-openstlinux-5.10-dunfell-mp1-21-11-17/SDK/sysroots/cortexa7t2hf-neon-vfpv4-ostl-linux-gnueabi/usr/include/optee/export-user_ta/lib/libutee.a(user_ta_entry.o)
 .rodata.lib/libutee/arch/arm/user_ta_entry.c
                0x000000000000964a       0x16 /home/frank/TrustSQLite/stm32mp1-openstlinux-5.10-dunfell-mp1-21-11-17/SDK/sysroots/cortexa7t2hf-neon-vfpv4-ostl-linux-gnueabi/usr/include/optee/export-user_ta/lib/libutee.a(user_ta_entry.o)
 .rodata.str1.1.lib/libutee/abort.c
                0x0000000000009660        0x7 /home/frank/TrustSQLite/stm32mp1-openstlinux-5.10-dunfell-mp1-21-11-17/SDK/sysroots/cortexa7t2hf-neon-vfpv4-ostl-linux-gnueabi/usr/include/optee/export-user_ta/lib/libutee.a(abort.o)
 .rodata.str1.1.lib/libutee/tee_api_arith_mpi.c
                0x0000000000009667       0xb7 /home/frank/TrustSQLite/stm32mp1-openstlinux-5.10-dunfell-mp1-21-11-17/SDK/sysroots/cortexa7t2hf-neon-vfpv4-ostl-linux-gnueabi/usr/include/optee/export-user_ta/lib/libutee.a(tee_api_arith_mpi.o)
 .rodata.lib/libutee/tee_api_arith_mpi.c
                0x000000000000971e      0x13d /home/frank/TrustSQLite/stm32mp1-openstlinux-5.10-dunfell-mp1-21-11-17/SDK/sysroots/cortexa7t2hf-neon-vfpv4-ostl-linux-gnueabi/usr/include/optee/export-user_ta/lib/libutee.a(tee_api_arith_mpi.o)
 .rodata.str1.1.lib/libutee/arch/arm/tcb.c
                0x000000000000985b       0x96 /home/frank/TrustSQLite/stm32mp1-openstlinux-5.10-dunfell-mp1-21-11-17/SDK/sysroots/cortexa7t2hf-neon-vfpv4-ostl-linux-gnueabi/usr/include/optee/export-user_ta/lib/libutee.a(tcb.o)
 .rodata.lib/libutee/arch/arm/tcb.c
                0x00000000000098f1       0x20 /home/frank/TrustSQLite/stm32mp1-openstlinux-5.10-dunfell-mp1-21-11-17/SDK/sysroots/cortexa7t2hf-neon-vfpv4-ostl-linux-gnueabi/usr/include/optee/export-user_ta/lib/libutee.a(tcb.o)
 .rodata.str1.1.lib/libutee/assert.c
                0x0000000000009911       0x27 /home/frank/TrustSQLite/stm32mp1-openstlinux-5.10-dunfell-mp1-21-11-17/SDK/sysroots/cortexa7t2hf-neon-vfpv4-ostl-linux-gnueabi/usr/include/optee/export-user_ta/lib/libutee.a(assert.o)
 .rodata.str1.1.lib/libmbedtls/mbedtls/library/bignum.c
                0x0000000000009938      0x456 /home/frank/TrustSQLite/stm32mp1-openstlinux-5.10-dunfell-mp1-21-11-17/SDK/sysroots/cortexa7t2hf-neon-vfpv4-ostl-linux-gnueabi/usr/include/optee/export-user_ta/lib/libmbedtls.a(bignum.o)
                                        0x45d (size before relaxing)
 .rodata.str1.1.lib/libutils/isoc/bget_malloc.c
                0x0000000000009d8e      0x2c5 /home/frank/TrustSQLite/stm32mp1-openstlinux-5.10-dunfell-mp1-21-11-17/SDK/sysroots/cortexa7t2hf-neon-vfpv4-ostl-linux-gnueabi/usr/include/optee/export-user_ta/lib/libutils.a(bget_malloc.o)
                                        0x2ce (size before relaxing)
 .rodata.lib/libutils/isoc/bget_malloc.c
                0x000000000000a053       0x58 /home/frank/TrustSQLite/stm32mp1-openstlinux-5.10-dunfell-mp1-21-11-17/SDK/sysroots/cortexa7t2hf-neon-vfpv4-ostl-linux-gnueabi/usr/include/optee/export-user_ta/lib/libutils.a(bget_malloc.o)
 .rodata.str1.1.lib/libutils/ext/mempool.c
                0x000000000000a0ab       0x7a /home/frank/TrustSQLite/stm32mp1-openstlinux-5.10-dunfell-mp1-21-11-17/SDK/sysroots/cortexa7t2hf-neon-vfpv4-ostl-linux-gnueabi/usr/include/optee/export-user_ta/lib/libutils.a(mempool.o)
 .rodata.lib/libutils/ext/mempool.c
                0x000000000000a125       0x21 /home/frank/TrustSQLite/stm32mp1-openstlinux-5.10-dunfell-mp1-21-11-17/SDK/sysroots/cortexa7t2hf-neon-vfpv4-ostl-linux-gnueabi/usr/include/optee/export-user_ta/lib/libutils.a(mempool.o)

.gnu.version_d  0x000000000000a148        0x0
 .gnu.version_d
                0x000000000000a148        0x0 ./my_test_ta.o

.gnu.version    0x000000000000a146        0x0
 .gnu.version   0x000000000000a146        0x0 ./my_test_ta.o

.gnu.version_r  0x000000000000a148        0x0
 .gnu.version_r
                0x000000000000a148        0x0 ./my_test_ta.o

.gnu.hash       0x000000000000a148       0x2c
 .gnu.hash      0x000000000000a148       0x2c ./my_test_ta.o

.ARM.extab
 *(SORT_BY_ALIGNMENT(.ARM.extab*) SORT_BY_ALIGNMENT(.gnu.linkonce.armextab.*))
                [!provide]                        PROVIDE (__exidx_start = .)

.ARM.exidx
 *(SORT_BY_ALIGNMENT(.ARM.exidx*) SORT_BY_ALIGNMENT(.gnu.linkonce.armexidx.*))
                [!provide]                        PROVIDE (__exidx_end = .)

.ctors
 *(SORT_BY_ALIGNMENT(.ctors))

.dtors
 *(SORT_BY_ALIGNMENT(.dtors))

.dynsym         0x000000000000a174       0x60
 *(SORT_BY_ALIGNMENT(.dynsym))
 .dynsym        0x000000000000a174       0x60 ./my_test_ta.o

.dynstr         0x000000000000a1d4       0x2e
 *(SORT_BY_ALIGNMENT(.dynstr))
 .dynstr        0x000000000000a1d4       0x2e ./my_test_ta.o

.hash           0x000000000000a204       0x2c
 *(SORT_BY_ALIGNMENT(.hash))
 .hash          0x000000000000a204       0x2c ./my_test_ta.o
                0x000000000000b000                . = ALIGN (0x1000)

.dynamic        0x000000000000b000       0x88
 *(SORT_BY_ALIGNMENT(.dynamic))
 .dynamic       0x000000000000b000       0x88 ./my_test_ta.o
                0x000000000000b000                _DYNAMIC

.tdata
 *(SORT_BY_ALIGNMENT(.tdata) SORT_BY_ALIGNMENT(.tdata.*) SORT_BY_ALIGNMENT(.gnu.linkonce.td.*))

.tbss
 *(SORT_BY_ALIGNMENT(.tbss) SORT_BY_ALIGNMENT(.tbss.*) SORT_BY_ALIGNMENT(.gnu.linkonce.tb.*))
 *(SORT_BY_ALIGNMENT(.tcommon))

.got            0x000000000000b088       0x48
 *(SORT_BY_ALIGNMENT(.got.plt))
 .got.plt       0x000000000000b088        0xc ./my_test_ta.o
                0x000000000000b088                _GLOBAL_OFFSET_TABLE_
 *(SORT_BY_ALIGNMENT(.got))
 .got           0x000000000000b094       0x3c ./my_test_ta.o

.rel.text
 *(SORT_BY_ALIGNMENT(.rel.text))
 *(SORT_BY_ALIGNMENT(.rel.gnu.linkonce.t*))

.rela.text
 *(SORT_BY_ALIGNMENT(.rela.text))
 *(SORT_BY_ALIGNMENT(.rela.gnu.linkonce.t*))

.rel.data
 *(SORT_BY_ALIGNMENT(.rel.data))
 *(SORT_BY_ALIGNMENT(.rel.gnu.linkonce.d*))

.rela.data
 *(SORT_BY_ALIGNMENT(.rela.data))
 *(SORT_BY_ALIGNMENT(.rela.gnu.linkonce.d*))

.rel.tdata
 *(SORT_BY_ALIGNMENT(.rel.tdata) SORT_BY_ALIGNMENT(.rel.tdata.*) SORT_BY_ALIGNMENT(.rel.gnu.linkonce.td.*))

.rela.tdata
 *(SORT_BY_ALIGNMENT(.rela.tdata) SORT_BY_ALIGNMENT(.rela.tdata.*) SORT_BY_ALIGNMENT(.rela.gnu.linkonce.td.*))

.rel.tbss
 *(SORT_BY_ALIGNMENT(.rel.tbss) SORT_BY_ALIGNMENT(.rel.tbss.*) SORT_BY_ALIGNMENT(.rel.gnu.linkonce.tb.*))

.rela.tbss
 *(SORT_BY_ALIGNMENT(.rela.tbss) SORT_BY_ALIGNMENT(.rela.tbss.*) SORT_BY_ALIGNMENT(.rela.gnu.linkonce.tb.*))

.rel.rodata
 *(SORT_BY_ALIGNMENT(.rel.rodata))
 *(SORT_BY_ALIGNMENT(.rel.gnu.linkonce.r*))

.rela.rodata
 *(SORT_BY_ALIGNMENT(.rela.rodata))
 *(SORT_BY_ALIGNMENT(.rela.gnu.linkonce.r*))

.rel.dyn        0x000000000000b0d0       0xb8
 *(SORT_BY_ALIGNMENT(.rel.dyn))
 .rel.data.rel.ro
                0x000000000000b0d0        0x0 ./my_test_ta.o
 .rel.iplt      0x000000000000b0d0        0x0 ./my_test_ta.o
 .rel.data.rel.ro.local
                0x000000000000b0d0       0x90 ./my_test_ta.o
 .rel.data.rel.local
                0x000000000000b160       0x20 ./my_test_ta.o
 .rel.data.rel  0x000000000000b180        0x8 ./my_test_ta.o

.rel.got        0x000000000000b188       0x78
 *(SORT_BY_ALIGNMENT(.rel.got))
 .rel.got       0x000000000000b188       0x78 ./my_test_ta.o

.rela.got
 *(SORT_BY_ALIGNMENT(.rela.got))

.rel.ctors
 *(SORT_BY_ALIGNMENT(.rel.ctors))

.rela.ctors
 *(SORT_BY_ALIGNMENT(.rela.ctors))

.rel.dtors
 *(SORT_BY_ALIGNMENT(.rel.dtors))

.rela.dtors
 *(SORT_BY_ALIGNMENT(.rela.dtors))

.rel.init
 *(SORT_BY_ALIGNMENT(.rel.init))

.rela.init
 *(SORT_BY_ALIGNMENT(.rela.init))

.rel.fini
 *(SORT_BY_ALIGNMENT(.rel.fini))

.rela.fini
 *(SORT_BY_ALIGNMENT(.rela.fini))

.rel.bss        0x000000000000b200        0x0
 *(SORT_BY_ALIGNMENT(.rel.bss))
 .rel.bss       0x000000000000b200        0x0 ./my_test_ta.o

.rela.bss
 *(SORT_BY_ALIGNMENT(.rela.bss))

.rel.plt        0x000000000000b200        0x0
 *(SORT_BY_ALIGNMENT(.rel.plt))
 .rel.plt       0x000000000000b200        0x0 ./my_test_ta.o

.rela.plt
 *(SORT_BY_ALIGNMENT(.rela.plt))

.data           0x000000000000b200       0xe0
 *(SORT_BY_ALIGNMENT(.data) SORT_BY_ALIGNMENT(.data.*) SORT_BY_ALIGNMENT(.gnu.linkonce.d.*))
 .data          0x000000000000b200        0x4 ./user_ta_header.o
                0x000000000000b200                trace_level
 .data.rel.ro.local
                0x000000000000b204       0x6c ./user_ta_header.o
                0x000000000000b204                ta_props
 .data.rel.local
                0x000000000000b270       0x10 /home/frank/TrustSQLite/stm32mp1-openstlinux-5.10-dunfell-mp1-21-11-17/SDK/sysroots/cortexa7t2hf-neon-vfpv4-ostl-linux-gnueabi/usr/include/optee/export-user_ta/lib/libutee.a(user_ta_entry.o)
 .data.rel      0x000000000000b280        0x4 /home/frank/TrustSQLite/stm32mp1-openstlinux-5.10-dunfell-mp1-21-11-17/SDK/sysroots/cortexa7t2hf-neon-vfpv4-ostl-linux-gnueabi/usr/include/optee/export-user_ta/lib/libmbedtls.a(platform_util.o)
 .data.rel.local
                0x000000000000b284       0x5c /home/frank/TrustSQLite/stm32mp1-openstlinux-5.10-dunfell-mp1-21-11-17/SDK/sysroots/cortexa7t2hf-neon-vfpv4-ostl-linux-gnueabi/usr/include/optee/export-user_ta/lib/libutils.a(bget_malloc.o)
 .data          0x000000000000b2e0        0x0 ./my_test_ta.o
 .data.rel.ro   0x000000000000b2e0        0x0 ./my_test_ta.o
 .data          0x000000000000b2e0        0x0 ./ta_entry_a32.o
 .data          0x000000000000b2e0        0x0 /home/frank/TrustSQLite/stm32mp1-openstlinux-5.10-dunfell-mp1-21-11-17/SDK/sysroots/cortexa7t2hf-neon-vfpv4-ostl-linux-gnueabi/usr/include/optee/export-user_ta/lib/libutils.a(memcpy.o)
 .data          0x000000000000b2e0        0x0 /home/frank/TrustSQLite/stm32mp1-openstlinux-5.10-dunfell-mp1-21-11-17/SDK/sysroots/cortexa7t2hf-neon-vfpv4-ostl-linux-gnueabi/usr/include/optee/export-user_ta/lib/libutils.a(memset.o)
 .data          0x000000000000b2e0        0x0 /home/frank/TrustSQLite/stm32mp1-openstlinux-5.10-dunfell-mp1-21-11-17/SDK/sysroots/cortexa7t2hf-neon-vfpv4-ostl-linux-gnueabi/usr/include/optee/export-user_ta/lib/libutils.a(trace.o)
 .data          0x000000000000b2e0        0x0 /home/frank/TrustSQLite/stm32mp1-openstlinux-5.10-dunfell-mp1-21-11-17/SDK/sysroots/cortexa7t2hf-neon-vfpv4-ostl-linux-gnueabi/usr/include/optee/export-user_ta/lib/libutils.a(snprintk.o)
 .data          0x000000000000b2e0        0x0 /home/frank/TrustSQLite/stm32mp1-openstlinux-5.10-dunfell-mp1-21-11-17/SDK/sysroots/cortexa7t2hf-neon-vfpv4-ostl-linux-gnueabi/usr/include/optee/export-user_ta/lib/libutils.a(memchr.o)
 .data          0x000000000000b2e0        0x0 /home/frank/TrustSQLite/stm32mp1-openstlinux-5.10-dunfell-mp1-21-11-17/SDK/sysroots/cortexa7t2hf-neon-vfpv4-ostl-linux-gnueabi/usr/include/optee/export-user_ta/lib/libutils.a(strlen.o)
 .data          0x000000000000b2e0        0x0 /home/frank/TrustSQLite/stm32mp1-openstlinux-5.10-dunfell-mp1-21-11-17/SDK/sysroots/cortexa7t2hf-neon-vfpv4-ostl-linux-gnueabi/usr/include/optee/export-user_ta/lib/libutils.a(arm32_aeabi_ldivmod_a32.o)
 .data          0x000000000000b2e0        0x0 /home/frank/TrustSQLite/stm32mp1-openstlinux-5.10-dunfell-mp1-21-11-17/SDK/sysroots/cortexa7t2hf-neon-vfpv4-ostl-linux-gnueabi/usr/include/optee/export-user_ta/lib/libutils.a(arm32_aeabi_ldivmod.o)
 .data          0x000000000000b2e0        0x0 /home/frank/TrustSQLite/stm32mp1-openstlinux-5.10-dunfell-mp1-21-11-17/SDK/sysroots/cortexa7t2hf-neon-vfpv4-ostl-linux-gnueabi/usr/include/optee/export-user_ta/lib/libutee.a(trace_ext.o)
 .data          0x000000000000b2e0        0x0 /home/frank/TrustSQLite/stm32mp1-openstlinux-5.10-dunfell-mp1-21-11-17/SDK/sysroots/cortexa7t2hf-neon-vfpv4-ostl-linux-gnueabi/usr/include/optee/export-user_ta/lib/libutee.a(tee_api.o)
 .data          0x000000000000b2e0        0x0 /home/frank/TrustSQLite/stm32mp1-openstlinux-5.10-dunfell-mp1-21-11-17/SDK/sysroots/cortexa7t2hf-neon-vfpv4-ostl-linux-gnueabi/usr/include/optee/export-user_ta/lib/libutee.a(tee_api_objects.o)
 .data          0x000000000000b2e0        0x0 /home/frank/TrustSQLite/stm32mp1-openstlinux-5.10-dunfell-mp1-21-11-17/SDK/sysroots/cortexa7t2hf-neon-vfpv4-ostl-linux-gnueabi/usr/include/optee/export-user_ta/lib/libutee.a(tee_api_operations.o)
 .data          0x000000000000b2e0        0x0 /home/frank/TrustSQLite/stm32mp1-openstlinux-5.10-dunfell-mp1-21-11-17/SDK/sysroots/cortexa7t2hf-neon-vfpv4-ostl-linux-gnueabi/usr/include/optee/export-user_ta/lib/libutee.a(tee_api_panic.o)
 .data          0x000000000000b2e0        0x0 /home/frank/TrustSQLite/stm32mp1-openstlinux-5.10-dunfell-mp1-21-11-17/SDK/sysroots/cortexa7t2hf-neon-vfpv4-ostl-linux-gnueabi/usr/include/optee/export-user_ta/lib/libutee.a(tee_system_pta.o)
 .data          0x000000000000b2e0        0x0 /home/frank/TrustSQLite/stm32mp1-openstlinux-5.10-dunfell-mp1-21-11-17/SDK/sysroots/cortexa7t2hf-neon-vfpv4-ostl-linux-gnueabi/usr/include/optee/export-user_ta/lib/libutee.a(utee_syscalls_a32.o)
 .data          0x000000000000b2e0        0x0 /home/frank/TrustSQLite/stm32mp1-openstlinux-5.10-dunfell-mp1-21-11-17/SDK/sysroots/cortexa7t2hf-neon-vfpv4-ostl-linux-gnueabi/usr/include/optee/export-user_ta/lib/libutee.a(user_ta_entry.o)
 .data          0x000000000000b2e0        0x0 /home/frank/TrustSQLite/stm32mp1-openstlinux-5.10-dunfell-mp1-21-11-17/SDK/sysroots/cortexa7t2hf-neon-vfpv4-ostl-linux-gnueabi/usr/include/optee/export-user_ta/lib/libutee.a(abort.o)
 .data          0x000000000000b2e0        0x0 /home/frank/TrustSQLite/stm32mp1-openstlinux-5.10-dunfell-mp1-21-11-17/SDK/sysroots/cortexa7t2hf-neon-vfpv4-ostl-linux-gnueabi/usr/include/optee/export-user_ta/lib/libutee.a(tee_api_arith_mpi.o)
 .data          0x000000000000b2e0        0x0 /home/frank/TrustSQLite/stm32mp1-openstlinux-5.10-dunfell-mp1-21-11-17/SDK/sysroots/cortexa7t2hf-neon-vfpv4-ostl-linux-gnueabi/usr/include/optee/export-user_ta/lib/libutee.a(tcb.o)
 .data          0x000000000000b2e0        0x0 /home/frank/TrustSQLite/stm32mp1-openstlinux-5.10-dunfell-mp1-21-11-17/SDK/sysroots/cortexa7t2hf-neon-vfpv4-ostl-linux-gnueabi/usr/include/optee/export-user_ta/lib/libutee.a(assert.o)
 .data          0x000000000000b2e0        0x0 /home/frank/TrustSQLite/stm32mp1-openstlinux-5.10-dunfell-mp1-21-11-17/SDK/sysroots/cortexa7t2hf-neon-vfpv4-ostl-linux-gnueabi/usr/include/optee/export-user_ta/lib/libmbedtls.a(bignum.o)
 .data          0x000000000000b2e0        0x0 /home/frank/TrustSQLite/stm32mp1-openstlinux-5.10-dunfell-mp1-21-11-17/SDK/sysroots/cortexa7t2hf-neon-vfpv4-ostl-linux-gnueabi/usr/include/optee/export-user_ta/lib/libmbedtls.a(platform_util.o)
 .data          0x000000000000b2e0        0x0 /home/frank/TrustSQLite/stm32mp1-openstlinux-5.10-dunfell-mp1-21-11-17/SDK/sysroots/cortexa7t2hf-neon-vfpv4-ostl-linux-gnueabi/usr/include/optee/export-user_ta/lib/libutils.a(bget_malloc.o)
 .data          0x000000000000b2e0        0x0 /home/frank/TrustSQLite/stm32mp1-openstlinux-5.10-dunfell-mp1-21-11-17/SDK/sysroots/cortexa7t2hf-neon-vfpv4-ostl-linux-gnueabi/usr/include/optee/export-user_ta/lib/libutils.a(snprintf.o)
 .data          0x000000000000b2e0        0x0 /home/frank/TrustSQLite/stm32mp1-openstlinux-5.10-dunfell-mp1-21-11-17/SDK/sysroots/cortexa7t2hf-neon-vfpv4-ostl-linux-gnueabi/usr/include/optee/export-user_ta/lib/libutils.a(memmove.o)
 .data          0x000000000000b2e0        0x0 /home/frank/TrustSQLite/stm32mp1-openstlinux-5.10-dunfell-mp1-21-11-17/SDK/sysroots/cortexa7t2hf-neon-vfpv4-ostl-linux-gnueabi/usr/include/optee/export-user_ta/lib/libutils.a(mempool.o)
 .data          0x000000000000b2e0        0x0 /home/frank/TrustSQLite/stm32mp1-openstlinux-5.10-dunfell-mp1-21-11-17/SDK/sysroots/cortexa7t2hf-neon-vfpv4-ostl-linux-gnueabi/usr/include/optee/export-user_ta/lib/libutils.a(consttime_memcmp.o)

.igot.plt       0x000000000000b2e0        0x0
 .igot.plt      0x000000000000b2e0        0x0 ./my_test_ta.o

.bss            0x000000000000b2e0     0xb050
 *(SORT_BY_ALIGNMENT(.bss) SORT_BY_ALIGNMENT(.bss.*) SORT_BY_ALIGNMENT(.gnu.linkonce.b.*) SORT_BY_ALIGNMENT(COMMON))
 .bss           0x000000000000b2e0        0x4 /home/frank/TrustSQLite/stm32mp1-openstlinux-5.10-dunfell-mp1-21-11-17/SDK/sysroots/cortexa7t2hf-neon-vfpv4-ostl-linux-gnueabi/usr/include/optee/export-user_ta/lib/libutee.a(tee_api.o)
 .bss           0x000000000000b2e4        0x4 /home/frank/TrustSQLite/stm32mp1-openstlinux-5.10-dunfell-mp1-21-11-17/SDK/sysroots/cortexa7t2hf-neon-vfpv4-ostl-linux-gnueabi/usr/include/optee/export-user_ta/lib/libutee.a(tee_system_pta.o)
 .bss           0x000000000000b2e8       0x38 /home/frank/TrustSQLite/stm32mp1-openstlinux-5.10-dunfell-mp1-21-11-17/SDK/sysroots/cortexa7t2hf-neon-vfpv4-ostl-linux-gnueabi/usr/include/optee/export-user_ta/lib/libutee.a(user_ta_entry.o)
                0x000000000000b2f0                __elf_phdr_info
                0x000000000000b2fc                ta_params
                0x000000000000b31c                ta_param_types
 .bss           0x000000000000b320     0x3000 /home/frank/TrustSQLite/stm32mp1-openstlinux-5.10-dunfell-mp1-21-11-17/SDK/sysroots/cortexa7t2hf-neon-vfpv4-ostl-linux-gnueabi/usr/include/optee/export-user_ta/lib/libutee.a(tee_api_arith_mpi.o)
 .bss           0x000000000000e320        0x8 /home/frank/TrustSQLite/stm32mp1-openstlinux-5.10-dunfell-mp1-21-11-17/SDK/sysroots/cortexa7t2hf-neon-vfpv4-ostl-linux-gnueabi/usr/include/optee/export-user_ta/lib/libutee.a(tcb.o)
 .bss           0x000000000000e328        0x4 /home/frank/TrustSQLite/stm32mp1-openstlinux-5.10-dunfell-mp1-21-11-17/SDK/sysroots/cortexa7t2hf-neon-vfpv4-ostl-linux-gnueabi/usr/include/optee/export-user_ta/lib/libmbedtls.a(bignum.o)
                0x000000000000e328                mbedtls_mpi_mempool
 .bss           0x000000000000e32c        0x0 ./my_test_ta.o
 .bss           0x000000000000e32c     0x8000 ./user_ta_header.o
                0x000000000000e32c                ta_heap
 .bss           0x000000000001632c        0x0 ./ta_entry_a32.o
 .bss           0x000000000001632c        0x0 /home/frank/TrustSQLite/stm32mp1-openstlinux-5.10-dunfell-mp1-21-11-17/SDK/sysroots/cortexa7t2hf-neon-vfpv4-ostl-linux-gnueabi/usr/include/optee/export-user_ta/lib/libutils.a(memcpy.o)
 .bss           0x000000000001632c        0x0 /home/frank/TrustSQLite/stm32mp1-openstlinux-5.10-dunfell-mp1-21-11-17/SDK/sysroots/cortexa7t2hf-neon-vfpv4-ostl-linux-gnueabi/usr/include/optee/export-user_ta/lib/libutils.a(memset.o)
 .bss           0x000000000001632c        0x0 /home/frank/TrustSQLite/stm32mp1-openstlinux-5.10-dunfell-mp1-21-11-17/SDK/sysroots/cortexa7t2hf-neon-vfpv4-ostl-linux-gnueabi/usr/include/optee/export-user_ta/lib/libutils.a(trace.o)
 .bss           0x000000000001632c        0x0 /home/frank/TrustSQLite/stm32mp1-openstlinux-5.10-dunfell-mp1-21-11-17/SDK/sysroots/cortexa7t2hf-neon-vfpv4-ostl-linux-gnueabi/usr/include/optee/export-user_ta/lib/libutils.a(snprintk.o)
 .bss           0x000000000001632c        0x0 /home/frank/TrustSQLite/stm32mp1-openstlinux-5.10-dunfell-mp1-21-11-17/SDK/sysroots/cortexa7t2hf-neon-vfpv4-ostl-linux-gnueabi/usr/include/optee/export-user_ta/lib/libutils.a(memchr.o)
 .bss           0x000000000001632c        0x0 /home/frank/TrustSQLite/stm32mp1-openstlinux-5.10-dunfell-mp1-21-11-17/SDK/sysroots/cortexa7t2hf-neon-vfpv4-ostl-linux-gnueabi/usr/include/optee/export-user_ta/lib/libutils.a(strlen.o)
 .bss           0x000000000001632c        0x0 /home/frank/TrustSQLite/stm32mp1-openstlinux-5.10-dunfell-mp1-21-11-17/SDK/sysroots/cortexa7t2hf-neon-vfpv4-ostl-linux-gnueabi/usr/include/optee/export-user_ta/lib/libutils.a(arm32_aeabi_ldivmod_a32.o)
 .bss           0x000000000001632c        0x0 /home/frank/TrustSQLite/stm32mp1-openstlinux-5.10-dunfell-mp1-21-11-17/SDK/sysroots/cortexa7t2hf-neon-vfpv4-ostl-linux-gnueabi/usr/include/optee/export-user_ta/lib/libutils.a(arm32_aeabi_ldivmod.o)
 .bss           0x000000000001632c        0x0 /home/frank/TrustSQLite/stm32mp1-openstlinux-5.10-dunfell-mp1-21-11-17/SDK/sysroots/cortexa7t2hf-neon-vfpv4-ostl-linux-gnueabi/usr/include/optee/export-user_ta/lib/libutee.a(trace_ext.o)
 .bss           0x000000000001632c        0x0 /home/frank/TrustSQLite/stm32mp1-openstlinux-5.10-dunfell-mp1-21-11-17/SDK/sysroots/cortexa7t2hf-neon-vfpv4-ostl-linux-gnueabi/usr/include/optee/export-user_ta/lib/libutee.a(tee_api_objects.o)
 .bss           0x000000000001632c        0x0 /home/frank/TrustSQLite/stm32mp1-openstlinux-5.10-dunfell-mp1-21-11-17/SDK/sysroots/cortexa7t2hf-neon-vfpv4-ostl-linux-gnueabi/usr/include/optee/export-user_ta/lib/libutee.a(tee_api_operations.o)
 .bss           0x000000000001632c        0x0 /home/frank/TrustSQLite/stm32mp1-openstlinux-5.10-dunfell-mp1-21-11-17/SDK/sysroots/cortexa7t2hf-neon-vfpv4-ostl-linux-gnueabi/usr/include/optee/export-user_ta/lib/libutee.a(tee_api_panic.o)
 .bss           0x000000000001632c        0x0 /home/frank/TrustSQLite/stm32mp1-openstlinux-5.10-dunfell-mp1-21-11-17/SDK/sysroots/cortexa7t2hf-neon-vfpv4-ostl-linux-gnueabi/usr/include/optee/export-user_ta/lib/libutee.a(utee_syscalls_a32.o)
 .bss           0x000000000001632c        0x0 /home/frank/TrustSQLite/stm32mp1-openstlinux-5.10-dunfell-mp1-21-11-17/SDK/sysroots/cortexa7t2hf-neon-vfpv4-ostl-linux-gnueabi/usr/include/optee/export-user_ta/lib/libutee.a(abort.o)
 .bss           0x000000000001632c        0x0 /home/frank/TrustSQLite/stm32mp1-openstlinux-5.10-dunfell-mp1-21-11-17/SDK/sysroots/cortexa7t2hf-neon-vfpv4-ostl-linux-gnueabi/usr/include/optee/export-user_ta/lib/libutee.a(assert.o)
 .bss           0x000000000001632c        0x0 /home/frank/TrustSQLite/stm32mp1-openstlinux-5.10-dunfell-mp1-21-11-17/SDK/sysroots/cortexa7t2hf-neon-vfpv4-ostl-linux-gnueabi/usr/include/optee/export-user_ta/lib/libmbedtls.a(platform_util.o)
 .bss           0x000000000001632c        0x0 /home/frank/TrustSQLite/stm32mp1-openstlinux-5.10-dunfell-mp1-21-11-17/SDK/sysroots/cortexa7t2hf-neon-vfpv4-ostl-linux-gnueabi/usr/include/optee/export-user_ta/lib/libutils.a(bget_malloc.o)
 .bss           0x000000000001632c        0x0 /home/frank/TrustSQLite/stm32mp1-openstlinux-5.10-dunfell-mp1-21-11-17/SDK/sysroots/cortexa7t2hf-neon-vfpv4-ostl-linux-gnueabi/usr/include/optee/export-user_ta/lib/libutils.a(snprintf.o)
 .bss           0x000000000001632c        0x0 /home/frank/TrustSQLite/stm32mp1-openstlinux-5.10-dunfell-mp1-21-11-17/SDK/sysroots/cortexa7t2hf-neon-vfpv4-ostl-linux-gnueabi/usr/include/optee/export-user_ta/lib/libutils.a(memmove.o)
 .bss           0x000000000001632c        0x0 /home/frank/TrustSQLite/stm32mp1-openstlinux-5.10-dunfell-mp1-21-11-17/SDK/sysroots/cortexa7t2hf-neon-vfpv4-ostl-linux-gnueabi/usr/include/optee/export-user_ta/lib/libutils.a(mempool.o)
 .bss           0x000000000001632c        0x0 /home/frank/TrustSQLite/stm32mp1-openstlinux-5.10-dunfell-mp1-21-11-17/SDK/sysroots/cortexa7t2hf-neon-vfpv4-ostl-linux-gnueabi/usr/include/optee/export-user_ta/lib/libutils.a(consttime_memcmp.o)
                0x0000000000016330                . = ALIGN (0x8)
 *fill*         0x000000000001632c        0x4 
                0x0000000000016330                __ftrace_buf_start = .
                0x0000000000016330                . = (. + DEFINED (__gnu_mcount_nc)?0x800:0x0)
                0x0000000000016330                __ftrace_buf_end = .

.dynbss         0x0000000000016330        0x0
 .dynbss        0x0000000000016330        0x0 ./my_test_ta.o

/DISCARD/
 *(SORT_BY_ALIGNMENT(.interp))
LOAD ./my_test_ta.o
LOAD ./user_ta_header.o
LOAD ./ta_entry_a32.o
START GROUP
LOAD /home/frank/TrustSQLite/stm32mp1-openstlinux-5.10-dunfell-mp1-21-11-17/SDK/sysroots/cortexa7t2hf-neon-vfpv4-ostl-linux-gnueabi/usr/include/optee/export-user_ta/lib/libutils.a
LOAD /home/frank/TrustSQLite/stm32mp1-openstlinux-5.10-dunfell-mp1-21-11-17/SDK/sysroots/cortexa7t2hf-neon-vfpv4-ostl-linux-gnueabi/usr/include/optee/export-user_ta/lib/libutee.a
LOAD /home/frank/TrustSQLite/stm32mp1-openstlinux-5.10-dunfell-mp1-21-11-17/SDK/sysroots/cortexa7t2hf-neon-vfpv4-ostl-linux-gnueabi/usr/include/optee/export-user_ta/lib/libmbedtls.a
LOAD /home/frank/TrustSQLite/stm32mp1-openstlinux-5.10-dunfell-mp1-21-11-17/SDK/sysroots/cortexa7t2hf-neon-vfpv4-ostl-linux-gnueabi/usr/include/optee/export-user_ta/lib/libdl.a
END GROUP
LOAD /home/frank/TrustSQLite/stm32mp1-openstlinux-5.10-dunfell-mp1-21-11-17/SDK/sysroots/cortexa7t2hf-neon-vfpv4-ostl-linux-gnueabi/usr/lib/arm-ostl-linux-gnueabi/9.3.0/libgcc.a
LOAD /home/frank/TrustSQLite/stm32mp1-openstlinux-5.10-dunfell-mp1-21-11-17/SDK/sysroots/cortexa7t2hf-neon-vfpv4-ostl-linux-gnueabi/usr/include/optee/export-user_ta/lib/libutils.a
OUTPUT(9aaaf200-2450-11e4-abe2-0002a5d5c51b.elf elf32-littlearm)
LOAD linker stubs

.debug_info     0x0000000000000000    0x16e69
 .debug_info    0x0000000000000000      0xf21 ./my_test_ta.o
 .debug_info    0x0000000000000f21      0x508 ./user_ta_header.o
 .debug_info    0x0000000000001429       0x26 ./ta_entry_a32.o
 .debug_info    0x000000000000144f      0x11e /home/frank/TrustSQLite/stm32mp1-openstlinux-5.10-dunfell-mp1-21-11-17/SDK/sysroots/cortexa7t2hf-neon-vfpv4-ostl-linux-gnueabi/usr/include/optee/export-user_ta/lib/libutils.a(memcpy.o)
 .debug_info    0x000000000000156d       0xaa /home/frank/TrustSQLite/stm32mp1-openstlinux-5.10-dunfell-mp1-21-11-17/SDK/sysroots/cortexa7t2hf-neon-vfpv4-ostl-linux-gnueabi/usr/include/optee/export-user_ta/lib/libutils.a(memset.o)
 .debug_info    0x0000000000001617      0x57a /home/frank/TrustSQLite/stm32mp1-openstlinux-5.10-dunfell-mp1-21-11-17/SDK/sysroots/cortexa7t2hf-neon-vfpv4-ostl-linux-gnueabi/usr/include/optee/export-user_ta/lib/libutils.a(trace.o)
 .debug_info    0x0000000000001b91      0x80e /home/frank/TrustSQLite/stm32mp1-openstlinux-5.10-dunfell-mp1-21-11-17/SDK/sysroots/cortexa7t2hf-neon-vfpv4-ostl-linux-gnueabi/usr/include/optee/export-user_ta/lib/libutils.a(snprintk.o)
 .debug_info    0x000000000000239f       0xda /home/frank/TrustSQLite/stm32mp1-openstlinux-5.10-dunfell-mp1-21-11-17/SDK/sysroots/cortexa7t2hf-neon-vfpv4-ostl-linux-gnueabi/usr/include/optee/export-user_ta/lib/libutils.a(memchr.o)
 .debug_info    0x0000000000002479       0x99 /home/frank/TrustSQLite/stm32mp1-openstlinux-5.10-dunfell-mp1-21-11-17/SDK/sysroots/cortexa7t2hf-neon-vfpv4-ostl-linux-gnueabi/usr/include/optee/export-user_ta/lib/libutils.a(strlen.o)
 .debug_info    0x0000000000002512       0x22 /home/frank/TrustSQLite/stm32mp1-openstlinux-5.10-dunfell-mp1-21-11-17/SDK/sysroots/cortexa7t2hf-neon-vfpv4-ostl-linux-gnueabi/usr/include/optee/export-user_ta/lib/libutils.a(arm32_aeabi_ldivmod_a32.o)
 .debug_info    0x0000000000002534      0x364 /home/frank/TrustSQLite/stm32mp1-openstlinux-5.10-dunfell-mp1-21-11-17/SDK/sysroots/cortexa7t2hf-neon-vfpv4-ostl-linux-gnueabi/usr/include/optee/export-user_ta/lib/libutils.a(arm32_aeabi_ldivmod.o)
 .debug_info    0x0000000000002898      0x30e /home/frank/TrustSQLite/stm32mp1-openstlinux-5.10-dunfell-mp1-21-11-17/SDK/sysroots/cortexa7t2hf-neon-vfpv4-ostl-linux-gnueabi/usr/include/optee/export-user_ta/lib/libutee.a(trace_ext.o)
 .debug_info    0x0000000000002ba6     0x1464 /home/frank/TrustSQLite/stm32mp1-openstlinux-5.10-dunfell-mp1-21-11-17/SDK/sysroots/cortexa7t2hf-neon-vfpv4-ostl-linux-gnueabi/usr/include/optee/export-user_ta/lib/libutee.a(tee_api.o)
 .debug_info    0x000000000000400a     0x1b37 /home/frank/TrustSQLite/stm32mp1-openstlinux-5.10-dunfell-mp1-21-11-17/SDK/sysroots/cortexa7t2hf-neon-vfpv4-ostl-linux-gnueabi/usr/include/optee/export-user_ta/lib/libutee.a(tee_api_objects.o)
 .debug_info    0x0000000000005b41     0x2e56 /home/frank/TrustSQLite/stm32mp1-openstlinux-5.10-dunfell-mp1-21-11-17/SDK/sysroots/cortexa7t2hf-neon-vfpv4-ostl-linux-gnueabi/usr/include/optee/export-user_ta/lib/libutee.a(tee_api_operations.o)
 .debug_info    0x0000000000008997      0x6fe /home/frank/TrustSQLite/stm32mp1-openstlinux-5.10-dunfell-mp1-21-11-17/SDK/sysroots/cortexa7t2hf-neon-vfpv4-ostl-linux-gnueabi/usr/include/optee/export-user_ta/lib/libutee.a(tee_api_panic.o)
 .debug_info    0x0000000000009095      0x5bb /home/frank/TrustSQLite/stm32mp1-openstlinux-5.10-dunfell-mp1-21-11-17/SDK/sysroots/cortexa7t2hf-neon-vfpv4-ostl-linux-gnueabi/usr/include/optee/export-user_ta/lib/libutee.a(tee_system_pta.o)
 .debug_info    0x0000000000009650       0x22 /home/frank/TrustSQLite/stm32mp1-openstlinux-5.10-dunfell-mp1-21-11-17/SDK/sysroots/cortexa7t2hf-neon-vfpv4-ostl-linux-gnueabi/usr/include/optee/export-user_ta/lib/libutee.a(utee_syscalls_a32.o)
 .debug_info    0x0000000000009672     0x13e7 /home/frank/TrustSQLite/stm32mp1-openstlinux-5.10-dunfell-mp1-21-11-17/SDK/sysroots/cortexa7t2hf-neon-vfpv4-ostl-linux-gnueabi/usr/include/optee/export-user_ta/lib/libutee.a(user_ta_entry.o)
 .debug_info    0x000000000000aa59      0x120 /home/frank/TrustSQLite/stm32mp1-openstlinux-5.10-dunfell-mp1-21-11-17/SDK/sysroots/cortexa7t2hf-neon-vfpv4-ostl-linux-gnueabi/usr/include/optee/export-user_ta/lib/libutee.a(abort.o)
 .debug_info    0x000000000000ab79     0x3cec /home/frank/TrustSQLite/stm32mp1-openstlinux-5.10-dunfell-mp1-21-11-17/SDK/sysroots/cortexa7t2hf-neon-vfpv4-ostl-linux-gnueabi/usr/include/optee/export-user_ta/lib/libutee.a(tee_api_arith_mpi.o)
 .debug_info    0x000000000000e865      0x7ab /home/frank/TrustSQLite/stm32mp1-openstlinux-5.10-dunfell-mp1-21-11-17/SDK/sysroots/cortexa7t2hf-neon-vfpv4-ostl-linux-gnueabi/usr/include/optee/export-user_ta/lib/libutee.a(tcb.o)
 .debug_info    0x000000000000f010      0x1cb /home/frank/TrustSQLite/stm32mp1-openstlinux-5.10-dunfell-mp1-21-11-17/SDK/sysroots/cortexa7t2hf-neon-vfpv4-ostl-linux-gnueabi/usr/include/optee/export-user_ta/lib/libutee.a(assert.o)
 .debug_info    0x000000000000f1db     0x4fc6 /home/frank/TrustSQLite/stm32mp1-openstlinux-5.10-dunfell-mp1-21-11-17/SDK/sysroots/cortexa7t2hf-neon-vfpv4-ostl-linux-gnueabi/usr/include/optee/export-user_ta/lib/libmbedtls.a(bignum.o)
 .debug_info    0x00000000000141a1      0x143 /home/frank/TrustSQLite/stm32mp1-openstlinux-5.10-dunfell-mp1-21-11-17/SDK/sysroots/cortexa7t2hf-neon-vfpv4-ostl-linux-gnueabi/usr/include/optee/export-user_ta/lib/libmbedtls.a(platform_util.o)
 .debug_info    0x00000000000142e4     0x2303 /home/frank/TrustSQLite/stm32mp1-openstlinux-5.10-dunfell-mp1-21-11-17/SDK/sysroots/cortexa7t2hf-neon-vfpv4-ostl-linux-gnueabi/usr/include/optee/export-user_ta/lib/libutils.a(bget_malloc.o)
 .debug_info    0x00000000000165e7      0x1f7 /home/frank/TrustSQLite/stm32mp1-openstlinux-5.10-dunfell-mp1-21-11-17/SDK/sysroots/cortexa7t2hf-neon-vfpv4-ostl-linux-gnueabi/usr/include/optee/export-user_ta/lib/libutils.a(snprintf.o)
 .debug_info    0x00000000000167de       0xde /home/frank/TrustSQLite/stm32mp1-openstlinux-5.10-dunfell-mp1-21-11-17/SDK/sysroots/cortexa7t2hf-neon-vfpv4-ostl-linux-gnueabi/usr/include/optee/export-user_ta/lib/libutils.a(memmove.o)
 .debug_info    0x00000000000168bc      0x498 /home/frank/TrustSQLite/stm32mp1-openstlinux-5.10-dunfell-mp1-21-11-17/SDK/sysroots/cortexa7t2hf-neon-vfpv4-ostl-linux-gnueabi/usr/include/optee/export-user_ta/lib/libutils.a(mempool.o)
 .debug_info    0x0000000000016d54      0x115 /home/frank/TrustSQLite/stm32mp1-openstlinux-5.10-dunfell-mp1-21-11-17/SDK/sysroots/cortexa7t2hf-neon-vfpv4-ostl-linux-gnueabi/usr/include/optee/export-user_ta/lib/libutils.a(consttime_memcmp.o)

.debug_abbrev   0x0000000000000000     0x3d39
 .debug_abbrev  0x0000000000000000      0x309 ./my_test_ta.o
 .debug_abbrev  0x0000000000000309      0x1e2 ./user_ta_header.o
 .debug_abbrev  0x00000000000004eb       0x14 ./ta_entry_a32.o
 .debug_abbrev  0x00000000000004ff       0xc3 /home/frank/TrustSQLite/stm32mp1-openstlinux-5.10-dunfell-mp1-21-11-17/SDK/sysroots/cortexa7t2hf-neon-vfpv4-ostl-linux-gnueabi/usr/include/optee/export-user_ta/lib/libutils.a(memcpy.o)
 .debug_abbrev  0x00000000000005c2       0xa3 /home/frank/TrustSQLite/stm32mp1-openstlinux-5.10-dunfell-mp1-21-11-17/SDK/sysroots/cortexa7t2hf-neon-vfpv4-ostl-linux-gnueabi/usr/include/optee/export-user_ta/lib/libutils.a(memset.o)
 .debug_abbrev  0x0000000000000665      0x26d /home/frank/TrustSQLite/stm32mp1-openstlinux-5.10-dunfell-mp1-21-11-17/SDK/sysroots/cortexa7t2hf-neon-vfpv4-ostl-linux-gnueabi/usr/include/optee/export-user_ta/lib/libutils.a(trace.o)
 .debug_abbrev  0x00000000000008d2      0x2a3 /home/frank/TrustSQLite/stm32mp1-openstlinux-5.10-dunfell-mp1-21-11-17/SDK/sysroots/cortexa7t2hf-neon-vfpv4-ostl-linux-gnueabi/usr/include/optee/export-user_ta/lib/libutils.a(snprintk.o)
 .debug_abbrev  0x0000000000000b75       0xb2 /home/frank/TrustSQLite/stm32mp1-openstlinux-5.10-dunfell-mp1-21-11-17/SDK/sysroots/cortexa7t2hf-neon-vfpv4-ostl-linux-gnueabi/usr/include/optee/export-user_ta/lib/libutils.a(memchr.o)
 .debug_abbrev  0x0000000000000c27       0x92 /home/frank/TrustSQLite/stm32mp1-openstlinux-5.10-dunfell-mp1-21-11-17/SDK/sysroots/cortexa7t2hf-neon-vfpv4-ostl-linux-gnueabi/usr/include/optee/export-user_ta/lib/libutils.a(strlen.o)
 .debug_abbrev  0x0000000000000cb9       0x12 /home/frank/TrustSQLite/stm32mp1-openstlinux-5.10-dunfell-mp1-21-11-17/SDK/sysroots/cortexa7t2hf-neon-vfpv4-ostl-linux-gnueabi/usr/include/optee/export-user_ta/lib/libutils.a(arm32_aeabi_ldivmod_a32.o)
 .debug_abbrev  0x0000000000000ccb      0x17e /home/frank/TrustSQLite/stm32mp1-openstlinux-5.10-dunfell-mp1-21-11-17/SDK/sysroots/cortexa7t2hf-neon-vfpv4-ostl-linux-gnueabi/usr/include/optee/export-user_ta/lib/libutils.a(arm32_aeabi_ldivmod.o)
 .debug_abbrev  0x0000000000000e49      0x1a8 /home/frank/TrustSQLite/stm32mp1-openstlinux-5.10-dunfell-mp1-21-11-17/SDK/sysroots/cortexa7t2hf-neon-vfpv4-ostl-linux-gnueabi/usr/include/optee/export-user_ta/lib/libutee.a(trace_ext.o)
 .debug_abbrev  0x0000000000000ff1      0x424 /home/frank/TrustSQLite/stm32mp1-openstlinux-5.10-dunfell-mp1-21-11-17/SDK/sysroots/cortexa7t2hf-neon-vfpv4-ostl-linux-gnueabi/usr/include/optee/export-user_ta/lib/libutee.a(tee_api.o)
 .debug_abbrev  0x0000000000001415      0x395 /home/frank/TrustSQLite/stm32mp1-openstlinux-5.10-dunfell-mp1-21-11-17/SDK/sysroots/cortexa7t2hf-neon-vfpv4-ostl-linux-gnueabi/usr/include/optee/export-user_ta/lib/libutee.a(tee_api_objects.o)
 .debug_abbrev  0x00000000000017aa      0x42c /home/frank/TrustSQLite/stm32mp1-openstlinux-5.10-dunfell-mp1-21-11-17/SDK/sysroots/cortexa7t2hf-neon-vfpv4-ostl-linux-gnueabi/usr/include/optee/export-user_ta/lib/libutee.a(tee_api_operations.o)
 .debug_abbrev  0x0000000000001bd6      0x202 /home/frank/TrustSQLite/stm32mp1-openstlinux-5.10-dunfell-mp1-21-11-17/SDK/sysroots/cortexa7t2hf-neon-vfpv4-ostl-linux-gnueabi/usr/include/optee/export-user_ta/lib/libutee.a(tee_api_panic.o)
 .debug_abbrev  0x0000000000001dd8      0x25e /home/frank/TrustSQLite/stm32mp1-openstlinux-5.10-dunfell-mp1-21-11-17/SDK/sysroots/cortexa7t2hf-neon-vfpv4-ostl-linux-gnueabi/usr/include/optee/export-user_ta/lib/libutee.a(tee_system_pta.o)
 .debug_abbrev  0x0000000000002036       0x12 /home/frank/TrustSQLite/stm32mp1-openstlinux-5.10-dunfell-mp1-21-11-17/SDK/sysroots/cortexa7t2hf-neon-vfpv4-ostl-linux-gnueabi/usr/include/optee/export-user_ta/lib/libutee.a(utee_syscalls_a32.o)
 .debug_abbrev  0x0000000000002048      0x4df /home/frank/TrustSQLite/stm32mp1-openstlinux-5.10-dunfell-mp1-21-11-17/SDK/sysroots/cortexa7t2hf-neon-vfpv4-ostl-linux-gnueabi/usr/include/optee/export-user_ta/lib/libutee.a(user_ta_entry.o)
 .debug_abbrev  0x0000000000002527       0xdb /home/frank/TrustSQLite/stm32mp1-openstlinux-5.10-dunfell-mp1-21-11-17/SDK/sysroots/cortexa7t2hf-neon-vfpv4-ostl-linux-gnueabi/usr/include/optee/export-user_ta/lib/libutee.a(abort.o)
 .debug_abbrev  0x0000000000002602      0x4ea /home/frank/TrustSQLite/stm32mp1-openstlinux-5.10-dunfell-mp1-21-11-17/SDK/sysroots/cortexa7t2hf-neon-vfpv4-ostl-linux-gnueabi/usr/include/optee/export-user_ta/lib/libutee.a(tee_api_arith_mpi.o)
 .debug_abbrev  0x0000000000002aec      0x23f /home/frank/TrustSQLite/stm32mp1-openstlinux-5.10-dunfell-mp1-21-11-17/SDK/sysroots/cortexa7t2hf-neon-vfpv4-ostl-linux-gnueabi/usr/include/optee/export-user_ta/lib/libutee.a(tcb.o)
 .debug_abbrev  0x0000000000002d2b       0xef /home/frank/TrustSQLite/stm32mp1-openstlinux-5.10-dunfell-mp1-21-11-17/SDK/sysroots/cortexa7t2hf-neon-vfpv4-ostl-linux-gnueabi/usr/include/optee/export-user_ta/lib/libutee.a(assert.o)
 .debug_abbrev  0x0000000000002e1a      0x561 /home/frank/TrustSQLite/stm32mp1-openstlinux-5.10-dunfell-mp1-21-11-17/SDK/sysroots/cortexa7t2hf-neon-vfpv4-ostl-linux-gnueabi/usr/include/optee/export-user_ta/lib/libmbedtls.a(bignum.o)
 .debug_abbrev  0x000000000000337b       0xdf /home/frank/TrustSQLite/stm32mp1-openstlinux-5.10-dunfell-mp1-21-11-17/SDK/sysroots/cortexa7t2hf-neon-vfpv4-ostl-linux-gnueabi/usr/include/optee/export-user_ta/lib/libmbedtls.a(platform_util.o)